Archive member included to satisfy reference by file (symbol)

/home/ramesh/srikanth_sir/work_folder/dlms/toolchain/gcc-arm-none-eabi-10.3-2021.10/bin/../lib/gcc/arm-none-eabi/10.3.1/thumb/v8-m.main+fp/hard/libgcc.a(_aeabi_ldivmod.o)
                              ../build/radientum_wp_v1_0_sink_app/sink_app/mcu/efr/common/vendor/em_eusart.o (__aeabi_ldivmod)
/home/ramesh/srikanth_sir/work_folder/dlms/toolchain/gcc-arm-none-eabi-10.3-2021.10/bin/../lib/gcc/arm-none-eabi/10.3.1/thumb/v8-m.main+fp/hard/libgcc.a(_aeabi_uldivmod.o)
                              ../build/radientum_wp_v1_0_sink_app/sink_app/mcu/efr/common/vendor/em_eusart.o (__aeabi_uldivmod)
/home/ramesh/srikanth_sir/work_folder/dlms/toolchain/gcc-arm-none-eabi-10.3-2021.10/bin/../lib/gcc/arm-none-eabi/10.3.1/thumb/v8-m.main+fp/hard/libgcc.a(_udivmoddi4.o)
                              /home/ramesh/srikanth_sir/work_folder/dlms/toolchain/gcc-arm-none-eabi-10.3-2021.10/bin/../lib/gcc/arm-none-eabi/10.3.1/thumb/v8-m.main+fp/hard/libgcc.a(_aeabi_ldivmod.o) (__udivmoddi4)
/home/ramesh/srikanth_sir/work_folder/dlms/toolchain/gcc-arm-none-eabi-10.3-2021.10/bin/../lib/gcc/arm-none-eabi/10.3.1/thumb/v8-m.main+fp/hard/libgcc.a(_dvmd_tls.o)
                              /home/ramesh/srikanth_sir/work_folder/dlms/toolchain/gcc-arm-none-eabi-10.3-2021.10/bin/../lib/gcc/arm-none-eabi/10.3.1/thumb/v8-m.main+fp/hard/libgcc.a(_aeabi_ldivmod.o) (__aeabi_ldiv0)
/home/ramesh/srikanth_sir/work_folder/dlms/toolchain/gcc-arm-none-eabi-10.3-2021.10/bin/../lib/gcc/arm-none-eabi/10.3.1/../../../../arm-none-eabi/lib/thumb/v8-m.main+fp/hard/libg_nano.a(lib_a-errno.o)
                              ../build/radientum_wp_v1_0_sink_app/sink_app/util/syscalls.o (__errno)
/home/ramesh/srikanth_sir/work_folder/dlms/toolchain/gcc-arm-none-eabi-10.3-2021.10/bin/../lib/gcc/arm-none-eabi/10.3.1/../../../../arm-none-eabi/lib/thumb/v8-m.main+fp/hard/libg_nano.a(lib_a-impure.o)
                              /home/ramesh/srikanth_sir/work_folder/dlms/toolchain/gcc-arm-none-eabi-10.3-2021.10/bin/../lib/gcc/arm-none-eabi/10.3.1/../../../../arm-none-eabi/lib/thumb/v8-m.main+fp/hard/libg_nano.a(lib_a-errno.o) (_impure_ptr)
/home/ramesh/srikanth_sir/work_folder/dlms/toolchain/gcc-arm-none-eabi-10.3-2021.10/bin/../lib/gcc/arm-none-eabi/10.3.1/../../../../arm-none-eabi/lib/thumb/v8-m.main+fp/hard/libg_nano.a(lib_a-memcmp.o)
                              ../build/radientum_wp_v1_0_sink_app/sink_app/libraries/dualmcu/waps/sap/msap.o (memcmp)
/home/ramesh/srikanth_sir/work_folder/dlms/toolchain/gcc-arm-none-eabi-10.3-2021.10/bin/../lib/gcc/arm-none-eabi/10.3.1/../../../../arm-none-eabi/lib/thumb/v8-m.main+fp/hard/libg_nano.a(lib_a-memcpy-stub.o)
                              ../build/radientum_wp_v1_0_sink_app/sink_app/util/tlv.o (memcpy)
/home/ramesh/srikanth_sir/work_folder/dlms/toolchain/gcc-arm-none-eabi-10.3-2021.10/bin/../lib/gcc/arm-none-eabi/10.3.1/../../../../arm-none-eabi/lib/thumb/v8-m.main+fp/hard/libg_nano.a(lib_a-memset.o)
                              ../build/radientum_wp_v1_0_sink_app/sink_app/libraries/shared_data/shared_data.o (memset)

Discarded input sections

 .text          0x0000000000000000        0x0 ../build/radientum_wp_v1_0_sink_app/sink_app/mcu/efr/efr32/hal/power.o
 .data          0x0000000000000000        0x0 ../build/radientum_wp_v1_0_sink_app/sink_app/mcu/efr/efr32/hal/power.o
 .bss           0x0000000000000000        0x0 ../build/radientum_wp_v1_0_sink_app/sink_app/mcu/efr/efr32/hal/power.o
 .text.Power_enableDCDC
                0x0000000000000000        0x4 ../build/radientum_wp_v1_0_sink_app/sink_app/mcu/efr/efr32/hal/power.o
 .debug_info    0x0000000000000000       0xa0 ../build/radientum_wp_v1_0_sink_app/sink_app/mcu/efr/efr32/hal/power.o
 .debug_abbrev  0x0000000000000000       0x65 ../build/radientum_wp_v1_0_sink_app/sink_app/mcu/efr/efr32/hal/power.o
 .debug_aranges
                0x0000000000000000       0x20 ../build/radientum_wp_v1_0_sink_app/sink_app/mcu/efr/efr32/hal/power.o
 .debug_ranges  0x0000000000000000       0x10 ../build/radientum_wp_v1_0_sink_app/sink_app/mcu/efr/efr32/hal/power.o
 .debug_line    0x0000000000000000       0x71 ../build/radientum_wp_v1_0_sink_app/sink_app/mcu/efr/efr32/hal/power.o
 .debug_str     0x0000000000000000      0x1be ../build/radientum_wp_v1_0_sink_app/sink_app/mcu/efr/efr32/hal/power.o
 .comment       0x0000000000000000       0x4a ../build/radientum_wp_v1_0_sink_app/sink_app/mcu/efr/efr32/hal/power.o
 .debug_frame   0x0000000000000000       0x20 ../build/radientum_wp_v1_0_sink_app/sink_app/mcu/efr/efr32/hal/power.o
 .ARM.attributes
                0x0000000000000000       0x38 ../build/radientum_wp_v1_0_sink_app/sink_app/mcu/efr/efr32/hal/power.o
 .text          0x0000000000000000        0x0 ../build/radientum_wp_v1_0_sink_app/sink_app/mcu/efr/efr32/hal/hal.o
 .data          0x0000000000000000        0x0 ../build/radientum_wp_v1_0_sink_app/sink_app/mcu/efr/efr32/hal/hal.o
[...]
Memory Configuration

Name             Origin             Length             Attributes
FLASH            0x0000000008044000 0x000000000000a000 xr
RAM              0x000000002000d000 0x0000000000002ff8 xrw
INVALID          0x00000000ffffffff 0x0000000000000000 xrw
*default*        0x0000000000000000 0xffffffffffffffff

Linker script and memory map

LOAD /home/ramesh/srikanth_sir/work_folder/dlms/toolchain/gcc-arm-none-eabi-10.3-2021.10/bin/../lib/gcc/arm-none-eabi/10.3.1/thumb/v8-m.main+fp/hard/libgcc.a
LOAD /home/ramesh/srikanth_sir/work_folder/dlms/toolchain/gcc-arm-none-eabi-10.3-2021.10/bin/../lib/gcc/arm-none-eabi/10.3.1/../../../../arm-none-eabi/lib/thumb/v8-m.main+fp/hard/libnosys.a
LOAD ../build/radientum_wp_v1_0_sink_app/sink_app/mcu/efr/efr32/hal/power.o
LOAD ../build/radientum_wp_v1_0_sink_app/sink_app/mcu/efr/efr32/hal/hal.o
LOAD ../build/radientum_wp_v1_0_sink_app/sink_app/mcu/efr/common/vendor/em_emu.o
LOAD ../build/radientum_wp_v1_0_sink_app/sink_app/mcu/efr/common/vendor/em_cmu.o
LOAD ../build/radientum_wp_v1_0_sink_app/sink_app/mcu/efr/common/vendor/em_core.o
LOAD ../build/radientum_wp_v1_0_sink_app/sink_app/mcu/efr/common/vendor/em_gpio.o
LOAD ../build/radientum_wp_v1_0_sink_app/sink_app/board/board_init.o
LOAD ../build/radientum_wp_v1_0_sink_app/sink_app/util/crc.o
LOAD ../build/radientum_wp_v1_0_sink_app/sink_app/util/sl_list.o
LOAD ../build/radientum_wp_v1_0_sink_app/sink_app/util/util.o
LOAD ../build/radientum_wp_v1_0_sink_app/sink_app/util/api.o
LOAD ../build/radientum_wp_v1_0_sink_app/sink_app/util/pack.o
LOAD ../build/radientum_wp_v1_0_sink_app/sink_app/util/random.o
LOAD ../build/radientum_wp_v1_0_sink_app/sink_app/util/tlv.o
LOAD ../build/radientum_wp_v1_0_sink_app/sink_app/util/syscalls.o
LOAD ../build/radientum_wp_v1_0_sink_app/sink_app/libraries/shared_data/shared_data.o
LOAD ../build/radientum_wp_v1_0_sink_app/sink_app/libraries/shared_appconfig/shared_appconfig.o
LOAD ../build/radientum_wp_v1_0_sink_app/sink_app/libraries/stack_state/stack_state.o
LOAD ../build/radientum_wp_v1_0_sink_app/sink_app/libraries/scheduler/app_scheduler.o
LOAD ../build/radientum_wp_v1_0_sink_app/sink_app/libraries/dualmcu/dualmcu_lib.o
LOAD ../build/radientum_wp_v1_0_sink_app/sink_app/libraries/dualmcu/waps/comm/uart/waps_uart.o
LOAD ../build/radientum_wp_v1_0_sink_app/sink_app/libraries/dualmcu/waps/comm/uart/waps_uart_power.o
LOAD ../build/radientum_wp_v1_0_sink_app/sink_app/libraries/dualmcu/waps/protocol/waps_protocol.o
LOAD ../build/radientum_wp_v1_0_sink_app/sink_app/libraries/dualmcu/waps/protocol/uart/waps_uart_protocol.o
LOAD ../build/radientum_wp_v1_0_sink_app/sink_app/libraries/dualmcu/waps/waps.o
LOAD ../build/radientum_wp_v1_0_sink_app/sink_app/libraries/dualmcu/waps/waps_item.o
LOAD ../build/radientum_wp_v1_0_sink_app/sink_app/libraries/dualmcu/waps/waddr.o
LOAD ../build/radientum_wp_v1_0_sink_app/sink_app/libraries/dualmcu/waps/sap/function_codes.o
LOAD ../build/radientum_wp_v1_0_sink_app/sink_app/libraries/dualmcu/waps/sap/csap.o
LOAD ../build/radientum_wp_v1_0_sink_app/sink_app/libraries/dualmcu/waps/sap/dsap.o
LOAD ../build/radientum_wp_v1_0_sink_app/sink_app/libraries/dualmcu/waps/sap/msap.o
LOAD ../build/radientum_wp_v1_0_sink_app/sink_app/libraries/dualmcu/waps/sap/lock_bits.o
LOAD ../build/radientum_wp_v1_0_sink_app/sink_app/libraries/dualmcu/waps/sap/persistent.o
LOAD ../build/radientum_wp_v1_0_sink_app/sink_app/libraries/dualmcu/waps/sap/multicast.o
LOAD ../build/radientum_wp_v1_0_sink_app/sink_app/libraries/dualmcu/drivers/indication_signal.o
LOAD ../build/radientum_wp_v1_0_sink_app/sink_app/libraries/dualmcu/drivers/uart_wakeup.o
LOAD ../build/radientum_wp_v1_0_sink_app/sink_app/libraries/libraries_init.o
LOAD ../build/radientum_wp_v1_0_sink_app/sink_app/mcu/hal_api/hal_init.o
LOAD ../build/radientum_wp_v1_0_sink_app/sink_app/mcu/efr/efr32/hal/gpio.o
LOAD ../build/radientum_wp_v1_0_sink_app/sink_app/mcu/efr/efr32/hal/usart/eusart.o
LOAD ../build/radientum_wp_v1_0_sink_app/sink_app/mcu/efr/common/vendor/em_eusart.o
LOAD ../build/radientum_wp_v1_0_sink_app/sink_app/mcu/efr/common/vendor/efr32fg23/Source/system_efr32fg23.o
LOAD ../build/radientum_wp_v1_0_sink_app/sink_app/mcu/common/start.o
LOAD ../build/radientum_wp_v1_0_sink_app/sink_app/mcu/common/ds.o
LOAD ../build/radientum_wp_v1_0_sink_app/sink_app/mcu/common/gpio_weak.o
LOAD ../build/radientum_wp_v1_0_sink_app/sink_app/../sink_app/app.o
LOAD ../build/radientum_wp_v1_0_sink_app/sink_app/mcu/common/entrypoint.o
                0x0000000000000001                ASSERT ((ORIGIN (RAM) >= 0x2000c000), RAM origin is too low)
                0x0000000000000001                ASSERT ((LENGTH (RAM) <= 0x4000), RAM area is too big)
                0x0000000000000001                ASSERT (((ORIGIN (RAM) + LENGTH (RAM)) == 0x2000fff8), RAM end is wrong)

.text           0x0000000008044000     0x4c30
                0x0000000008044000                __text_start__ = .
 *(.entrypoint)
 .entrypoint    0x0000000008044000       0x30 ../build/radientum_wp_v1_0_sink_app/sink_app/mcu/common/entrypoint.o
 *(.app_header)
 .app_header    0x0000000008044030       0x20 ../build/radientum_wp_v1_0_sink_app/sink_app/mcu/common/start.o
                0x0000000008044030                app_header
 *(.text.*)
 .text.EMU_EFPEM01VScale
                0x0000000008044050        0x2 ../build/radientum_wp_v1_0_sink_app/sink_app/mcu/efr/common/vendor/em_emu.o
                0x0000000008044050                EMU_EFPEM01VScale
 *fill*         0x0000000008044052        0x2 
 .text.EMU_VScaleEM01
                0x0000000008044054       0x80 ../build/radientum_wp_v1_0_sink_app/sink_app/mcu/efr/common/vendor/em_emu.o
                0x0000000008044054                EMU_VScaleEM01
 .text.EMU_VScaleEM01ByClock
                0x00000000080440d4       0x30 ../build/radientum_wp_v1_0_sink_app/sink_app/mcu/efr/common/vendor/em_emu.o
                0x00000000080440d4                EMU_VScaleEM01ByClock
 .text.EMU_VScaleGet
                0x0000000008044104       0x16 ../build/radientum_wp_v1_0_sink_app/sink_app/mcu/efr/common/vendor/em_cmu.o
 *fill*         0x000000000804411a        0x2 
 .text.em01GrpaClkGet
                0x000000000804411c       0x64 ../build/radientum_wp_v1_0_sink_app/sink_app/mcu/efr/common/vendor/em_cmu.o
 .text.em01GrpcClkGet
                0x0000000008044180       0x50 ../build/radientum_wp_v1_0_sink_app/sink_app/mcu/efr/common/vendor/em_cmu.o
 .text.iadcClkGet
                0x00000000080441d0       0x54 ../build/radientum_wp_v1_0_sink_app/sink_app/mcu/efr/common/vendor/em_cmu.o
 .text.eusart0ClkGet
                0x0000000008044224       0x60 ../build/radientum_wp_v1_0_sink_app/sink_app/mcu/efr/common/vendor/em_cmu.o
 .text.em23GrpaClkGet
                0x0000000008044284       0x48 ../build/radientum_wp_v1_0_sink_app/sink_app/mcu/efr/common/vendor/em_cmu.o
 .text.vdac0ClkGet
                0x00000000080442cc       0x64 ../build/radientum_wp_v1_0_sink_app/sink_app/mcu/efr/common/vendor/em_cmu.o
 .text.wdog0ClkGet
                0x0000000008044330       0x54 ../build/radientum_wp_v1_0_sink_app/sink_app/mcu/efr/common/vendor/em_cmu.o
 .text.wdog1ClkGet
                0x0000000008044384       0x54 ../build/radientum_wp_v1_0_sink_app/sink_app/mcu/efr/common/vendor/em_cmu.o
 .text.sysrtcClkGet
                0x00000000080443d8       0x48 ../build/radientum_wp_v1_0_sink_app/sink_app/mcu/efr/common/vendor/em_cmu.o
 .text.lcdClkGet
                0x0000000008044420       0x48 ../build/radientum_wp_v1_0_sink_app/sink_app/mcu/efr/common/vendor/em_cmu.o
 .text.em4GrpaClkGet
                0x0000000008044468       0x48 ../build/radientum_wp_v1_0_sink_app/sink_app/mcu/efr/common/vendor/em_cmu.o
 .text.CMU_ClockDivGet
                0x00000000080444b0       0x54 ../build/radientum_wp_v1_0_sink_app/sink_app/mcu/efr/common/vendor/em_cmu.o
                0x00000000080444b0                CMU_ClockDivGet
 .text.flashWaitStateControl
                0x0000000008044504       0x4c ../build/radientum_wp_v1_0_sink_app/sink_app/mcu/efr/common/vendor/em_cmu.o
 .text.waitStateMax
                0x0000000008044550       0x10 ../build/radientum_wp_v1_0_sink_app/sink_app/mcu/efr/common/vendor/em_cmu.o
 .text.CMU_ClockEnable
                0x0000000008044560       0x38 ../build/radientum_wp_v1_0_sink_app/sink_app/mcu/efr/common/vendor/em_cmu.o
                0x0000000008044560                CMU_ClockEnable
 .text.CMU_ClockFreqGet
                0x0000000008044598      0x27c ../build/radientum_wp_v1_0_sink_app/sink_app/mcu/efr/common/vendor/em_cmu.o
                0x0000000008044598                CMU_ClockFreqGet
 .text.rhclkPrescOptimize
                0x0000000008044814       0x20 ../build/radientum_wp_v1_0_sink_app/sink_app/mcu/efr/common/vendor/em_cmu.o
 .text.CMU_UpdateWaitStates
                0x0000000008044834        0xc ../build/radientum_wp_v1_0_sink_app/sink_app/mcu/efr/common/vendor/em_cmu.o
                0x0000000008044834                CMU_UpdateWaitStates
 .text.CMU_ClockDivSet
                0x0000000008044840       0xac ../build/radientum_wp_v1_0_sink_app/sink_app/mcu/efr/common/vendor/em_cmu.o
                0x0000000008044840                CMU_ClockDivSet
 .text.pclkDivMax
                0x00000000080448ec        0xa ../build/radientum_wp_v1_0_sink_app/sink_app/mcu/efr/common/vendor/em_cmu.o
 *fill*         0x00000000080448f6        0x2 
 .text.pclkDivOptimize
                0x00000000080448f8       0x24 ../build/radientum_wp_v1_0_sink_app/sink_app/mcu/efr/common/vendor/em_cmu.o
 .text.CMU_ClockSelectSet
                0x000000000804491c      0x48c ../build/radientum_wp_v1_0_sink_app/sink_app/mcu/efr/common/vendor/em_cmu.o
                0x000000000804491c                CMU_ClockSelectSet
 .text.CORE_EnterCritical
                0x0000000008044da8        0x8 ../build/radientum_wp_v1_0_sink_app/sink_app/mcu/efr/common/vendor/em_core.o
                0x0000000008044da8                CORE_EnterCritical
 .text.CORE_ExitCritical
                0x0000000008044db0        0x6 ../build/radientum_wp_v1_0_sink_app/sink_app/mcu/efr/common/vendor/em_core.o
                0x0000000008044db0                CORE_ExitCritical
 .text.BUS_RegMaskedWrite
                0x0000000008044db6       0x22 ../build/radientum_wp_v1_0_sink_app/sink_app/mcu/efr/common/vendor/em_gpio.o
 .text.GPIO_ExtIntConfig
                0x0000000008044dd8       0xb0 ../build/radientum_wp_v1_0_sink_app/sink_app/mcu/efr/common/vendor/em_gpio.o
                0x0000000008044dd8                GPIO_ExtIntConfig
 .text.GPIO_PinModeSet
                0x0000000008044e88       0x84 ../build/radientum_wp_v1_0_sink_app/sink_app/mcu/efr/common/vendor/em_gpio.o
                0x0000000008044e88                GPIO_PinModeSet
 .text.Board_init
                0x0000000008044f0c        0xc ../build/radientum_wp_v1_0_sink_app/sink_app/board/board_init.o
                0x0000000008044f0c                Board_init
 .text.Crc_addByte
                0x0000000008044f18       0x18 ../build/radientum_wp_v1_0_sink_app/sink_app/util/crc.o
                0x0000000008044f18                Crc_addByte
 .text.Crc_fromBuffer
                0x0000000008044f30       0x2c ../build/radientum_wp_v1_0_sink_app/sink_app/util/crc.o
                0x0000000008044f30                Crc_fromBuffer
 .text.sl_list_init
                0x0000000008044f5c        0xa ../build/radientum_wp_v1_0_sink_app/sink_app/util/sl_list.o
                0x0000000008044f5c                sl_list_init
 .text.sl_list_next
                0x0000000008044f66        0x4 ../build/radientum_wp_v1_0_sink_app/sink_app/util/sl_list.o
                0x0000000008044f66                sl_list_next
 .text.sl_list_push_back
                0x0000000008044f6a       0x1a ../build/radientum_wp_v1_0_sink_app/sink_app/util/sl_list.o
                0x0000000008044f6a                sl_list_push_back
 .text.sl_list_push_front
                0x0000000008044f84       0x14 ../build/radientum_wp_v1_0_sink_app/sink_app/util/sl_list.o
                0x0000000008044f84                sl_list_push_front
 .text.sl_list_pop_front
                0x0000000008044f98       0x1a ../build/radientum_wp_v1_0_sink_app/sink_app/util/sl_list.o
                0x0000000008044f98                sl_list_pop_front
 .text.sl_list_remove
                0x0000000008044fb2       0x2a ../build/radientum_wp_v1_0_sink_app/sink_app/util/sl_list.o
                0x0000000008044fb2                sl_list_remove
 .text.sl_list_contains
                0x0000000008044fdc        0xe ../build/radientum_wp_v1_0_sink_app/sink_app/util/sl_list.o
                0x0000000008044fdc                sl_list_contains
 .text.Util_isLtUint32
                0x0000000008044fea        0x6 ../build/radientum_wp_v1_0_sink_app/sink_app/util/util.o
                0x0000000008044fea                Util_isLtUint32
 .text.open_lib_with_fallback
                0x0000000008044ff0       0x3c ../build/radientum_wp_v1_0_sink_app/sink_app/util/api.o
 .text.API_Open
                0x000000000804502c      0x138 ../build/radientum_wp_v1_0_sink_app/sink_app/util/api.o
                0x000000000804502c                API_Open
 .text.Tlv_init
                0x0000000008045164        0xa ../build/radientum_wp_v1_0_sink_app/sink_app/util/tlv.o
                0x0000000008045164                Tlv_init
 .text.Tlv_Decode_getNextItem
                0x000000000804516e       0x5a ../build/radientum_wp_v1_0_sink_app/sink_app/util/tlv.o
                0x000000000804516e                Tlv_Decode_getNextItem
 .text.sent_cb  0x00000000080451c8       0x28 ../build/radientum_wp_v1_0_sink_app/sink_app/libraries/shared_data/shared_data.o
 .text.Shared_Data_init
                0x00000000080451f0       0x64 ../build/radientum_wp_v1_0_sink_app/sink_app/libraries/shared_data/shared_data.o
                0x00000000080451f0                Shared_Data_init
 .text.Shared_Data_addDataReceivedCb
                0x0000000008045254       0x78 ../build/radientum_wp_v1_0_sink_app/sink_app/libraries/shared_data/shared_data.o
                0x0000000008045254                Shared_Data_addDataReceivedCb
 .text.Shared_Data_removeDataReceivedCb
                0x00000000080452cc       0x4c ../build/radientum_wp_v1_0_sink_app/sink_app/libraries/shared_data/shared_data.o
                0x00000000080452cc                Shared_Data_removeDataReceivedCb
 .text.delete_marked_items
                0x0000000008045318       0x4c ../build/radientum_wp_v1_0_sink_app/sink_app/libraries/shared_data/shared_data.o
 .text.group_query_cb
                0x0000000008045364       0x38 ../build/radientum_wp_v1_0_sink_app/sink_app/libraries/shared_data/shared_data.o
 .text.received_cb
                0x000000000804539c       0xb0 ../build/radientum_wp_v1_0_sink_app/sink_app/libraries/shared_data/shared_data.o
 .text.enable_reception_if_needed
                0x000000000804544c       0x44 ../build/radientum_wp_v1_0_sink_app/sink_app/libraries/shared_data/shared_data.o
 .text.Shared_Data_readyToReceive
                0x0000000008045490       0x12 ../build/radientum_wp_v1_0_sink_app/sink_app/libraries/shared_data/shared_data.o
                0x0000000008045490                Shared_Data_readyToReceive
 *fill*         0x00000000080454a2        0x2 
 .text.Shared_Data_sendData
                0x00000000080454a4       0xac ../build/radientum_wp_v1_0_sink_app/sink_app/libraries/shared_data/shared_data.o
                0x00000000080454a4                Shared_Data_sendData
 .text.dispatch_to_modules
                0x0000000008045550       0x42 ../build/radientum_wp_v1_0_sink_app/sink_app/libraries/shared_appconfig/shared_appconfig.o
 .text.inform_other_modules
                0x0000000008045592       0x2a ../build/radientum_wp_v1_0_sink_app/sink_app/libraries/shared_appconfig/shared_appconfig.o
 .text.inform_filters
                0x00000000080455bc       0x88 ../build/radientum_wp_v1_0_sink_app/sink_app/libraries/shared_appconfig/shared_appconfig.o
 .text.new_app_config_cb
                0x0000000008045644       0x48 ../build/radientum_wp_v1_0_sink_app/sink_app/libraries/shared_appconfig/shared_appconfig.o
 .text.Shared_Appconfig_init
                0x000000000804568c       0x30 ../build/radientum_wp_v1_0_sink_app/sink_app/libraries/shared_appconfig/shared_appconfig.o
                0x000000000804568c                Shared_Appconfig_init
 .text.Shared_Appconfig_addFilter
                0x00000000080456bc       0x8c ../build/radientum_wp_v1_0_sink_app/sink_app/libraries/shared_appconfig/shared_appconfig.o
                0x00000000080456bc                Shared_Appconfig_addFilter
 .text.Shared_Appconfig_setAppConfig
                0x0000000008045748       0x44 ../build/radientum_wp_v1_0_sink_app/sink_app/libraries/shared_appconfig/shared_appconfig.o
                0x0000000008045748                Shared_Appconfig_setAppConfig
 .text.onStackEventCb
                0x000000000804578c       0x54 ../build/radientum_wp_v1_0_sink_app/sink_app/libraries/stack_state/stack_state.o
 .text.Stack_State_init
                0x00000000080457e0       0x34 ../build/radientum_wp_v1_0_sink_app/sink_app/libraries/stack_state/stack_state.o
                0x00000000080457e0                Stack_State_init
 .text.Stack_State_startStack
                0x0000000008045814       0x1c ../build/radientum_wp_v1_0_sink_app/sink_app/libraries/stack_state/stack_state.o
                0x0000000008045814                Stack_State_startStack
 .text.Stack_State_stopStack
                0x0000000008045830       0x1c ../build/radientum_wp_v1_0_sink_app/sink_app/libraries/stack_state/stack_state.o
                0x0000000008045830                Stack_State_stopStack
 .text.Stack_State_isStarted
                0x000000000804584c       0x18 ../build/radientum_wp_v1_0_sink_app/sink_app/libraries/stack_state/stack_state.o
                0x000000000804584c                Stack_State_isStarted
 .text.Stack_State_addEventCb
                0x0000000008045864       0x6c ../build/radientum_wp_v1_0_sink_app/sink_app/libraries/stack_state/stack_state.o
                0x0000000008045864                Stack_State_addEventCb
 .text.get_delay_from_now_us
                0x00000000080458d0       0x68 ../build/radientum_wp_v1_0_sink_app/sink_app/libraries/scheduler/app_scheduler.o
 .text.is_timestamp_before
                0x0000000008045938       0x44 ../build/radientum_wp_v1_0_sink_app/sink_app/libraries/scheduler/app_scheduler.o
 .text.get_timestamp
                0x000000000804597c       0x68 ../build/radientum_wp_v1_0_sink_app/sink_app/libraries/scheduler/app_scheduler.o
 .text.periodic_work
                0x00000000080459e4      0x10c ../build/radientum_wp_v1_0_sink_app/sink_app/libraries/scheduler/app_scheduler.o
 .text.App_Scheduler_init
                0x0000000008045af0       0x54 ../build/radientum_wp_v1_0_sink_app/sink_app/libraries/scheduler/app_scheduler.o
                0x0000000008045af0                App_Scheduler_init
 .text.App_Scheduler_addTask_execTime
                0x0000000008045b44      0x110 ../build/radientum_wp_v1_0_sink_app/sink_app/libraries/scheduler/app_scheduler.o
                0x0000000008045b44                App_Scheduler_addTask_execTime
 .text.Dualmcu_lib_init
                0x0000000008045c54        0xe ../build/radientum_wp_v1_0_sink_app/sink_app/libraries/dualmcu/dualmcu_lib.o
                0x0000000008045c54                Dualmcu_lib_init
 *fill*         0x0000000008045c62        0x2 
 .text.write_tx_buffer
                0x0000000008045c64       0x20 ../build/radientum_wp_v1_0_sink_app/sink_app/libraries/dualmcu/waps/comm/uart/waps_uart.o
 .text.write_rx_buffer
                0x0000000008045c84       0x30 ../build/radientum_wp_v1_0_sink_app/sink_app/libraries/dualmcu/waps/comm/uart/waps_uart.o
 .text.slip_put
                0x0000000008045cb4       0x22 ../build/radientum_wp_v1_0_sink_app/sink_app/libraries/dualmcu/waps/comm/uart/waps_uart.o
 *fill*         0x0000000008045cd6        0x2 
 .text.waps_uart_receive
                0x0000000008045cd8      0x124 ../build/radientum_wp_v1_0_sink_app/sink_app/libraries/dualmcu/waps/comm/uart/waps_uart.o
 .text.Waps_uart_powerReset
                0x0000000008045dfc       0x1c ../build/radientum_wp_v1_0_sink_app/sink_app/libraries/dualmcu/waps/comm/uart/waps_uart.o
                0x0000000008045dfc                Waps_uart_powerReset
 .text.Waps_uart_init
                0x0000000008045e18       0x60 ../build/radientum_wp_v1_0_sink_app/sink_app/libraries/dualmcu/waps/comm/uart/waps_uart.o
                0x0000000008045e18                Waps_uart_init
 .text.Waps_uart_send
                0x0000000008045e78       0x68 ../build/radientum_wp_v1_0_sink_app/sink_app/libraries/dualmcu/waps/comm/uart/waps_uart.o
                0x0000000008045e78                Waps_uart_send
 .text.Waps_uart_flush
                0x0000000008045ee0        0x4 ../build/radientum_wp_v1_0_sink_app/sink_app/libraries/dualmcu/waps/comm/uart/waps_uart.o
                0x0000000008045ee0                Waps_uart_flush
 .text.Waps_uart_setIrq
                0x0000000008045ee4        0xa ../build/radientum_wp_v1_0_sink_app/sink_app/libraries/dualmcu/waps/comm/uart/waps_uart.o
                0x0000000008045ee4                Waps_uart_setIrq
 *fill*         0x0000000008045eee        0x2 
 .text.Waps_uart_clean
                0x0000000008045ef0       0x18 ../build/radientum_wp_v1_0_sink_app/sink_app/libraries/dualmcu/waps/comm/uart/waps_uart.o
                0x0000000008045ef0                Waps_uart_clean
 .text.shutdown_uart
                0x0000000008045f08       0x34 ../build/radientum_wp_v1_0_sink_app/sink_app/libraries/dualmcu/waps/comm/uart/waps_uart_power.o
 .text.uart_gpio_isr
                0x0000000008045f3c       0x40 ../build/radientum_wp_v1_0_sink_app/sink_app/libraries/dualmcu/waps/comm/uart/waps_uart_power.o
 .text.Waps_uart_AutoPowerOff
                0x0000000008045f7c       0x34 ../build/radientum_wp_v1_0_sink_app/sink_app/libraries/dualmcu/waps/comm/uart/waps_uart_power.o
                0x0000000008045f7c                Waps_uart_AutoPowerOff
 .text.Waps_uart_keepPowerOn
                0x0000000008045fb0       0x1c ../build/radientum_wp_v1_0_sink_app/sink_app/libraries/dualmcu/waps/comm/uart/waps_uart_power.o
                0x0000000008045fb0                Waps_uart_keepPowerOn
 .text.Waps_uart_powerOff
                0x0000000008045fcc       0x1c ../build/radientum_wp_v1_0_sink_app/sink_app/libraries/dualmcu/waps/comm/uart/waps_uart_power.o
                0x0000000008045fcc                Waps_uart_powerOff
 .text.frame_receive
                0x0000000008045fe8       0x50 ../build/radientum_wp_v1_0_sink_app/sink_app/libraries/dualmcu/waps/protocol/waps_protocol.o
 .text.Waps_prot_init
                0x0000000008046038       0x60 ../build/radientum_wp_v1_0_sink_app/sink_app/libraries/dualmcu/waps/protocol/waps_protocol.o
                0x0000000008046038                Waps_prot_init
 .text.Waps_prot_hasIndication
                0x0000000008046098       0x10 ../build/radientum_wp_v1_0_sink_app/sink_app/libraries/dualmcu/waps/protocol/waps_protocol.o
                0x0000000008046098                Waps_prot_hasIndication
 .text.Waps_prot_updateIrqPin
                0x00000000080460a8       0x20 ../build/radientum_wp_v1_0_sink_app/sink_app/libraries/dualmcu/waps/protocol/waps_protocol.o
                0x00000000080460a8                Waps_prot_updateIrqPin
 .text.prot_send_item
                0x00000000080460c8       0x38 ../build/radientum_wp_v1_0_sink_app/sink_app/libraries/dualmcu/waps/protocol/waps_protocol.o
                0x00000000080460c8                prot_send_item
 .text.send_indication
                0x0000000008046100       0x60 ../build/radientum_wp_v1_0_sink_app/sink_app/libraries/dualmcu/waps/protocol/uart/waps_uart_protocol.o
 .text.Waps_protUart_processResponse
                0x0000000008046160       0x4c ../build/radientum_wp_v1_0_sink_app/sink_app/libraries/dualmcu/waps/protocol/uart/waps_uart_protocol.o
                0x0000000008046160                Waps_protUart_processResponse
 .text.Waps_protUart_sendReply
                0x00000000080461ac       0x38 ../build/radientum_wp_v1_0_sink_app/sink_app/libraries/dualmcu/waps/protocol/uart/waps_uart_protocol.o
                0x00000000080461ac                Waps_protUart_sendReply
 .text.Waps_protUart_frameRemoved
                0x00000000080461e4        0x2 ../build/radientum_wp_v1_0_sink_app/sink_app/libraries/dualmcu/waps/protocol/uart/waps_uart_protocol.o
                0x00000000080461e4                Waps_protUart_frameRemoved
 *fill*         0x00000000080461e6        0x2 
 .text.is_indication_too_old
                0x00000000080461e8       0x40 ../build/radientum_wp_v1_0_sink_app/sink_app/libraries/dualmcu/waps/waps.o
 .text.Waps_init_completed_for_deep_sleep
                0x0000000008046228        0xe ../build/radientum_wp_v1_0_sink_app/sink_app/libraries/dualmcu/waps/waps.o
 *fill*         0x0000000008046236        0x2 
 .text.find_indication
                0x0000000008046238       0x18 ../build/radientum_wp_v1_0_sink_app/sink_app/libraries/dualmcu/waps/waps.o
 .text.garbage_collect_old_indication_task
                0x0000000008046250       0x70 ../build/radientum_wp_v1_0_sink_app/sink_app/libraries/dualmcu/waps/waps.o
 .text.item_free_threshold_cb
                0x00000000080462c0        0xc ../build/radientum_wp_v1_0_sink_app/sink_app/libraries/dualmcu/waps/waps.o
 .text.Waps_exec
                0x00000000080462cc       0xb0 ../build/radientum_wp_v1_0_sink_app/sink_app/libraries/dualmcu/waps/waps.o
 .text.add_indication
                0x000000000804637c       0x1c ../build/radientum_wp_v1_0_sink_app/sink_app/libraries/dualmcu/waps/waps.o
 .text.data_cb  0x0000000008046398       0x4c ../build/radientum_wp_v1_0_sink_app/sink_app/libraries/dualmcu/waps/waps.o
 .text.app_config_received_cb
                0x00000000080463e4       0x50 ../build/radientum_wp_v1_0_sink_app/sink_app/libraries/dualmcu/waps/waps.o
 .text.on_scanned_nbors_cb
                0x0000000008046434       0x34 ../build/radientum_wp_v1_0_sink_app/sink_app/libraries/dualmcu/waps/waps.o
 .text.Waps_init
                0x0000000008046468      0x108 ../build/radientum_wp_v1_0_sink_app/sink_app/libraries/dualmcu/waps/waps.o
                0x0000000008046468                Waps_init
 .text.Waps_packetSent
                0x0000000008046570       0x48 ../build/radientum_wp_v1_0_sink_app/sink_app/libraries/dualmcu/waps/waps.o
                0x0000000008046570                Waps_packetSent
 .text.queued_indications
                0x00000000080465b8       0x10 ../build/radientum_wp_v1_0_sink_app/sink_app/libraries/dualmcu/waps/waps.o
                0x00000000080465b8                queued_indications
 .text.wakeup_task
                0x00000000080465c8       0x38 ../build/radientum_wp_v1_0_sink_app/sink_app/libraries/dualmcu/waps/waps.o
                0x00000000080465c8                wakeup_task
 .text.receive_request
                0x0000000008046600       0x2c ../build/radientum_wp_v1_0_sink_app/sink_app/libraries/dualmcu/waps/waps.o
 .text.get_num_channels
                0x000000000804662c        0xc ../build/radientum_wp_v1_0_sink_app/sink_app/libraries/dualmcu/waps/waps.o
                0x000000000804662c                get_num_channels
 .text.Waps_itemInit
                0x0000000008046638       0xa0 ../build/radientum_wp_v1_0_sink_app/sink_app/libraries/dualmcu/waps/waps_item.o
                0x0000000008046638                Waps_itemInit
 .text.Waps_itemReserve
                0x00000000080466d8       0x34 ../build/radientum_wp_v1_0_sink_app/sink_app/libraries/dualmcu/waps/waps_item.o
                0x00000000080466d8                Waps_itemReserve
 .text.Waps_itemFree
                0x000000000804670c       0x48 ../build/radientum_wp_v1_0_sink_app/sink_app/libraries/dualmcu/waps/waps_item.o
                0x000000000804670c                Waps_itemFree
 .text.Waddr_to_Addr
                0x0000000008046754        0xe ../build/radientum_wp_v1_0_sink_app/sink_app/libraries/dualmcu/waps/waddr.o
                0x0000000008046754                Waddr_to_Addr
 .text.Addr_to_Waddr
                0x0000000008046762        0x2 ../build/radientum_wp_v1_0_sink_app/sink_app/libraries/dualmcu/waps/waddr.o
                0x0000000008046762                Addr_to_Waddr
 .text.find     0x0000000008046764       0x18 ../build/radientum_wp_v1_0_sink_app/sink_app/libraries/dualmcu/waps/sap/function_codes.o
 .text.WapsFunc_isDsapRequest
                0x000000000804677c       0x10 ../build/radientum_wp_v1_0_sink_app/sink_app/libraries/dualmcu/waps/sap/function_codes.o
                0x000000000804677c                WapsFunc_isDsapRequest
 .text.WapsFunc_isMsapRequest
                0x000000000804678c       0x10 ../build/radientum_wp_v1_0_sink_app/sink_app/libraries/dualmcu/waps/sap/function_codes.o
                0x000000000804678c                WapsFunc_isMsapRequest
 .text.WapsFunc_isCsapRequest
                0x000000000804679c       0x10 ../build/radientum_wp_v1_0_sink_app/sink_app/libraries/dualmcu/waps/sap/function_codes.o
                0x000000000804679c                WapsFunc_isCsapRequest
 .text.WapsFunc_isResponse
                0x00000000080467ac       0x10 ../build/radientum_wp_v1_0_sink_app/sink_app/libraries/dualmcu/waps/sap/function_codes.o
                0x00000000080467ac                WapsFunc_isResponse
 .text.Csap_handleFrame
                0x00000000080467bc      0x490 ../build/radientum_wp_v1_0_sink_app/sink_app/libraries/dualmcu/waps/sap/csap.o
                0x00000000080467bc                Csap_handleFrame
 .text.get_singlemcu_flag_from_dualmcu_tx_option
                0x0000000008046c4c       0x1a ../build/radientum_wp_v1_0_sink_app/sink_app/libraries/dualmcu/waps/sap/dsap.o
 *fill*         0x0000000008046c66        0x2 
 .text.update_packet_delay
                0x0000000008046c68       0x34 ../build/radientum_wp_v1_0_sink_app/sink_app/libraries/dualmcu/waps/sap/dsap.o
 .text.dataSentCb
                0x0000000008046c9c       0x1c ../build/radientum_wp_v1_0_sink_app/sink_app/libraries/dualmcu/waps/sap/dsap.o
 .text.Dsap_handleFrame
                0x0000000008046cb8      0x1a8 ../build/radientum_wp_v1_0_sink_app/sink_app/libraries/dualmcu/waps/sap/dsap.o
                0x0000000008046cb8                Dsap_handleFrame
 .text.Dsap_packetSent
                0x0000000008046e60       0x36 ../build/radientum_wp_v1_0_sink_app/sink_app/libraries/dualmcu/waps/sap/dsap.o
                0x0000000008046e60                Dsap_packetSent
 *fill*         0x0000000008046e96        0x2 
 .text.Dsap_packetReceived
                0x0000000008046e98       0xd0 ../build/radientum_wp_v1_0_sink_app/sink_app/libraries/dualmcu/waps/sap/dsap.o
                0x0000000008046e98                Dsap_packetReceived
 .text.appLibState2SappStackState
                0x0000000008046f68       0x38 ../build/radientum_wp_v1_0_sink_app/sink_app/libraries/dualmcu/waps/sap/msap.o
 .text.updateTime
                0x0000000008046fa0       0x18 ../build/radientum_wp_v1_0_sink_app/sink_app/libraries/dualmcu/waps/sap/msap.o
 .text.reboot_callback
                0x0000000008046fb8       0x14 ../build/radientum_wp_v1_0_sink_app/sink_app/libraries/dualmcu/waps/sap/msap.o
 .text.updateIndicationCount
                0x0000000008046fcc       0x1a ../build/radientum_wp_v1_0_sink_app/sink_app/libraries/dualmcu/waps/sap/msap.o
 *fill*         0x0000000008046fe6        0x2 
 .text.Msap_handleFrame
                0x0000000008046fe8      0x86c ../build/radientum_wp_v1_0_sink_app/sink_app/libraries/dualmcu/waps/sap/msap.o
                0x0000000008046fe8                Msap_handleFrame
 .text.Msap_getStackStatusIndication
                0x0000000008047854       0x34 ../build/radientum_wp_v1_0_sink_app/sink_app/libraries/dualmcu/waps/sap/msap.o
                0x0000000008047854                Msap_getStackStatusIndication
 .text.Msap_handleAppConfig
                0x0000000008047888       0x38 ../build/radientum_wp_v1_0_sink_app/sink_app/libraries/dualmcu/waps/sap/msap.o
                0x0000000008047888                Msap_handleAppConfig
 .text.Msap_onScannedNbors
                0x00000000080478c0       0x18 ../build/radientum_wp_v1_0_sink_app/sink_app/libraries/dualmcu/waps/sap/msap.o
                0x00000000080478c0                Msap_onScannedNbors
 .text.LockBits_isKeySet
                0x00000000080478d8       0x18 ../build/radientum_wp_v1_0_sink_app/sink_app/libraries/dualmcu/waps/sap/lock_bits.o
                0x00000000080478d8                LockBits_isKeySet
 .text.LockBits_isFeaturePermitted
                0x00000000080478f0       0x34 ../build/radientum_wp_v1_0_sink_app/sink_app/libraries/dualmcu/waps/sap/lock_bits.o
                0x00000000080478f0                LockBits_isFeaturePermitted
 .text.update_image
                0x0000000008047924       0x14 ../build/radientum_wp_v1_0_sink_app/sink_app/libraries/dualmcu/waps/sap/persistent.o
 .text.write_image
                0x0000000008047938       0x14 ../build/radientum_wp_v1_0_sink_app/sink_app/libraries/dualmcu/waps/sap/persistent.o
 .text.Persistent_init
                0x000000000804794c       0x20 ../build/radientum_wp_v1_0_sink_app/sink_app/libraries/dualmcu/waps/sap/persistent.o
                0x000000000804794c                Persistent_init
 .text.Persistent_getAutostart
                0x000000000804796c       0x18 ../build/radientum_wp_v1_0_sink_app/sink_app/libraries/dualmcu/waps/sap/persistent.o
                0x000000000804796c                Persistent_getAutostart
 .text.Persistent_setAutostart
                0x0000000008047984       0x24 ../build/radientum_wp_v1_0_sink_app/sink_app/libraries/dualmcu/waps/sap/persistent.o
                0x0000000008047984                Persistent_setAutostart
 .text.Persistent_getGroups
                0x00000000080479a8       0x28 ../build/radientum_wp_v1_0_sink_app/sink_app/libraries/dualmcu/waps/sap/persistent.o
                0x00000000080479a8                Persistent_getGroups
 .text.Persistent_setGroups
                0x00000000080479d0       0x30 ../build/radientum_wp_v1_0_sink_app/sink_app/libraries/dualmcu/waps/sap/persistent.o
                0x00000000080479d0                Persistent_setGroups
 .text.Multicast_isGroupCb
                0x0000000008047a00       0x3c ../build/radientum_wp_v1_0_sink_app/sink_app/libraries/dualmcu/waps/sap/multicast.o
                0x0000000008047a00                Multicast_isGroupCb
 .text.Multicast_setGroups
                0x0000000008047a3c       0x2c ../build/radientum_wp_v1_0_sink_app/sink_app/libraries/dualmcu/waps/sap/multicast.o
                0x0000000008047a3c                Multicast_setGroups
 .text.Multicast_getGroups
                0x0000000008047a68       0x34 ../build/radientum_wp_v1_0_sink_app/sink_app/libraries/dualmcu/waps/sap/multicast.o
                0x0000000008047a68                Multicast_getGroups
 .text.IndicationSignal_enable
                0x0000000008047a9c        0x2 ../build/radientum_wp_v1_0_sink_app/sink_app/libraries/dualmcu/drivers/indication_signal.o
                0x0000000008047a9c                IndicationSignal_enable
 .text.IndicationSignal_set
                0x0000000008047a9e        0x2 ../build/radientum_wp_v1_0_sink_app/sink_app/libraries/dualmcu/drivers/indication_signal.o
                0x0000000008047a9e                IndicationSignal_set
 .text.IndicationSignal_clear
                0x0000000008047aa0        0x2 ../build/radientum_wp_v1_0_sink_app/sink_app/libraries/dualmcu/drivers/indication_signal.o
                0x0000000008047aa0                IndicationSignal_clear
 .text.UartWakeup_enable
                0x0000000008047aa2       0x22 ../build/radientum_wp_v1_0_sink_app/sink_app/libraries/dualmcu/drivers/uart_wakeup.o
                0x0000000008047aa2                UartWakeup_enable
 .text.UartWakeup_disable
                0x0000000008047ac4       0x24 ../build/radientum_wp_v1_0_sink_app/sink_app/libraries/dualmcu/drivers/uart_wakeup.o
                0x0000000008047ac4                UartWakeup_disable
 .text.Libraries_init
                0x0000000008047ae8       0x16 ../build/radientum_wp_v1_0_sink_app/sink_app/libraries/libraries_init.o
                0x0000000008047ae8                Libraries_init
 .text.Hal_init
                0x0000000008047afe        0x4 ../build/radientum_wp_v1_0_sink_app/sink_app/mcu/hal_api/hal_init.o
                0x0000000008047afe                Hal_init
 *fill*         0x0000000008047b02        0x2 
 .text.Gpio_getPin
                0x0000000008047b04       0x28 ../build/radientum_wp_v1_0_sink_app/sink_app/mcu/efr/efr32/hal/gpio.o
                0x0000000008047b04                Gpio_getPin
 .text.input_set_cfg_mode
                0x0000000008047b2c       0x44 ../build/radientum_wp_v1_0_sink_app/sink_app/mcu/efr/efr32/hal/gpio.o
 .text.Gpio_init
                0x0000000008047b70      0x10c ../build/radientum_wp_v1_0_sink_app/sink_app/mcu/efr/efr32/hal/gpio.o
                0x0000000008047b70                Gpio_init
 .text.Gpio_inputSetCfg
                0x0000000008047c7c      0x114 ../build/radientum_wp_v1_0_sink_app/sink_app/mcu/efr/efr32/hal/gpio.o
                0x0000000008047c7c                Gpio_inputSetCfg
 .text.Gpio_inputRead
                0x0000000008047d90       0x60 ../build/radientum_wp_v1_0_sink_app/sink_app/mcu/efr/efr32/hal/gpio.o
                0x0000000008047d90                Gpio_inputRead
 .text.gpio_event_handle
                0x0000000008047df0       0x8c ../build/radientum_wp_v1_0_sink_app/sink_app/mcu/efr/efr32/hal/gpio.o
 .text.EUSART_RX_IRQHandler
                0x0000000008047e7c       0x40 ../build/radientum_wp_v1_0_sink_app/sink_app/mcu/efr/efr32/hal/usart/eusart.o
                0x0000000008047e7c                EUSART_RX_IRQHandler
 .text.Usart_init
                0x0000000008047ebc      0x124 ../build/radientum_wp_v1_0_sink_app/sink_app/mcu/efr/efr32/hal/usart/eusart.o
                0x0000000008047ebc                Usart_init
 .text.Usart_setEnabled
                0x0000000008047fe0       0x88 ../build/radientum_wp_v1_0_sink_app/sink_app/mcu/efr/efr32/hal/usart/eusart.o
                0x0000000008047fe0                Usart_setEnabled
 .text.EUSART_TX_IRQHandler
                0x0000000008048068       0x74 ../build/radientum_wp_v1_0_sink_app/sink_app/mcu/efr/efr32/hal/usart/eusart.o
                0x0000000008048068                EUSART_TX_IRQHandler
 .text.Usart_receiverOn
                0x00000000080480dc        0xc ../build/radientum_wp_v1_0_sink_app/sink_app/mcu/efr/efr32/hal/usart/eusart.o
                0x00000000080480dc                Usart_receiverOn
 .text.Usart_receiverOff
                0x00000000080480e8        0xc ../build/radientum_wp_v1_0_sink_app/sink_app/mcu/efr/efr32/hal/usart/eusart.o
                0x00000000080480e8                Usart_receiverOff
 .text.Usart_sendBuffer
                0x00000000080480f4       0xb4 ../build/radientum_wp_v1_0_sink_app/sink_app/mcu/efr/efr32/hal/usart/eusart.o
                0x00000000080480f4                Usart_sendBuffer
 .text.Usart_enableReceiver
                0x00000000080481a8       0xa8 ../build/radientum_wp_v1_0_sink_app/sink_app/mcu/efr/efr32/hal/usart/eusart.o
                0x00000000080481a8                Usart_enableReceiver
 .text.Usart_flush
                0x0000000008048250       0x24 ../build/radientum_wp_v1_0_sink_app/sink_app/mcu/efr/efr32/hal/usart/eusart.o
                0x0000000008048250                Usart_flush
 .text.eusart_sync
                0x0000000008048274        0x8 ../build/radientum_wp_v1_0_sink_app/sink_app/mcu/efr/common/vendor/em_eusart.o
 .text.EUSART_Disable
                0x000000000804827c       0x34 ../build/radientum_wp_v1_0_sink_app/sink_app/mcu/efr/common/vendor/em_eusart.o
 .text.EUSART_Enable.part.0
                0x00000000080482b0       0x3a ../build/radientum_wp_v1_0_sink_app/sink_app/mcu/efr/common/vendor/em_eusart.o
 *fill*         0x00000000080482ea        0x2 
 .text.EUSART_Reset
                0x00000000080482ec       0x50 ../build/radientum_wp_v1_0_sink_app/sink_app/mcu/efr/common/vendor/em_eusart.o
                0x00000000080482ec                EUSART_Reset
 .text.EUSART_Enable
                0x000000000804833c        0xa ../build/radientum_wp_v1_0_sink_app/sink_app/mcu/efr/common/vendor/em_eusart.o
                0x000000000804833c                EUSART_Enable
 .text.EUSART_Tx
                0x0000000008048346        0xa ../build/radientum_wp_v1_0_sink_app/sink_app/mcu/efr/common/vendor/em_eusart.o
                0x0000000008048346                EUSART_Tx
 .text.EUSART_BaudrateSet
                0x0000000008048350       0xf4 ../build/radientum_wp_v1_0_sink_app/sink_app/mcu/efr/common/vendor/em_eusart.o
                0x0000000008048350                EUSART_BaudrateSet
 .text.EUSART_AsyncInitCommon.constprop.0
                0x0000000008048444      0x1b8 ../build/radientum_wp_v1_0_sink_app/sink_app/mcu/efr/common/vendor/em_eusart.o
 .text.EUSART_UartInitHf
                0x00000000080485fc        0x6 ../build/radientum_wp_v1_0_sink_app/sink_app/mcu/efr/common/vendor/em_eusart.o
                0x00000000080485fc                EUSART_UartInitHf
 *fill*         0x0000000008048602        0x2 
 .text.SystemHFRCODPLLClockGet
                0x0000000008048604        0xc ../build/radientum_wp_v1_0_sink_app/sink_app/mcu/efr/common/vendor/efr32fg23/Source/system_efr32fg23.o
                0x0000000008048604                SystemHFRCODPLLClockGet
 .text.SystemSYSCLKGet
                0x0000000008048610       0x34 ../build/radientum_wp_v1_0_sink_app/sink_app/mcu/efr/common/vendor/efr32fg23/Source/system_efr32fg23.o
                0x0000000008048610                SystemSYSCLKGet
 .text.SystemHCLKGet
                0x0000000008048644       0x24 ../build/radientum_wp_v1_0_sink_app/sink_app/mcu/efr/common/vendor/efr32fg23/Source/system_efr32fg23.o
                0x0000000008048644                SystemHCLKGet
 .text.SystemMaxCoreClockGet
                0x0000000008048668        0x8 ../build/radientum_wp_v1_0_sink_app/sink_app/mcu/efr/common/vendor/efr32fg23/Source/system_efr32fg23.o
                0x0000000008048668                SystemMaxCoreClockGet
 .text.SystemHFXOClockGet
                0x0000000008048670        0xc ../build/radientum_wp_v1_0_sink_app/sink_app/mcu/efr/common/vendor/efr32fg23/Source/system_efr32fg23.o
                0x0000000008048670                SystemHFXOClockGet
 .text.SystemFSRCOClockGet
                0x000000000804867c        0x8 ../build/radientum_wp_v1_0_sink_app/sink_app/mcu/efr/common/vendor/efr32fg23/Source/system_efr32fg23.o
                0x000000000804867c                SystemFSRCOClockGet
 .text.SystemHFRCOEM23ClockGet
                0x0000000008048684       0x84 ../build/radientum_wp_v1_0_sink_app/sink_app/mcu/efr/common/vendor/efr32fg23/Source/system_efr32fg23.o
                0x0000000008048684                SystemHFRCOEM23ClockGet
 .text.SystemLFRCOClockGet
                0x0000000008048708        0x6 ../build/radientum_wp_v1_0_sink_app/sink_app/mcu/efr/common/vendor/efr32fg23/Source/system_efr32fg23.o
                0x0000000008048708                SystemLFRCOClockGet
 .text.SystemULFRCOClockGet
                0x000000000804870e        0x6 ../build/radientum_wp_v1_0_sink_app/sink_app/mcu/efr/common/vendor/efr32fg23/Source/system_efr32fg23.o
                0x000000000804870e                SystemULFRCOClockGet
 .text.SystemLFXOClockGet
                0x0000000008048714        0xc ../build/radientum_wp_v1_0_sink_app/sink_app/mcu/efr/common/vendor/efr32fg23/Source/system_efr32fg23.o
                0x0000000008048714                SystemLFXOClockGet
 .text._start   0x0000000008048720       0x64 ../build/radientum_wp_v1_0_sink_app/sink_app/mcu/common/start.o
                0x0000000008048720                _start
 .text.DS_Enable
                0x0000000008048784       0x3c ../build/radientum_wp_v1_0_sink_app/sink_app/mcu/common/ds.o
                0x0000000008048784                DS_Enable
 .text.DS_Disable
                0x00000000080487c0       0x38 ../build/radientum_wp_v1_0_sink_app/sink_app/mcu/common/ds.o
                0x00000000080487c0                DS_Disable
 .text.onStackStarted
                0x00000000080487f8       0x34 ../build/radientum_wp_v1_0_sink_app/sink_app/../sink_app/app.o
 .text.App_init
                0x000000000804882c       0xa4 ../build/radientum_wp_v1_0_sink_app/sink_app/../sink_app/app.o
                0x000000000804882c                App_init
 .text.memcmp   0x00000000080488d0       0x20 /home/ramesh/srikanth_sir/work_folder/dlms/toolchain/gcc-arm-none-eabi-10.3-2021.10/bin/../lib/gcc/arm-none-eabi/10.3.1/../../../../arm-none-eabi/lib/thumb/v8-m.main+fp/hard/libg_nano.a(lib_a-memcmp.o)
                0x00000000080488d0                memcmp
 .text.memcpy   0x00000000080488f0       0x1a /home/ramesh/srikanth_sir/work_folder/dlms/toolchain/gcc-arm-none-eabi-10.3-2021.10/bin/../lib/gcc/arm-none-eabi/10.3.1/../../../../arm-none-eabi/lib/thumb/v8-m.main+fp/hard/libg_nano.a(lib_a-memcpy-stub.o)
                0x00000000080488f0                memcpy
 .text.memset   0x000000000804890a       0x10 /home/ramesh/srikanth_sir/work_folder/dlms/toolchain/gcc-arm-none-eabi-10.3-2021.10/bin/../lib/gcc/arm-none-eabi/10.3.1/../../../../arm-none-eabi/lib/thumb/v8-m.main+fp/hard/libg_nano.a(lib_a-memset.o)
                0x000000000804890a                memset
 *(.text)
 *(.glue_7)
 .glue_7        0x000000000804891a        0x0 linker stubs
 *(.glue_7t)
 .glue_7t       0x000000000804891a        0x0 linker stubs
 *(.vfp11_veneer)
 .vfp11_veneer  0x000000000804891a        0x0 linker stubs
 *(.v4_bx)
 .v4_bx         0x000000000804891a        0x0 linker stubs
 *(.rodata.*)
 .rodata.CSWTCH.78
                0x000000000804891a        0xe ../build/radientum_wp_v1_0_sink_app/sink_app/mcu/efr/common/vendor/em_cmu.o
 .rodata.CSWTCH.79
                0x0000000008048928        0x6 ../build/radientum_wp_v1_0_sink_app/sink_app/mcu/efr/common/vendor/em_cmu.o
 .rodata.CSWTCH.80
                0x000000000804892e        0x3 ../build/radientum_wp_v1_0_sink_app/sink_app/mcu/efr/common/vendor/em_cmu.o
 .rodata.CSWTCH.82
                0x0000000008048931        0x6 ../build/radientum_wp_v1_0_sink_app/sink_app/mcu/efr/common/vendor/em_cmu.o
 .rodata.CSWTCH.84
                0x0000000008048937        0x7 ../build/radientum_wp_v1_0_sink_app/sink_app/mcu/efr/common/vendor/em_cmu.o
 .rodata.CSWTCH.85
                0x000000000804893e        0xb ../build/radientum_wp_v1_0_sink_app/sink_app/mcu/efr/common/vendor/em_cmu.o
 .rodata.CSWTCH.86
                0x0000000008048949        0x6 ../build/radientum_wp_v1_0_sink_app/sink_app/mcu/efr/common/vendor/em_cmu.o
 .rodata.CSWTCH.89
                0x000000000804894f        0xf ../build/radientum_wp_v1_0_sink_app/sink_app/mcu/efr/common/vendor/em_cmu.o
 .rodata.crc_ccitt_lut
                0x000000000804895e      0x200 ../build/radientum_wp_v1_0_sink_app/sink_app/util/crc.o
 .rodata.m_csap_req
                0x0000000008048b5e        0x3 ../build/radientum_wp_v1_0_sink_app/sink_app/libraries/dualmcu/waps/sap/function_codes.o
 .rodata.m_dsap_req
                0x0000000008048b61        0x3 ../build/radientum_wp_v1_0_sink_app/sink_app/libraries/dualmcu/waps/sap/function_codes.o
 .rodata.m_msap_req
                0x0000000008048b64       0x19 ../build/radientum_wp_v1_0_sink_app/sink_app/libraries/dualmcu/waps/sap/function_codes.o
 .rodata.m_rsp  0x0000000008048b7d        0x9 ../build/radientum_wp_v1_0_sink_app/sink_app/libraries/dualmcu/waps/sap/function_codes.o
 .rodata.CSWTCH.48
                0x0000000008048b86        0x9 ../build/radientum_wp_v1_0_sink_app/sink_app/libraries/dualmcu/waps/sap/csap.o
 .rodata.m_attr_size_lut
                0x0000000008048b8f       0x19 ../build/radientum_wp_v1_0_sink_app/sink_app/libraries/dualmcu/waps/sap/csap.o
 .rodata.CSWTCH.67
                0x0000000008048ba8        0x5 ../build/radientum_wp_v1_0_sink_app/sink_app/libraries/dualmcu/waps/sap/msap.o
 .rodata.CSWTCH.69
                0x0000000008048bad        0x9 ../build/radientum_wp_v1_0_sink_app/sink_app/libraries/dualmcu/waps/sap/msap.o
 .rodata.CSWTCH.76
                0x0000000008048bb6        0x7 ../build/radientum_wp_v1_0_sink_app/sink_app/libraries/dualmcu/waps/sap/msap.o
 .rodata.CSWTCH.78
                0x0000000008048bbd        0x6 ../build/radientum_wp_v1_0_sink_app/sink_app/libraries/dualmcu/waps/sap/msap.o
 .rodata.m_attr_size_lut
                0x0000000008048bc3        0xe ../build/radientum_wp_v1_0_sink_app/sink_app/libraries/dualmcu/waps/sap/msap.o
 .rodata.CSWTCH.103
                0x0000000008048bd1        0x3 ../build/radientum_wp_v1_0_sink_app/sink_app/mcu/efr/efr32/hal/gpio.o
 .rodata.m_id_to_pin_map
                0x0000000008048bd4        0x6 ../build/radientum_wp_v1_0_sink_app/sink_app/mcu/efr/efr32/hal/gpio.o
 .rodata.authen_key
                0x0000000008048bda       0x10 ../build/radientum_wp_v1_0_sink_app/sink_app/mcu/common/start.o
 .rodata.cipher_key
                0x0000000008048bea       0x10 ../build/radientum_wp_v1_0_sink_app/sink_app/mcu/common/start.o
 .rodata.sink1_reserved_channels
                0x0000000008048bfa        0x2 ../build/radientum_wp_v1_0_sink_app/sink_app/../sink_app/app.o
 .rodata.sink2_reserved_channels
                0x0000000008048bfc        0x2 ../build/radientum_wp_v1_0_sink_app/sink_app/../sink_app/app.o
 *(.rodata)
 *fill*         0x0000000008048bfe        0x2 
 .rodata        0x0000000008048c00       0x10 ../build/radientum_wp_v1_0_sink_app/sink_app/libraries/dualmcu/waps/waps.o
 .rodata        0x0000000008048c10       0x20 ../build/radientum_wp_v1_0_sink_app/sink_app/mcu/efr/efr32/hal/usart/eusart.o
 *(.rodata1)
                0x0000000008048c30                . = ALIGN (0x8)
                0x0000000008048c30                __text_end__ = .
                0x0000000008048c30                __data_src_start__ = .

.rtt            0x000000002000d000        0x0
 *(.rtt_cb_section)
                0x000000002000d000                . = ALIGN (0x8)

.data           0x000000002000d000       0x38 load address 0x0000000008048c30
                0x000000002000d000                __data_start__ = .
 *(.ramtext)
 *(.data.*)
 .data.m_waps_data_filter
                0x000000002000d000       0x18 ../build/radientum_wp_v1_0_sink_app/sink_app/libraries/dualmcu/waps/waps.o
 .data.SystemCoreClock
                0x000000002000d018        0x4 ../build/radientum_wp_v1_0_sink_app/sink_app/mcu/efr/common/vendor/efr32fg23/Source/system_efr32fg23.o
                0x000000002000d018                SystemCoreClock
 .data.SystemHFRCODPLLClock
                0x000000002000d01c        0x4 ../build/radientum_wp_v1_0_sink_app/sink_app/mcu/efr/common/vendor/efr32fg23/Source/system_efr32fg23.o
 .data.SystemHFXOClock
                0x000000002000d020        0x4 ../build/radientum_wp_v1_0_sink_app/sink_app/mcu/efr/common/vendor/efr32fg23/Source/system_efr32fg23.o
 .data.SystemLFXOClock
                0x000000002000d024        0x4 ../build/radientum_wp_v1_0_sink_app/sink_app/mcu/efr/common/vendor/efr32fg23/Source/system_efr32fg23.o
 .data.authen_key_p
                0x000000002000d028        0x4 ../build/radientum_wp_v1_0_sink_app/sink_app/mcu/common/start.o
                0x000000002000d028                authen_key_p
 .data.cipher_key_p
                0x000000002000d02c        0x4 ../build/radientum_wp_v1_0_sink_app/sink_app/mcu/common/start.o
                0x000000002000d02c                cipher_key_p
 .data.m_used_app_ram_end
                0x000000002000d030        0x4 ../build/radientum_wp_v1_0_sink_app/sink_app/mcu/common/start.o
                0x000000002000d030                m_used_app_ram_end
 *(.data)
 *(.data1)
                0x000000002000d038                . = ALIGN (0x8)
 *fill*         0x000000002000d034        0x4 
                0x000000002000d038                __data_end__ = .
                0x0000000008048c68                __rom_end__ = (__data_src_start__ + SIZEOF (.data))
                0x0000000000004c68                __total_size_bytes__ = (__rom_end__ - __text_start__)

.bss            0x000000002000d038      0x8f0 load address 0x0000000008048c68
                0x000000002000d038                __bss_start__ = .
 *(.bss.*)
 .bss.vScaleEM01Config
                0x000000002000d038        0x1 ../build/radientum_wp_v1_0_sink_app/sink_app/mcu/efr/common/vendor/em_emu.o
 *fill*         0x000000002000d039        0x3 
 .bss.global_func
                0x000000002000d03c        0x4 ../build/radientum_wp_v1_0_sink_app/sink_app/util/api.o
                0x000000002000d03c                global_func
 .bss.lib_data  0x000000002000d040        0x4 ../build/radientum_wp_v1_0_sink_app/sink_app/util/api.o
                0x000000002000d040                lib_data
 .bss.lib_hw    0x000000002000d044        0x4 ../build/radientum_wp_v1_0_sink_app/sink_app/util/api.o
                0x000000002000d044                lib_hw
 .bss.lib_memory_area
                0x000000002000d048        0x4 ../build/radientum_wp_v1_0_sink_app/sink_app/util/api.o
                0x000000002000d048                lib_memory_area
 .bss.lib_otap  0x000000002000d04c        0x4 ../build/radientum_wp_v1_0_sink_app/sink_app/util/api.o
                0x000000002000d04c                lib_otap
 .bss.lib_radio_cfg
                0x000000002000d050        0x4 ../build/radientum_wp_v1_0_sink_app/sink_app/util/api.o
                0x000000002000d050                lib_radio_cfg
 .bss.lib_settings
                0x000000002000d054        0x4 ../build/radientum_wp_v1_0_sink_app/sink_app/util/api.o
                0x000000002000d054                lib_settings
 .bss.lib_state
                0x000000002000d058        0x4 ../build/radientum_wp_v1_0_sink_app/sink_app/util/api.o
                0x000000002000d058                lib_state
 .bss.lib_storage
                0x000000002000d05c        0x4 ../build/radientum_wp_v1_0_sink_app/sink_app/util/api.o
                0x000000002000d05c                lib_storage
 .bss.lib_system
                0x000000002000d060        0x4 ../build/radientum_wp_v1_0_sink_app/sink_app/util/api.o
                0x000000002000d060                lib_system
 .bss.lib_time  0x000000002000d064        0x4 ../build/radientum_wp_v1_0_sink_app/sink_app/util/api.o
                0x000000002000d064                lib_time
 .bss.m_initialized
                0x000000002000d068        0x1 ../build/radientum_wp_v1_0_sink_app/sink_app/libraries/shared_data/shared_data.o
 .bss.m_iterating_list
                0x000000002000d069        0x1 ../build/radientum_wp_v1_0_sink_app/sink_app/libraries/shared_data/shared_data.o
 *fill*         0x000000002000d06a        0x2 
 .bss.m_shared_data_head
                0x000000002000d06c        0xc ../build/radientum_wp_v1_0_sink_app/sink_app/libraries/shared_data/shared_data.o
 .bss.m_tracked_packets
                0x000000002000d078       0x80 ../build/radientum_wp_v1_0_sink_app/sink_app/libraries/shared_data/shared_data.o
 .bss.m_filter  0x000000002000d0f8        0xc ../build/radientum_wp_v1_0_sink_app/sink_app/libraries/shared_appconfig/shared_appconfig.o
 .bss.m_initialized
                0x000000002000d104        0x1 ../build/radientum_wp_v1_0_sink_app/sink_app/libraries/shared_appconfig/shared_appconfig.o
 .bss.m_initialized
                0x000000002000d105        0x1 ../build/radientum_wp_v1_0_sink_app/sink_app/libraries/stack_state/stack_state.o
 *fill*         0x000000002000d106        0x2 
 .bss.m_stack_state_cbs
                0x000000002000d108       0x10 ../build/radientum_wp_v1_0_sink_app/sink_app/libraries/stack_state/stack_state.o
 .bss.m_force_reschedule
                0x000000002000d118        0x1 ../build/radientum_wp_v1_0_sink_app/sink_app/libraries/scheduler/app_scheduler.o
 .bss.m_initialized
                0x000000002000d119        0x1 ../build/radientum_wp_v1_0_sink_app/sink_app/libraries/scheduler/app_scheduler.o
 *fill*         0x000000002000d11a        0x2 
 .bss.m_max_time_ms
                0x000000002000d11c        0x4 ../build/radientum_wp_v1_0_sink_app/sink_app/libraries/scheduler/app_scheduler.o
 .bss.m_next_task_p
                0x000000002000d120        0x4 ../build/radientum_wp_v1_0_sink_app/sink_app/libraries/scheduler/app_scheduler.o
 .bss.m_tasks   0x000000002000d124       0x50 ../build/radientum_wp_v1_0_sink_app/sink_app/libraries/scheduler/app_scheduler.o
 .bss.m_escaped
                0x000000002000d174        0x1 ../build/radientum_wp_v1_0_sink_app/sink_app/libraries/dualmcu/waps/comm/uart/waps_uart.o
 *fill*         0x000000002000d175        0x3 
 .bss.m_frame_cb
                0x000000002000d178        0x4 ../build/radientum_wp_v1_0_sink_app/sink_app/libraries/dualmcu/waps/comm/uart/waps_uart.o
 .bss.m_rx_buffer
                0x000000002000d17c        0x4 ../build/radientum_wp_v1_0_sink_app/sink_app/libraries/dualmcu/waps/comm/uart/waps_uart.o
 .bss.m_rx_buffer_idx
                0x000000002000d180        0x4 ../build/radientum_wp_v1_0_sink_app/sink_app/libraries/dualmcu/waps/comm/uart/waps_uart.o
 .bss.m_rx_crc  0x000000002000d184        0x2 ../build/radientum_wp_v1_0_sink_app/sink_app/libraries/dualmcu/waps/comm/uart/waps_uart.o
 *fill*         0x000000002000d186        0x2 
 .bss.m_tx_buffer
                0x000000002000d188        0x4 ../build/radientum_wp_v1_0_sink_app/sink_app/libraries/dualmcu/waps/comm/uart/waps_uart.o
 .bss.m_tx_buffer_idx
                0x000000002000d18c        0x4 ../build/radientum_wp_v1_0_sink_app/sink_app/libraries/dualmcu/waps/comm/uart/waps_uart.o
 .bss.m_autopower_enabled
                0x000000002000d190        0x1 ../build/radientum_wp_v1_0_sink_app/sink_app/libraries/dualmcu/waps/comm/uart/waps_uart_power.o
 .bss.m_power_on
                0x000000002000d191        0x1 ../build/radientum_wp_v1_0_sink_app/sink_app/libraries/dualmcu/waps/comm/uart/waps_uart_power.o
 *fill*         0x000000002000d192        0x2 
 .bss.m_upper_cb
                0x000000002000d194        0x4 ../build/radientum_wp_v1_0_sink_app/sink_app/libraries/dualmcu/waps/protocol/waps_protocol.o
                0x000000002000d194                m_upper_cb
 .bss.m_waps_rx_buffer
                0x000000002000d198       0x82 ../build/radientum_wp_v1_0_sink_app/sink_app/libraries/dualmcu/waps/protocol/waps_protocol.o
 .bss.m_waps_tx_buffer
                0x000000002000d21a      0x102 ../build/radientum_wp_v1_0_sink_app/sink_app/libraries/dualmcu/waps/protocol/waps_protocol.o
 .bss.prot_indication
                0x000000002000d31c        0x4 ../build/radientum_wp_v1_0_sink_app/sink_app/libraries/dualmcu/waps/protocol/waps_protocol.o
                0x000000002000d31c                prot_indication
 .bss.prot_reply
                0x000000002000d320        0x4 ../build/radientum_wp_v1_0_sink_app/sink_app/libraries/dualmcu/waps/protocol/waps_protocol.o
                0x000000002000d320                prot_reply
 .bss.prot_seq  0x000000002000d324        0x1 ../build/radientum_wp_v1_0_sink_app/sink_app/libraries/dualmcu/waps/protocol/waps_protocol.o
                0x000000002000d324                prot_seq
 *fill*         0x000000002000d325        0x3 
 .bss.waps_prot
                0x000000002000d328       0x18 ../build/radientum_wp_v1_0_sink_app/sink_app/libraries/dualmcu/waps/protocol/waps_protocol.o
                0x000000002000d328                waps_prot
 .bss.m_signal  0x000000002000d340        0x4 ../build/radientum_wp_v1_0_sink_app/sink_app/libraries/dualmcu/waps/waps.o
 .bss.num_channels
                0x000000002000d344        0x1 ../build/radientum_wp_v1_0_sink_app/sink_app/libraries/dualmcu/waps/waps.o
 *fill*         0x000000002000d345        0x3 
 .bss.waps_ind_queue
                0x000000002000d348        0xc ../build/radientum_wp_v1_0_sink_app/sink_app/libraries/dualmcu/waps/waps.o
                0x000000002000d348                waps_ind_queue
 .bss.waps_reply_queue
                0x000000002000d354        0xc ../build/radientum_wp_v1_0_sink_app/sink_app/libraries/dualmcu/waps/waps.o
                0x000000002000d354                waps_reply_queue
 .bss.waps_request_queue
                0x000000002000d360        0xc ../build/radientum_wp_v1_0_sink_app/sink_app/libraries/dualmcu/waps/waps.o
                0x000000002000d360                waps_request_queue
 .bss.free_items
                0x000000002000d36c        0xc ../build/radientum_wp_v1_0_sink_app/sink_app/libraries/dualmcu/waps/waps_item.o
 .bss.m_free_waps_items
                0x000000002000d378        0x4 ../build/radientum_wp_v1_0_sink_app/sink_app/libraries/dualmcu/waps/waps_item.o
 .bss.m_threshold_cb
                0x000000002000d37c        0x4 ../build/radientum_wp_v1_0_sink_app/sink_app/libraries/dualmcu/waps/waps_item.o
 .bss.waps_item_bank
                0x000000002000d380      0x360 ../build/radientum_wp_v1_0_sink_app/sink_app/libraries/dualmcu/waps/waps_item.o
 .bss.m_persistent_image
                0x000000002000d6e0       0x1f ../build/radientum_wp_v1_0_sink_app/sink_app/libraries/dualmcu/waps/sap/persistent.o
 .bss.m_id_to_cfg_map
                0x000000002000d6ff        0x3 ../build/radientum_wp_v1_0_sink_app/sink_app/mcu/efr/efr32/hal/gpio.o
 *fill*         0x000000002000d702        0x2 
 .bss.m_id_to_event_cb_map
                0x000000002000d704        0xc ../build/radientum_wp_v1_0_sink_app/sink_app/mcu/efr/efr32/hal/gpio.o
 .bss.m_initialized
                0x000000002000d710        0x1 ../build/radientum_wp_v1_0_sink_app/sink_app/mcu/efr/efr32/hal/gpio.o
 *fill*         0x000000002000d711        0x3 
 .bss.m_enabled
                0x000000002000d714        0x4 ../build/radientum_wp_v1_0_sink_app/sink_app/mcu/efr/efr32/hal/usart/eusart.o
 .bss.m_rx_callback
                0x000000002000d718        0x4 ../build/radientum_wp_v1_0_sink_app/sink_app/mcu/efr/efr32/hal/usart/eusart.o
 .bss.m_tx_active
                0x000000002000d71c        0x1 ../build/radientum_wp_v1_0_sink_app/sink_app/mcu/efr/efr32/hal/usart/eusart.o
 *fill*         0x000000002000d71d        0x1 
 .bss.m_usart_tx_buffer
                0x000000002000d71e      0x204 ../build/radientum_wp_v1_0_sink_app/sink_app/mcu/efr/efr32/hal/usart/eusart.o
 *fill*         0x000000002000d922        0x2 
 .bss.m_sleep_mask
                0x000000002000d924        0x4 ../build/radientum_wp_v1_0_sink_app/sink_app/mcu/common/ds.o
 *(.bss)
 *(COMMON)
                0x000000002000d928                . = ALIGN (0x8)
                0x000000002000d928                __bss_end__ = .
                0x000000002000d000                __ram_start__ = ORIGIN (RAM)
                0x000000002000fff8                __ram_end__ = (ORIGIN (RAM) + LENGTH (RAM))

.invalid        0x0000000100000000        0x0
 *(.init)
 *(.fini)
 *(.preinit_array)
 *(.init_array)
 *(.fini_array)
 *(.ctors)
 *(.dtors)
 *(.jcr)
 *(.eh_frame)
 *(.eh_frame_hdr)
 *(.heap*)
 *(.tbss)
 *(.tdata)
 *(.tdata1)
 *(.got)
 *(.got.plt)
 *(.igot.plt)
 .igot.plt      0x0000000100000000        0x0 ../build/radientum_wp_v1_0_sink_app/sink_app/mcu/efr/common/vendor/em_emu.o
 *(.iplt)
 .iplt          0x0000000100000000        0x0 ../build/radientum_wp_v1_0_sink_app/sink_app/mcu/efr/common/vendor/em_emu.o
 *(.rel.dyn)
 *(.rel.iplt)
 .rel.iplt      0x0000000100000000        0x0 ../build/radientum_wp_v1_0_sink_app/sink_app/mcu/efr/common/vendor/em_emu.o

/DISCARD/
 *(.ARM.extab)
 *(.ARM.exidx)
START GROUP
LOAD /home/ramesh/srikanth_sir/work_folder/dlms/toolchain/gcc-arm-none-eabi-10.3-2021.10/bin/../lib/gcc/arm-none-eabi/10.3.1/thumb/v8-m.main+fp/hard/libgcc.a
LOAD /home/ramesh/srikanth_sir/work_folder/dlms/toolchain/gcc-arm-none-eabi-10.3-2021.10/bin/../lib/gcc/arm-none-eabi/10.3.1/../../../../arm-none-eabi/lib/thumb/v8-m.main+fp/hard/libg_nano.a
LOAD /home/ramesh/srikanth_sir/work_folder/dlms/toolchain/gcc-arm-none-eabi-10.3-2021.10/bin/../lib/gcc/arm-none-eabi/10.3.1/../../../../arm-none-eabi/lib/thumb/v8-m.main+fp/hard/libc_nano.a
END GROUP
START GROUP
LOAD /home/ramesh/srikanth_sir/work_folder/dlms/toolchain/gcc-arm-none-eabi-10.3-2021.10/bin/../lib/gcc/arm-none-eabi/10.3.1/thumb/v8-m.main+fp/hard/libgcc.a
LOAD /home/ramesh/srikanth_sir/work_folder/dlms/toolchain/gcc-arm-none-eabi-10.3-2021.10/bin/../lib/gcc/arm-none-eabi/10.3.1/../../../../arm-none-eabi/lib/thumb/v8-m.main+fp/hard/libc_nano.a
END GROUP
OUTPUT(../build/radientum_wp_v1_0_sink_app/sink_app/sink_app.elf elf32-littlearm)
LOAD linker stubs

.debug_info     0x0000000000000000    0x3996d
 .debug_info    0x0000000000000000     0x35e7 ../build/radientum_wp_v1_0_sink_app/sink_app/mcu/efr/common/vendor/em_emu.o
 .debug_info    0x00000000000035e7     0x8ba9 ../build/radientum_wp_v1_0_sink_app/sink_app/mcu/efr/common/vendor/em_cmu.o
 .debug_info    0x000000000000c190     0x1038 ../build/radientum_wp_v1_0_sink_app/sink_app/mcu/efr/common/vendor/em_core.o
 .debug_info    0x000000000000d1c8     0x250e ../build/radientum_wp_v1_0_sink_app/sink_app/mcu/efr/common/vendor/em_gpio.o
 .debug_info    0x000000000000f6d6       0x67 ../build/radientum_wp_v1_0_sink_app/sink_app/board/board_init.o
 .debug_info    0x000000000000f73d      0x263 ../build/radientum_wp_v1_0_sink_app/sink_app/util/crc.o
 .debug_info    0x000000000000f9a0      0x5b4 ../build/radientum_wp_v1_0_sink_app/sink_app/util/sl_list.o
 .debug_info    0x000000000000ff54      0x2a5 ../build/radientum_wp_v1_0_sink_app/sink_app/util/util.o
 .debug_info    0x00000000000101f9     0x2536 ../build/radientum_wp_v1_0_sink_app/sink_app/util/api.o
 .debug_info    0x000000000001272f      0x2cb ../build/radientum_wp_v1_0_sink_app/sink_app/util/tlv.o
 .debug_info    0x00000000000129fa     0x194e ../build/radientum_wp_v1_0_sink_app/sink_app/libraries/shared_data/shared_data.o
 .debug_info    0x0000000000014348     0x1302 ../build/radientum_wp_v1_0_sink_app/sink_app/libraries/shared_appconfig/shared_appconfig.o
 .debug_info    0x000000000001564a      0xbf1 ../build/radientum_wp_v1_0_sink_app/sink_app/libraries/stack_state/stack_state.o
 .debug_info    0x000000000001623b      0xd0f ../build/radientum_wp_v1_0_sink_app/sink_app/libraries/scheduler/app_scheduler.o
 .debug_info    0x0000000000016f4a      0x119 ../build/radientum_wp_v1_0_sink_app/sink_app/libraries/dualmcu/dualmcu_lib.o
 .debug_info    0x0000000000017063      0x87d ../build/radientum_wp_v1_0_sink_app/sink_app/libraries/dualmcu/waps/comm/uart/waps_uart.o
 .debug_info    0x00000000000178e0      0x646 ../build/radientum_wp_v1_0_sink_app/sink_app/libraries/dualmcu/waps/comm/uart/waps_uart_power.o
 .debug_info    0x0000000000017f26     0x160e ../build/radientum_wp_v1_0_sink_app/sink_app/libraries/dualmcu/waps/protocol/waps_protocol.o
 .debug_info    0x0000000000019534     0x148d ../build/radientum_wp_v1_0_sink_app/sink_app/libraries/dualmcu/waps/protocol/uart/waps_uart_protocol.o
 .debug_info    0x000000000001a9c1     0x3569 ../build/radientum_wp_v1_0_sink_app/sink_app/libraries/dualmcu/waps/waps.o
 .debug_info    0x000000000001df2a     0x162b ../build/radientum_wp_v1_0_sink_app/sink_app/libraries/dualmcu/waps/waps_item.o
 .debug_info    0x000000000001f555      0x131 ../build/radientum_wp_v1_0_sink_app/sink_app/libraries/dualmcu/waps/waddr.o
 .debug_info    0x000000000001f686      0x64c ../build/radientum_wp_v1_0_sink_app/sink_app/libraries/dualmcu/waps/sap/function_codes.o
 .debug_info    0x000000000001fcd2     0x3371 ../build/radientum_wp_v1_0_sink_app/sink_app/libraries/dualmcu/waps/sap/csap.o
 .debug_info    0x0000000000023043     0x2257 ../build/radientum_wp_v1_0_sink_app/sink_app/libraries/dualmcu/waps/sap/dsap.o
 .debug_info    0x000000000002529a     0x4f77 ../build/radientum_wp_v1_0_sink_app/sink_app/libraries/dualmcu/waps/sap/msap.o
 .debug_info    0x000000000002a211      0x758 ../build/radientum_wp_v1_0_sink_app/sink_app/libraries/dualmcu/waps/sap/lock_bits.o
 .debug_info    0x000000000002a969      0x4f4 ../build/radientum_wp_v1_0_sink_app/sink_app/libraries/dualmcu/waps/sap/persistent.o
 .debug_info    0x000000000002ae5d      0x443 ../build/radientum_wp_v1_0_sink_app/sink_app/libraries/dualmcu/waps/sap/multicast.o
 .debug_info    0x000000000002b2a0       0x94 ../build/radientum_wp_v1_0_sink_app/sink_app/libraries/dualmcu/drivers/indication_signal.o
 .debug_info    0x000000000002b334      0x1f6 ../build/radientum_wp_v1_0_sink_app/sink_app/libraries/dualmcu/drivers/uart_wakeup.o
 .debug_info    0x000000000002b52a       0xe5 ../build/radientum_wp_v1_0_sink_app/sink_app/libraries/libraries_init.o
 .debug_info    0x000000000002b60f       0x98 ../build/radientum_wp_v1_0_sink_app/sink_app/mcu/hal_api/hal_init.o
 .debug_info    0x000000000002b6a7     0x371b ../build/radientum_wp_v1_0_sink_app/sink_app/mcu/efr/efr32/hal/gpio.o
 .debug_info    0x000000000002edc2     0x323b ../build/radientum_wp_v1_0_sink_app/sink_app/mcu/efr/efr32/hal/usart/eusart.o
 .debug_info    0x0000000000031ffd     0x4936 ../build/radientum_wp_v1_0_sink_app/sink_app/mcu/efr/common/vendor/em_eusart.o
 .debug_info    0x0000000000036933     0x154d ../build/radientum_wp_v1_0_sink_app/sink_app/mcu/efr/common/vendor/efr32fg23/Source/system_efr32fg23.o
 .debug_info    0x0000000000037e80      0x50c ../build/radientum_wp_v1_0_sink_app/sink_app/mcu/common/start.o
 .debug_info    0x000000000003838c      0x410 ../build/radientum_wp_v1_0_sink_app/sink_app/mcu/common/ds.o
 .debug_info    0x000000000003879c     0x11d1 ../build/radientum_wp_v1_0_sink_app/sink_app/../sink_app/app.o

.debug_abbrev   0x0000000000000000     0x669a
 .debug_abbrev  0x0000000000000000      0x45c ../build/radientum_wp_v1_0_sink_app/sink_app/mcu/efr/common/vendor/em_emu.o
 .debug_abbrev  0x000000000000045c      0x478 ../build/radientum_wp_v1_0_sink_app/sink_app/mcu/efr/common/vendor/em_cmu.o
 .debug_abbrev  0x00000000000008d4      0x35b ../build/radientum_wp_v1_0_sink_app/sink_app/mcu/efr/common/vendor/em_core.o
 .debug_abbrev  0x0000000000000c2f      0x35c ../build/radientum_wp_v1_0_sink_app/sink_app/mcu/efr/common/vendor/em_gpio.o
 .debug_abbrev  0x0000000000000f8b       0x4e ../build/radientum_wp_v1_0_sink_app/sink_app/board/board_init.o
 .debug_abbrev  0x0000000000000fd9       0xfd ../build/radientum_wp_v1_0_sink_app/sink_app/util/crc.o
 .debug_abbrev  0x00000000000010d6      0x1e3 ../build/radientum_wp_v1_0_sink_app/sink_app/util/sl_list.o
 .debug_abbrev  0x00000000000012b9      0x124 ../build/radientum_wp_v1_0_sink_app/sink_app/util/util.o
 .debug_abbrev  0x00000000000013dd      0x25b ../build/radientum_wp_v1_0_sink_app/sink_app/util/api.o
 .debug_abbrev  0x0000000000001638      0x132 ../build/radientum_wp_v1_0_sink_app/sink_app/util/tlv.o
 .debug_abbrev  0x000000000000176a      0x41e ../build/radientum_wp_v1_0_sink_app/sink_app/libraries/shared_data/shared_data.o
 .debug_abbrev  0x0000000000001b88      0x384 ../build/radientum_wp_v1_0_sink_app/sink_app/libraries/shared_appconfig/shared_appconfig.o
 .debug_abbrev  0x0000000000001f0c      0x299 ../build/radientum_wp_v1_0_sink_app/sink_app/libraries/stack_state/stack_state.o
 .debug_abbrev  0x00000000000021a5      0x41d ../build/radientum_wp_v1_0_sink_app/sink_app/libraries/scheduler/app_scheduler.o
 .debug_abbrev  0x00000000000025c2       0xb1 ../build/radientum_wp_v1_0_sink_app/sink_app/libraries/dualmcu/dualmcu_lib.o
 .debug_abbrev  0x0000000000002673      0x353 ../build/radientum_wp_v1_0_sink_app/sink_app/libraries/dualmcu/waps/comm/uart/waps_uart.o
 .debug_abbrev  0x00000000000029c6      0x215 ../build/radientum_wp_v1_0_sink_app/sink_app/libraries/dualmcu/waps/comm/uart/waps_uart_power.o
 .debug_abbrev  0x0000000000002bdb      0x35b ../build/radientum_wp_v1_0_sink_app/sink_app/libraries/dualmcu/waps/protocol/waps_protocol.o
 .debug_abbrev  0x0000000000002f36      0x277 ../build/radientum_wp_v1_0_sink_app/sink_app/libraries/dualmcu/waps/protocol/uart/waps_uart_protocol.o
 .debug_abbrev  0x00000000000031ad      0x5b8 ../build/radientum_wp_v1_0_sink_app/sink_app/libraries/dualmcu/waps/waps.o
 .debug_abbrev  0x0000000000003765      0x29e ../build/radientum_wp_v1_0_sink_app/sink_app/libraries/dualmcu/waps/waps_item.o
 .debug_abbrev  0x0000000000003a03       0xb4 ../build/radientum_wp_v1_0_sink_app/sink_app/libraries/dualmcu/waps/waddr.o
 .debug_abbrev  0x0000000000003ab7      0x134 ../build/radientum_wp_v1_0_sink_app/sink_app/libraries/dualmcu/waps/sap/function_codes.o
 .debug_abbrev  0x0000000000003beb      0x3f0 ../build/radientum_wp_v1_0_sink_app/sink_app/libraries/dualmcu/waps/sap/csap.o
 .debug_abbrev  0x0000000000003fdb      0x437 ../build/radientum_wp_v1_0_sink_app/sink_app/libraries/dualmcu/waps/sap/dsap.o
 .debug_abbrev  0x0000000000004412      0x51e ../build/radientum_wp_v1_0_sink_app/sink_app/libraries/dualmcu/waps/sap/msap.o
 .debug_abbrev  0x0000000000004930      0x141 ../build/radientum_wp_v1_0_sink_app/sink_app/libraries/dualmcu/waps/sap/lock_bits.o
 .debug_abbrev  0x0000000000004a71      0x1f0 ../build/radientum_wp_v1_0_sink_app/sink_app/libraries/dualmcu/waps/sap/persistent.o
 .debug_abbrev  0x0000000000004c61      0x1e8 ../build/radientum_wp_v1_0_sink_app/sink_app/libraries/dualmcu/waps/sap/multicast.o
 .debug_abbrev  0x0000000000004e49       0x5e ../build/radientum_wp_v1_0_sink_app/sink_app/libraries/dualmcu/drivers/indication_signal.o
 .debug_abbrev  0x0000000000004ea7      0x117 ../build/radientum_wp_v1_0_sink_app/sink_app/libraries/dualmcu/drivers/uart_wakeup.o
 .debug_abbrev  0x0000000000004fbe       0x72 ../build/radientum_wp_v1_0_sink_app/sink_app/libraries/libraries_init.o
 .debug_abbrev  0x0000000000005030       0x67 ../build/radientum_wp_v1_0_sink_app/sink_app/mcu/hal_api/hal_init.o
 .debug_abbrev  0x0000000000005097      0x5ae ../build/radientum_wp_v1_0_sink_app/sink_app/mcu/efr/efr32/hal/gpio.o
 .debug_abbrev  0x0000000000005645      0x416 ../build/radientum_wp_v1_0_sink_app/sink_app/mcu/efr/efr32/hal/usart/eusart.o
 .debug_abbrev  0x0000000000005a5b      0x3fc ../build/radientum_wp_v1_0_sink_app/sink_app/mcu/efr/common/vendor/em_eusart.o
 .debug_abbrev  0x0000000000005e57      0x273 ../build/radientum_wp_v1_0_sink_app/sink_app/mcu/efr/common/vendor/efr32fg23/Source/system_efr32fg23.o
 .debug_abbrev  0x00000000000060ca      0x20b ../build/radientum_wp_v1_0_sink_app/sink_app/mcu/common/start.o
 .debug_abbrev  0x00000000000062d5      0x15d ../build/radientum_wp_v1_0_sink_app/sink_app/mcu/common/ds.o
 .debug_abbrev  0x0000000000006432      0x268 ../build/radientum_wp_v1_0_sink_app/sink_app/../sink_app/app.o

.debug_loc      0x0000000000000000     0xcb02
 .debug_loc     0x0000000000000000      0x676 ../build/radientum_wp_v1_0_sink_app/sink_app/mcu/efr/common/vendor/em_emu.o
 .debug_loc     0x0000000000000676     0x3262 ../build/radientum_wp_v1_0_sink_app/sink_app/mcu/efr/common/vendor/em_cmu.o
 .debug_loc     0x00000000000038d8      0x5a9 ../build/radientum_wp_v1_0_sink_app/sink_app/mcu/efr/common/vendor/em_core.o
 .debug_loc     0x0000000000003e81      0x742 ../build/radientum_wp_v1_0_sink_app/sink_app/mcu/efr/common/vendor/em_gpio.o
 .debug_loc     0x00000000000045c3      0x275 ../build/radientum_wp_v1_0_sink_app/sink_app/util/crc.o
 .debug_loc     0x0000000000004838      0x37e ../build/radientum_wp_v1_0_sink_app/sink_app/util/sl_list.o
 .debug_loc     0x0000000000004bb6      0x19b ../build/radientum_wp_v1_0_sink_app/sink_app/util/util.o
 .debug_loc     0x0000000000004d51       0xf0 ../build/radientum_wp_v1_0_sink_app/sink_app/util/api.o
 .debug_loc     0x0000000000004e41      0x215 ../build/radientum_wp_v1_0_sink_app/sink_app/util/tlv.o
 .debug_loc     0x0000000000005056      0x5b7 ../build/radientum_wp_v1_0_sink_app/sink_app/libraries/shared_data/shared_data.o
 .debug_loc     0x000000000000560d      0x5ec ../build/radientum_wp_v1_0_sink_app/sink_app/libraries/shared_appconfig/shared_appconfig.o
 .debug_loc     0x0000000000005bf9      0x357 ../build/radientum_wp_v1_0_sink_app/sink_app/libraries/stack_state/stack_state.o
 .debug_loc     0x0000000000005f50      0x82c ../build/radientum_wp_v1_0_sink_app/sink_app/libraries/scheduler/app_scheduler.o
 .debug_loc     0x000000000000677c       0x4a ../build/radientum_wp_v1_0_sink_app/sink_app/libraries/dualmcu/dualmcu_lib.o
 .debug_loc     0x00000000000067c6      0x4d7 ../build/radientum_wp_v1_0_sink_app/sink_app/libraries/dualmcu/waps/comm/uart/waps_uart.o
 .debug_loc     0x0000000000006c9d       0x94 ../build/radientum_wp_v1_0_sink_app/sink_app/libraries/dualmcu/waps/comm/uart/waps_uart_power.o
 .debug_loc     0x0000000000006d31      0x21d ../build/radientum_wp_v1_0_sink_app/sink_app/libraries/dualmcu/waps/protocol/waps_protocol.o
 .debug_loc     0x0000000000006f4e       0x98 ../build/radientum_wp_v1_0_sink_app/sink_app/libraries/dualmcu/waps/protocol/uart/waps_uart_protocol.o
 .debug_loc     0x0000000000006fe6      0x74c ../build/radientum_wp_v1_0_sink_app/sink_app/libraries/dualmcu/waps/waps.o
 .debug_loc     0x0000000000007732      0x1dd ../build/radientum_wp_v1_0_sink_app/sink_app/libraries/dualmcu/waps/waps_item.o
 .debug_loc     0x000000000000790f       0x24 ../build/radientum_wp_v1_0_sink_app/sink_app/libraries/dualmcu/waps/waddr.o
 .debug_loc     0x0000000000007933      0x168 ../build/radientum_wp_v1_0_sink_app/sink_app/libraries/dualmcu/waps/sap/function_codes.o
 .debug_loc     0x0000000000007a9b      0xa5e ../build/radientum_wp_v1_0_sink_app/sink_app/libraries/dualmcu/waps/sap/csap.o
 .debug_loc     0x00000000000084f9      0x588 ../build/radientum_wp_v1_0_sink_app/sink_app/libraries/dualmcu/waps/sap/dsap.o
 .debug_loc     0x0000000000008a81     0x1ac7 ../build/radientum_wp_v1_0_sink_app/sink_app/libraries/dualmcu/waps/sap/msap.o
 .debug_loc     0x000000000000a548       0x22 ../build/radientum_wp_v1_0_sink_app/sink_app/libraries/dualmcu/waps/sap/lock_bits.o
 .debug_loc     0x000000000000a56a      0x1ac ../build/radientum_wp_v1_0_sink_app/sink_app/libraries/dualmcu/waps/sap/persistent.o
 .debug_loc     0x000000000000a716      0x1a7 ../build/radientum_wp_v1_0_sink_app/sink_app/libraries/dualmcu/waps/sap/multicast.o
 .debug_loc     0x000000000000a8bd       0x33 ../build/radientum_wp_v1_0_sink_app/sink_app/libraries/dualmcu/drivers/uart_wakeup.o
 .debug_loc     0x000000000000a8f0      0xb10 ../build/radientum_wp_v1_0_sink_app/sink_app/mcu/efr/efr32/hal/gpio.o
 .debug_loc     0x000000000000b400      0x736 ../build/radientum_wp_v1_0_sink_app/sink_app/mcu/efr/efr32/hal/usart/eusart.o
 .debug_loc     0x000000000000bb36      0xc6d ../build/radientum_wp_v1_0_sink_app/sink_app/mcu/efr/common/vendor/em_eusart.o
 .debug_loc     0x000000000000c7a3      0x16d ../build/radientum_wp_v1_0_sink_app/sink_app/mcu/efr/common/vendor/efr32fg23/Source/system_efr32fg23.o
 .debug_loc     0x000000000000c910       0xe5 ../build/radientum_wp_v1_0_sink_app/sink_app/mcu/common/start.o
 .debug_loc     0x000000000000c9f5       0x9e ../build/radientum_wp_v1_0_sink_app/sink_app/mcu/common/ds.o
 .debug_loc     0x000000000000ca93       0x6f ../build/radientum_wp_v1_0_sink_app/sink_app/../sink_app/app.o

.debug_aranges  0x0000000000000000      0xd78
 .debug_aranges
                0x0000000000000000       0xe8 ../build/radientum_wp_v1_0_sink_app/sink_app/mcu/efr/common/vendor/em_emu.o
 .debug_aranges
                0x00000000000000e8      0x188 ../build/radientum_wp_v1_0_sink_app/sink_app/mcu/efr/common/vendor/em_cmu.o
 .debug_aranges
                0x0000000000000270       0xc0 ../build/radientum_wp_v1_0_sink_app/sink_app/mcu/efr/common/vendor/em_core.o
 .debug_aranges
                0x0000000000000330       0x50 ../build/radientum_wp_v1_0_sink_app/sink_app/mcu/efr/common/vendor/em_gpio.o
 .debug_aranges
                0x0000000000000380       0x20 ../build/radientum_wp_v1_0_sink_app/sink_app/board/board_init.o
 .debug_aranges
                0x00000000000003a0       0x30 ../build/radientum_wp_v1_0_sink_app/sink_app/util/crc.o
 .debug_aranges
                0x00000000000003d0       0x80 ../build/radientum_wp_v1_0_sink_app/sink_app/util/sl_list.o
 .debug_aranges
                0x0000000000000450       0x38 ../build/radientum_wp_v1_0_sink_app/sink_app/util/util.o
 .debug_aranges
                0x0000000000000488       0x28 ../build/radientum_wp_v1_0_sink_app/sink_app/util/api.o
 .debug_aranges
                0x00000000000004b0       0x38 ../build/radientum_wp_v1_0_sink_app/sink_app/util/tlv.o
 .debug_aranges
                0x00000000000004e8       0x68 ../build/radientum_wp_v1_0_sink_app/sink_app/libraries/shared_data/shared_data.o
 .debug_aranges
                0x0000000000000550       0x60 ../build/radientum_wp_v1_0_sink_app/sink_app/libraries/shared_appconfig/shared_appconfig.o
 .debug_aranges
                0x00000000000005b0       0x50 ../build/radientum_wp_v1_0_sink_app/sink_app/libraries/stack_state/stack_state.o
 .debug_aranges
                0x0000000000000600       0x50 ../build/radientum_wp_v1_0_sink_app/sink_app/libraries/scheduler/app_scheduler.o
 .debug_aranges
                0x0000000000000650       0x20 ../build/radientum_wp_v1_0_sink_app/sink_app/libraries/dualmcu/dualmcu_lib.o
 .debug_aranges
                0x0000000000000670       0x68 ../build/radientum_wp_v1_0_sink_app/sink_app/libraries/dualmcu/waps/comm/uart/waps_uart.o
 .debug_aranges
                0x00000000000006d8       0x48 ../build/radientum_wp_v1_0_sink_app/sink_app/libraries/dualmcu/waps/comm/uart/waps_uart_power.o
 .debug_aranges
                0x0000000000000720       0x40 ../build/radientum_wp_v1_0_sink_app/sink_app/libraries/dualmcu/waps/protocol/waps_protocol.o
 .debug_aranges
                0x0000000000000760       0x38 ../build/radientum_wp_v1_0_sink_app/sink_app/libraries/dualmcu/waps/protocol/uart/waps_uart_protocol.o
 .debug_aranges
                0x0000000000000798       0x98 ../build/radientum_wp_v1_0_sink_app/sink_app/libraries/dualmcu/waps/waps.o
 .debug_aranges
                0x0000000000000830       0x30 ../build/radientum_wp_v1_0_sink_app/sink_app/libraries/dualmcu/waps/waps_item.o
 .debug_aranges
                0x0000000000000860       0x28 ../build/radientum_wp_v1_0_sink_app/sink_app/libraries/dualmcu/waps/waddr.o
 .debug_aranges
                0x0000000000000888       0x58 ../build/radientum_wp_v1_0_sink_app/sink_app/libraries/dualmcu/waps/sap/function_codes.o
 .debug_aranges
                0x00000000000008e0       0x20 ../build/radientum_wp_v1_0_sink_app/sink_app/libraries/dualmcu/waps/sap/csap.o
 .debug_aranges
                0x0000000000000900       0x48 ../build/radientum_wp_v1_0_sink_app/sink_app/libraries/dualmcu/waps/sap/dsap.o
 .debug_aranges
                0x0000000000000948       0x58 ../build/radientum_wp_v1_0_sink_app/sink_app/libraries/dualmcu/waps/sap/msap.o
 .debug_aranges
                0x00000000000009a0       0x28 ../build/radientum_wp_v1_0_sink_app/sink_app/libraries/dualmcu/waps/sap/lock_bits.o
 .debug_aranges
                0x00000000000009c8       0x60 ../build/radientum_wp_v1_0_sink_app/sink_app/libraries/dualmcu/waps/sap/persistent.o
 .debug_aranges
                0x0000000000000a28       0x30 ../build/radientum_wp_v1_0_sink_app/sink_app/libraries/dualmcu/waps/sap/multicast.o
 .debug_aranges
                0x0000000000000a58       0x20 ../build/radientum_wp_v1_0_sink_app/sink_app/libraries/dualmcu/drivers/indication_signal.o
 .debug_aranges
                0x0000000000000a78       0x28 ../build/radientum_wp_v1_0_sink_app/sink_app/libraries/dualmcu/drivers/uart_wakeup.o
 .debug_aranges
                0x0000000000000aa0       0x20 ../build/radientum_wp_v1_0_sink_app/sink_app/libraries/libraries_init.o
 .debug_aranges
                0x0000000000000ac0       0x20 ../build/radientum_wp_v1_0_sink_app/sink_app/mcu/hal_api/hal_init.o
 .debug_aranges
                0x0000000000000ae0       0x70 ../build/radientum_wp_v1_0_sink_app/sink_app/mcu/efr/efr32/hal/gpio.o
 .debug_aranges
                0x0000000000000b50       0x70 ../build/radientum_wp_v1_0_sink_app/sink_app/mcu/efr/efr32/hal/usart/eusart.o
 .debug_aranges
                0x0000000000000bc0       0xb0 ../build/radientum_wp_v1_0_sink_app/sink_app/mcu/efr/common/vendor/em_eusart.o
 .debug_aranges
                0x0000000000000c70       0x90 ../build/radientum_wp_v1_0_sink_app/sink_app/mcu/efr/common/vendor/efr32fg23/Source/system_efr32fg23.o
 .debug_aranges
                0x0000000000000d00       0x20 ../build/radientum_wp_v1_0_sink_app/sink_app/mcu/common/start.o
 .debug_aranges
                0x0000000000000d20       0x30 ../build/radientum_wp_v1_0_sink_app/sink_app/mcu/common/ds.o
 .debug_aranges
                0x0000000000000d50       0x28 ../build/radientum_wp_v1_0_sink_app/sink_app/../sink_app/app.o

.debug_ranges   0x0000000000000000     0x1c50
 .debug_ranges  0x0000000000000000      0x240 ../build/radientum_wp_v1_0_sink_app/sink_app/mcu/efr/common/vendor/em_emu.o
 .debug_ranges  0x0000000000000240      0x240 ../build/radientum_wp_v1_0_sink_app/sink_app/mcu/efr/common/vendor/em_cmu.o
 .debug_ranges  0x0000000000000480      0x180 ../build/radientum_wp_v1_0_sink_app/sink_app/mcu/efr/common/vendor/em_core.o
 .debug_ranges  0x0000000000000600      0x108 ../build/radientum_wp_v1_0_sink_app/sink_app/mcu/efr/common/vendor/em_gpio.o
 .debug_ranges  0x0000000000000708       0x10 ../build/radientum_wp_v1_0_sink_app/sink_app/board/board_init.o
 .debug_ranges  0x0000000000000718       0x68 ../build/radientum_wp_v1_0_sink_app/sink_app/util/crc.o
 .debug_ranges  0x0000000000000780       0x88 ../build/radientum_wp_v1_0_sink_app/sink_app/util/sl_list.o
 .debug_ranges  0x0000000000000808       0x28 ../build/radientum_wp_v1_0_sink_app/sink_app/util/util.o
 .debug_ranges  0x0000000000000830       0x30 ../build/radientum_wp_v1_0_sink_app/sink_app/util/api.o
 .debug_ranges  0x0000000000000860       0x28 ../build/radientum_wp_v1_0_sink_app/sink_app/util/tlv.o
 .debug_ranges  0x0000000000000888      0x108 ../build/radientum_wp_v1_0_sink_app/sink_app/libraries/shared_data/shared_data.o
 .debug_ranges  0x0000000000000990       0xa8 ../build/radientum_wp_v1_0_sink_app/sink_app/libraries/shared_appconfig/shared_appconfig.o
 .debug_ranges  0x0000000000000a38       0xa0 ../build/radientum_wp_v1_0_sink_app/sink_app/libraries/stack_state/stack_state.o
 .debug_ranges  0x0000000000000ad8      0x158 ../build/radientum_wp_v1_0_sink_app/sink_app/libraries/scheduler/app_scheduler.o
 .debug_ranges  0x0000000000000c30       0x10 ../build/radientum_wp_v1_0_sink_app/sink_app/libraries/dualmcu/dualmcu_lib.o
 .debug_ranges  0x0000000000000c40       0x88 ../build/radientum_wp_v1_0_sink_app/sink_app/libraries/dualmcu/waps/comm/uart/waps_uart.o
 .debug_ranges  0x0000000000000cc8       0x68 ../build/radientum_wp_v1_0_sink_app/sink_app/libraries/dualmcu/waps/comm/uart/waps_uart_power.o
 .debug_ranges  0x0000000000000d30       0x30 ../build/radientum_wp_v1_0_sink_app/sink_app/libraries/dualmcu/waps/protocol/waps_protocol.o
 .debug_ranges  0x0000000000000d60       0x28 ../build/radientum_wp_v1_0_sink_app/sink_app/libraries/dualmcu/waps/protocol/uart/waps_uart_protocol.o
 .debug_ranges  0x0000000000000d88      0x160 ../build/radientum_wp_v1_0_sink_app/sink_app/libraries/dualmcu/waps/waps.o
 .debug_ranges  0x0000000000000ee8       0x20 ../build/radientum_wp_v1_0_sink_app/sink_app/libraries/dualmcu/waps/waps_item.o
 .debug_ranges  0x0000000000000f08       0x18 ../build/radientum_wp_v1_0_sink_app/sink_app/libraries/dualmcu/waps/waddr.o
 .debug_ranges  0x0000000000000f20       0x68 ../build/radientum_wp_v1_0_sink_app/sink_app/libraries/dualmcu/waps/sap/function_codes.o
 .debug_ranges  0x0000000000000f88      0x148 ../build/radientum_wp_v1_0_sink_app/sink_app/libraries/dualmcu/waps/sap/csap.o
 .debug_ranges  0x00000000000010d0      0x158 ../build/radientum_wp_v1_0_sink_app/sink_app/libraries/dualmcu/waps/sap/dsap.o
 .debug_ranges  0x0000000000001228      0x398 ../build/radientum_wp_v1_0_sink_app/sink_app/libraries/dualmcu/waps/sap/msap.o
 .debug_ranges  0x00000000000015c0       0x18 ../build/radientum_wp_v1_0_sink_app/sink_app/libraries/dualmcu/waps/sap/lock_bits.o
 .debug_ranges  0x00000000000015d8       0x50 ../build/radientum_wp_v1_0_sink_app/sink_app/libraries/dualmcu/waps/sap/persistent.o
 .debug_ranges  0x0000000000001628       0xb8 ../build/radientum_wp_v1_0_sink_app/sink_app/libraries/dualmcu/waps/sap/multicast.o
 .debug_ranges  0x00000000000016e0       0x10 ../build/radientum_wp_v1_0_sink_app/sink_app/libraries/dualmcu/drivers/indication_signal.o
 .debug_ranges  0x00000000000016f0       0x18 ../build/radientum_wp_v1_0_sink_app/sink_app/libraries/dualmcu/drivers/uart_wakeup.o
 .debug_ranges  0x0000000000001708       0x10 ../build/radientum_wp_v1_0_sink_app/sink_app/libraries/libraries_init.o
 .debug_ranges  0x0000000000001718       0x10 ../build/radientum_wp_v1_0_sink_app/sink_app/mcu/hal_api/hal_init.o
 .debug_ranges  0x0000000000001728      0x1b8 ../build/radientum_wp_v1_0_sink_app/sink_app/mcu/efr/efr32/hal/gpio.o
 .debug_ranges  0x00000000000018e0      0x130 ../build/radientum_wp_v1_0_sink_app/sink_app/mcu/efr/efr32/hal/usart/eusart.o
 .debug_ranges  0x0000000000001a10      0x140 ../build/radientum_wp_v1_0_sink_app/sink_app/mcu/efr/common/vendor/em_eusart.o
 .debug_ranges  0x0000000000001b50       0x80 ../build/radientum_wp_v1_0_sink_app/sink_app/mcu/efr/common/vendor/efr32fg23/Source/system_efr32fg23.o
 .debug_ranges  0x0000000000001bd0       0x30 ../build/radientum_wp_v1_0_sink_app/sink_app/mcu/common/start.o
 .debug_ranges  0x0000000000001c00       0x20 ../build/radientum_wp_v1_0_sink_app/sink_app/mcu/common/ds.o
 .debug_ranges  0x0000000000001c20       0x30 ../build/radientum_wp_v1_0_sink_app/sink_app/../sink_app/app.o

.debug_line     0x0000000000000000     0xf15f
 .debug_line    0x0000000000000000      0xc18 ../build/radientum_wp_v1_0_sink_app/sink_app/mcu/efr/common/vendor/em_emu.o
 .debug_line    0x0000000000000c18     0x2367 ../build/radientum_wp_v1_0_sink_app/sink_app/mcu/efr/common/vendor/em_cmu.o
 .debug_line    0x0000000000002f7f      0x6fe ../build/radientum_wp_v1_0_sink_app/sink_app/mcu/efr/common/vendor/em_core.o
 .debug_line    0x000000000000367d      0x52a ../build/radientum_wp_v1_0_sink_app/sink_app/mcu/efr/common/vendor/em_gpio.o
 .debug_line    0x0000000000003ba7       0x6b ../build/radientum_wp_v1_0_sink_app/sink_app/board/board_init.o
 .debug_line    0x0000000000003c12      0x2d4 ../build/radientum_wp_v1_0_sink_app/sink_app/util/crc.o
 .debug_line    0x0000000000003ee6      0x499 ../build/radientum_wp_v1_0_sink_app/sink_app/util/sl_list.o
 .debug_line    0x000000000000437f      0x21a ../build/radientum_wp_v1_0_sink_app/sink_app/util/util.o
 .debug_line    0x0000000000004599      0x3cc ../build/radientum_wp_v1_0_sink_app/sink_app/util/api.o
 .debug_line    0x0000000000004965      0x320 ../build/radientum_wp_v1_0_sink_app/sink_app/util/tlv.o
 .debug_line    0x0000000000004c85      0x7e4 ../build/radientum_wp_v1_0_sink_app/sink_app/libraries/shared_data/shared_data.o
 .debug_line    0x0000000000005469      0x647 ../build/radientum_wp_v1_0_sink_app/sink_app/libraries/shared_appconfig/shared_appconfig.o
 .debug_line    0x0000000000005ab0      0x544 ../build/radientum_wp_v1_0_sink_app/sink_app/libraries/stack_state/stack_state.o
 .debug_line    0x0000000000005ff4      0x7db ../build/radientum_wp_v1_0_sink_app/sink_app/libraries/scheduler/app_scheduler.o
 .debug_line    0x00000000000067cf      0x192 ../build/radientum_wp_v1_0_sink_app/sink_app/libraries/dualmcu/dualmcu_lib.o
 .debug_line    0x0000000000006961      0x663 ../build/radientum_wp_v1_0_sink_app/sink_app/libraries/dualmcu/waps/comm/uart/waps_uart.o
 .debug_line    0x0000000000006fc4      0x44c ../build/radientum_wp_v1_0_sink_app/sink_app/libraries/dualmcu/waps/comm/uart/waps_uart_power.o
 .debug_line    0x0000000000007410      0x3e5 ../build/radientum_wp_v1_0_sink_app/sink_app/libraries/dualmcu/waps/protocol/waps_protocol.o
 .debug_line    0x00000000000077f5      0x3c6 ../build/radientum_wp_v1_0_sink_app/sink_app/libraries/dualmcu/waps/protocol/uart/waps_uart_protocol.o
 .debug_line    0x0000000000007bbb      0x9d6 ../build/radientum_wp_v1_0_sink_app/sink_app/libraries/dualmcu/waps/waps.o
 .debug_line    0x0000000000008591      0x439 ../build/radientum_wp_v1_0_sink_app/sink_app/libraries/dualmcu/waps/waps_item.o
 .debug_line    0x00000000000089ca      0x19f ../build/radientum_wp_v1_0_sink_app/sink_app/libraries/dualmcu/waps/waddr.o
 .debug_line    0x0000000000008b69      0x29d ../build/radientum_wp_v1_0_sink_app/sink_app/libraries/dualmcu/waps/sap/function_codes.o
 .debug_line    0x0000000000008e06      0x9a3 ../build/radientum_wp_v1_0_sink_app/sink_app/libraries/dualmcu/waps/sap/csap.o
 .debug_line    0x00000000000097a9      0x81b ../build/radientum_wp_v1_0_sink_app/sink_app/libraries/dualmcu/waps/sap/dsap.o
 .debug_line    0x0000000000009fc4     0x153b ../build/radientum_wp_v1_0_sink_app/sink_app/libraries/dualmcu/waps/sap/msap.o
 .debug_line    0x000000000000b4ff      0x26b ../build/radientum_wp_v1_0_sink_app/sink_app/libraries/dualmcu/waps/sap/lock_bits.o
 .debug_line    0x000000000000b76a      0x3d6 ../build/radientum_wp_v1_0_sink_app/sink_app/libraries/dualmcu/waps/sap/persistent.o
 .debug_line    0x000000000000bb40      0x3b1 ../build/radientum_wp_v1_0_sink_app/sink_app/libraries/dualmcu/waps/sap/multicast.o
 .debug_line    0x000000000000bef1       0x60 ../build/radientum_wp_v1_0_sink_app/sink_app/libraries/dualmcu/drivers/indication_signal.o
 .debug_line    0x000000000000bf51      0x1cd ../build/radientum_wp_v1_0_sink_app/sink_app/libraries/dualmcu/drivers/uart_wakeup.o
 .debug_line    0x000000000000c11e      0x10b ../build/radientum_wp_v1_0_sink_app/sink_app/libraries/libraries_init.o
 .debug_line    0x000000000000c229       0x66 ../build/radientum_wp_v1_0_sink_app/sink_app/mcu/hal_api/hal_init.o
 .debug_line    0x000000000000c28f      0xa38 ../build/radientum_wp_v1_0_sink_app/sink_app/mcu/efr/efr32/hal/gpio.o
 .debug_line    0x000000000000ccc7      0x970 ../build/radientum_wp_v1_0_sink_app/sink_app/mcu/efr/efr32/hal/usart/eusart.o
 .debug_line    0x000000000000d637      0xe18 ../build/radientum_wp_v1_0_sink_app/sink_app/mcu/efr/common/vendor/em_eusart.o
 .debug_line    0x000000000000e44f      0x452 ../build/radientum_wp_v1_0_sink_app/sink_app/mcu/efr/common/vendor/efr32fg23/Source/system_efr32fg23.o
 .debug_line    0x000000000000e8a1      0x2a3 ../build/radientum_wp_v1_0_sink_app/sink_app/mcu/common/start.o
 .debug_line    0x000000000000eb44      0x2ae ../build/radientum_wp_v1_0_sink_app/sink_app/mcu/common/ds.o
 .debug_line    0x000000000000edf2      0x36d ../build/radientum_wp_v1_0_sink_app/sink_app/../sink_app/app.o
