Archive member included to satisfy reference by file (symbol)

../build/radientum_wp_v1_0/dlms_app/bootloader/bootloader.a(bl_startup_efr32xg2.s.obj)
                              (__startup__)
../build/radientum_wp_v1_0/dlms_app/bootloader/bootloader.a(system_efr32fg23.c.obj)
                              ../build/radientum_wp_v1_0/dlms_app/bootloader/mcu/efr/common/vendor/em_cmu.o (SystemHFRCODPLLClockGet)
../build/radientum_wp_v1_0/dlms_app/bootloader/bootloader.a(bl_start.c.obj)
                              ../build/radientum_wp_v1_0/dlms_app/bootloader/bootloader.a(bl_startup_efr32xg2.s.obj) (_bl_start)
../build/radientum_wp_v1_0/dlms_app/bootloader/bootloader.a(scratchpad.c.obj)
                              ../build/radientum_wp_v1_0/dlms_app/bootloader/bootloader.a(bl_start.c.obj) (Scratchpad_init)
../build/radientum_wp_v1_0/dlms_app/bootloader/bootloader.a(memoryarea.c.obj)
                              ../build/radientum_wp_v1_0/dlms_app/bootloader/bootloader.a(bl_start.c.obj) (MemoryArea_init)
../build/radientum_wp_v1_0/dlms_app/bootloader/bootloader.a(bl_interface.c.obj)
                              ../build/radientum_wp_v1_0/dlms_app/bootloader/bootloader.a(bl_start.c.obj) (m_bl_interface)
../build/radientum_wp_v1_0/dlms_app/bootloader/bootloader.a(bootloader.c.obj)
                              ../build/radientum_wp_v1_0/dlms_app/bootloader/bootloader.a(bl_start.c.obj) (Bootloader_findVerifyScratchpad)
../build/radientum_wp_v1_0/dlms_app/bootloader/bootloader.a(bl_start_series2_config2_onwards.c.obj)
                              ../build/radientum_wp_v1_0/dlms_app/bootloader/bootloader.a(bl_start.c.obj) (bl_start_efr32_init)
../build/radientum_wp_v1_0/dlms_app/bootloader/bootloader.a(watchdog.c.obj)
                              ../build/radientum_wp_v1_0/dlms_app/bootloader/bootloader.a(memoryarea.c.obj) (Watchdog_feed)
../build/radientum_wp_v1_0/dlms_app/bootloader/bootloader.a(internal_flash.c.obj)
                              ../build/radientum_wp_v1_0/dlms_app/bootloader/bootloader.a(memoryarea.c.obj) (internalFlash_init)
../build/radientum_wp_v1_0/dlms_app/bootloader/bootloader.a(crc.c.obj)
                              ../build/radientum_wp_v1_0/dlms_app/bootloader/bootloader.a(scratchpad.c.obj) (Crc_addByte)
../build/radientum_wp_v1_0/dlms_app/bootloader/bootloader.a(aes.c.obj)
                              ../build/radientum_wp_v1_0/dlms_app/bootloader/bootloader.a(bootloader.c.obj) (aes_setupStream)
../build/radientum_wp_v1_0/dlms_app/bootloader/bootloader.a(aeshw_mbed.c.obj)
                              ../build/radientum_wp_v1_0/dlms_app/bootloader/bootloader.a(bootloader.c.obj) (aes_crypto128Ctr)
../build/radientum_wp_v1_0/dlms_app/bootloader/bootloader.a(puff.c.obj)
                              ../build/radientum_wp_v1_0/dlms_app/bootloader/bootloader.a(bootloader.c.obj) (puff)
../build/radientum_wp_v1_0/dlms_app/bootloader/bootloader.a(bl_scratchpad_header.c.obj)
                              ../build/radientum_wp_v1_0/dlms_app/bootloader/bootloader.a(bootloader.c.obj) (Bootloader_verifyFileHeader)
../build/radientum_wp_v1_0/dlms_app/bootloader/bootloader.a(bl_crypto.c.obj)
                              ../build/radientum_wp_v1_0/dlms_app/bootloader/bootloader.a(bootloader.c.obj) (Bootloader_authenticateScratchpad)
../build/radientum_wp_v1_0/dlms_app/bootloader/bootloader.a(bl_start_code_protection_series2.c.obj)
                              ../build/radientum_wp_v1_0/dlms_app/bootloader/bootloader.a(bl_start_series2_config2_onwards.c.obj) (bl_start_efr32_apply_code_protection)
../build/radientum_wp_v1_0/dlms_app/bootloader/bootloader.a(em_wdog.c.obj)
                              ../build/radientum_wp_v1_0/dlms_app/bootloader/bootloader.a(watchdog.c.obj) (WDOGn_Feed)
../build/radientum_wp_v1_0/dlms_app/bootloader/bootloader.a(sl_se_manager.c.obj)
                              ../build/radientum_wp_v1_0/dlms_app/bootloader/bootloader.a(bl_start_code_protection_series2.c.obj) (sl_se_init)
../build/radientum_wp_v1_0/dlms_app/bootloader/bootloader.a(sli_protocol_crypto_radioaes.c.obj)
                              ../build/radientum_wp_v1_0/dlms_app/bootloader/bootloader.a(aeshw_mbed.c.obj) (sli_aes_crypt_ecb_radio)
../build/radientum_wp_v1_0/dlms_app/bootloader/bootloader.a(sli_radioaes_management.c.obj)
                              ../build/radientum_wp_v1_0/dlms_app/bootloader/bootloader.a(sli_protocol_crypto_radioaes.c.obj) (sli_radioaes_acquire)
../build/radientum_wp_v1_0/dlms_app/bootloader/bootloader.a(sl_se_manager_util.c.obj)
                              ../build/radientum_wp_v1_0/dlms_app/bootloader/bootloader.a(bl_start_code_protection_series2.c.obj) (sl_se_apply_debug_lock)
../build/radientum_wp_v1_0/dlms_app/bootloader/bootloader.a(em_se.c.obj)
                              ../build/radientum_wp_v1_0/dlms_app/bootloader/bootloader.a(sl_se_manager_util.c.obj) (SE_addDataInput)
[...]
Memory Configuration

Name             Origin             Length             Attributes
BOOTLOADER       0x0000000008000000 0x0000000000007c00 xr
BLCONFIG         0x0000000008007c00 0x0000000000000400 xr
BL_STATIC        0x0000000020000018 0x0000000000000400 xrw
RAM              0x0000000020001500 0x000000000000eb00 xrw
INVALID          0x00000000ffffffff 0x0000000000000000 xrw
*default*        0x0000000000000000 0xffffffffffffffff

Linker script and memory map

LOAD /home/ramesh/srikanth_sir/work_folder/dlms/toolchain/gcc-arm-none-eabi-10.3-2021.10/bin/../lib/gcc/arm-none-eabi/10.3.1/thumb/v8-m.main+fp/hard/libgcc.a
LOAD /home/ramesh/srikanth_sir/work_folder/dlms/toolchain/gcc-arm-none-eabi-10.3-2021.10/bin/../lib/gcc/arm-none-eabi/10.3.1/../../../../arm-none-eabi/lib/thumb/v8-m.main+fp/hard/libnosys.a
LOAD ../build/radientum_wp_v1_0/dlms_app/bootloader/mcu/efr/efr32/hal/power.o
LOAD ../build/radientum_wp_v1_0/dlms_app/bootloader/mcu/efr/efr32/hal/hal.o
LOAD ../build/radientum_wp_v1_0/dlms_app/bootloader/mcu/efr/common/vendor/em_emu.o
LOAD ../build/radientum_wp_v1_0/dlms_app/bootloader/mcu/efr/common/vendor/em_cmu.o
LOAD ../build/radientum_wp_v1_0/dlms_app/bootloader/mcu/efr/common/vendor/em_core.o
LOAD ../build/radientum_wp_v1_0/dlms_app/bootloader/mcu/efr/common/vendor/em_gpio.o
LOAD ../build/radientum_wp_v1_0/dlms_app/bootloader/bootloader/early_init.o
LOAD ../build/radientum_wp_v1_0/dlms_app/bootloader/bootloader/external_flash.o
LOAD ../build/radientum_wp_v1_0/dlms_app/bootloader/bootloader/bl_hardware.o
LOAD ../build/radientum_wp_v1_0/dlms_app/bootloader/../board/radientum_wp_v1_0/bootloader/external_flash_mx25r8035f.o
LOAD ../build/radientum_wp_v1_0/dlms_app/bootloader/board/board_init.o
LOAD ../build/radientum_wp_v1_0/dlms_app/bootloader/mcu/hal_api/hal_init.o
LOAD ../build/radientum_wp_v1_0/dlms_app/bootloader/bootloader.a
LOAD ../build/radientum_wp_v1_0/dlms_app/bootloader/bootloader.a
                0x0000000000008000                __bl_length__ = 0x8000

.text           0x0000000008000000     0x3ff0
 *(.Vectors)
 .Vectors       0x0000000008000000      0x400 ../build/radientum_wp_v1_0/dlms_app/bootloader/bootloader.a(bl_startup_efr32xg2.s.obj)
                0x0000000008000000                __vector_table__
                0x0000000008000400                __bl_version__ = .
 *(.BootloaderVersion)
 .BootloaderVersion
                0x0000000008000400        0x4 ../build/radientum_wp_v1_0/dlms_app/bootloader/bootloader.a(bl_startup_efr32xg2.s.obj)
                0x0000000008000400                __bootloader_version__
 *(.romtext)
 .romtext       0x0000000008000404       0x20 ../build/radientum_wp_v1_0/dlms_app/bootloader/bootloader.a(bl_startup_efr32xg2.s.obj)
                0x0000000008000404                __startup__
                0x000000000800040c                __system_reset__
 .romtext       0x0000000008000424       0x84 ../build/radientum_wp_v1_0/dlms_app/bootloader/bootloader.a(bl_start.c.obj)
                0x0000000008000424                _bl_start
 *(.text.*)
 .text.Power_enableDCDC
                0x00000000080004a8       0x24 ../build/radientum_wp_v1_0/dlms_app/bootloader/mcu/efr/efr32/hal/power.o
                0x00000000080004a8                Power_enableDCDC
 .text.EMU_DCDCSync
                0x00000000080004cc       0x10 ../build/radientum_wp_v1_0/dlms_app/bootloader/mcu/efr/common/vendor/em_emu.o
 .text.EMU_EFPEM01VScale
                0x00000000080004dc        0x2 ../build/radientum_wp_v1_0/dlms_app/bootloader/mcu/efr/common/vendor/em_emu.o
                0x00000000080004dc                EMU_EFPEM01VScale
 *fill*         0x00000000080004de        0x2 
 .text.EMU_VScaleEM01
                0x00000000080004e0       0x80 ../build/radientum_wp_v1_0/dlms_app/bootloader/mcu/efr/common/vendor/em_emu.o
                0x00000000080004e0                EMU_VScaleEM01
 .text.EMU_VScaleEM01ByClock
                0x0000000008000560       0x30 ../build/radientum_wp_v1_0/dlms_app/bootloader/mcu/efr/common/vendor/em_emu.o
                0x0000000008000560                EMU_VScaleEM01ByClock
 .text.EMU_DCDCModeSet
                0x0000000008000590       0x68 ../build/radientum_wp_v1_0/dlms_app/bootloader/mcu/efr/common/vendor/em_emu.o
                0x0000000008000590                EMU_DCDCModeSet
 .text.EMU_DCDCInit
                0x00000000080005f8       0x6c ../build/radientum_wp_v1_0/dlms_app/bootloader/mcu/efr/common/vendor/em_emu.o
                0x00000000080005f8                EMU_DCDCInit
 .text.EMU_VScaleGet
                0x0000000008000664       0x16 ../build/radientum_wp_v1_0/dlms_app/bootloader/mcu/efr/common/vendor/em_cmu.o
 *fill*         0x000000000800067a        0x2 
 .text.HFRCODPLLDevinfoGet
                0x000000000800067c       0xf4 ../build/radientum_wp_v1_0/dlms_app/bootloader/mcu/efr/common/vendor/em_cmu.o
 .text.em01GrpaClkGet
                0x0000000008000770       0x64 ../build/radientum_wp_v1_0/dlms_app/bootloader/mcu/efr/common/vendor/em_cmu.o
 .text.em01GrpcClkGet
                0x00000000080007d4       0x50 ../build/radientum_wp_v1_0/dlms_app/bootloader/mcu/efr/common/vendor/em_cmu.o
 .text.iadcClkGet
                0x0000000008000824       0x54 ../build/radientum_wp_v1_0/dlms_app/bootloader/mcu/efr/common/vendor/em_cmu.o
 .text.eusart0ClkGet
                0x0000000008000878       0x60 ../build/radientum_wp_v1_0/dlms_app/bootloader/mcu/efr/common/vendor/em_cmu.o
 .text.em23GrpaClkGet
                0x00000000080008d8       0x48 ../build/radientum_wp_v1_0/dlms_app/bootloader/mcu/efr/common/vendor/em_cmu.o
 .text.vdac0ClkGet
                0x0000000008000920       0x64 ../build/radientum_wp_v1_0/dlms_app/bootloader/mcu/efr/common/vendor/em_cmu.o
 .text.wdog0ClkGet
                0x0000000008000984       0x54 ../build/radientum_wp_v1_0/dlms_app/bootloader/mcu/efr/common/vendor/em_cmu.o
 .text.wdog1ClkGet
                0x00000000080009d8       0x54 ../build/radientum_wp_v1_0/dlms_app/bootloader/mcu/efr/common/vendor/em_cmu.o
 .text.sysrtcClkGet
                0x0000000008000a2c       0x48 ../build/radientum_wp_v1_0/dlms_app/bootloader/mcu/efr/common/vendor/em_cmu.o
 .text.lcdClkGet
                0x0000000008000a74       0x48 ../build/radientum_wp_v1_0/dlms_app/bootloader/mcu/efr/common/vendor/em_cmu.o
 .text.em4GrpaClkGet
                0x0000000008000abc       0x48 ../build/radientum_wp_v1_0/dlms_app/bootloader/mcu/efr/common/vendor/em_cmu.o
 .text.CMU_ClockDivGet
                0x0000000008000b04       0x54 ../build/radientum_wp_v1_0/dlms_app/bootloader/mcu/efr/common/vendor/em_cmu.o
                0x0000000008000b04                CMU_ClockDivGet
 .text.flashWaitStateControl
                0x0000000008000b58       0x4c ../build/radientum_wp_v1_0/dlms_app/bootloader/mcu/efr/common/vendor/em_cmu.o
 .text.waitStateMax
                0x0000000008000ba4       0x10 ../build/radientum_wp_v1_0/dlms_app/bootloader/mcu/efr/common/vendor/em_cmu.o
 .text.CMU_ClockEnable
                0x0000000008000bb4       0x38 ../build/radientum_wp_v1_0/dlms_app/bootloader/mcu/efr/common/vendor/em_cmu.o
                0x0000000008000bb4                CMU_ClockEnable
 .text.CMU_ClockFreqGet
                0x0000000008000bec      0x27c ../build/radientum_wp_v1_0/dlms_app/bootloader/mcu/efr/common/vendor/em_cmu.o
                0x0000000008000bec                CMU_ClockFreqGet
 .text.rhclkPrescOptimize
                0x0000000008000e68       0x20 ../build/radientum_wp_v1_0/dlms_app/bootloader/mcu/efr/common/vendor/em_cmu.o
 .text.CMU_ClockSelectGet
                0x0000000008000e88      0x2a8 ../build/radientum_wp_v1_0/dlms_app/bootloader/mcu/efr/common/vendor/em_cmu.o
                0x0000000008000e88                CMU_ClockSelectGet
 .text.CMU_HFRCODPLLBandGet
                0x0000000008001130        0x4 ../build/radientum_wp_v1_0/dlms_app/bootloader/mcu/efr/common/vendor/em_cmu.o
                0x0000000008001130                CMU_HFRCODPLLBandGet
 .text.CMU_UpdateWaitStates
                0x0000000008001134        0xc ../build/radientum_wp_v1_0/dlms_app/bootloader/mcu/efr/common/vendor/em_cmu.o
                0x0000000008001134                CMU_UpdateWaitStates
 .text.CMU_ClockDivSet
                0x0000000008001140       0xac ../build/radientum_wp_v1_0/dlms_app/bootloader/mcu/efr/common/vendor/em_cmu.o
                0x0000000008001140                CMU_ClockDivSet
 .text.pclkDivMax
                0x00000000080011ec        0xa ../build/radientum_wp_v1_0/dlms_app/bootloader/mcu/efr/common/vendor/em_cmu.o
 *fill*         0x00000000080011f6        0x2 
 .text.pclkDivOptimize
                0x00000000080011f8       0x24 ../build/radientum_wp_v1_0/dlms_app/bootloader/mcu/efr/common/vendor/em_cmu.o
 .text.CMU_ClockSelectSet
                0x000000000800121c      0x48c ../build/radientum_wp_v1_0/dlms_app/bootloader/mcu/efr/common/vendor/em_cmu.o
                0x000000000800121c                CMU_ClockSelectSet
 .text.CMU_HFRCODPLLBandSet
                0x00000000080016a8       0xe4 ../build/radientum_wp_v1_0/dlms_app/bootloader/mcu/efr/common/vendor/em_cmu.o
                0x00000000080016a8                CMU_HFRCODPLLBandSet
 .text.CORE_EnterCritical
                0x000000000800178c        0x8 ../build/radientum_wp_v1_0/dlms_app/bootloader/mcu/efr/common/vendor/em_core.o
                0x000000000800178c                CORE_EnterCritical
 .text.CORE_ExitCritical
                0x0000000008001794        0x6 ../build/radientum_wp_v1_0/dlms_app/bootloader/mcu/efr/common/vendor/em_core.o
                0x0000000008001794                CORE_ExitCritical
 .text.CORE_EnterAtomic
                0x000000000800179a        0x8 ../build/radientum_wp_v1_0/dlms_app/bootloader/mcu/efr/common/vendor/em_core.o
                0x000000000800179a                CORE_EnterAtomic
 .text.CORE_ExitAtomic
                0x00000000080017a2        0x4 ../build/radientum_wp_v1_0/dlms_app/bootloader/mcu/efr/common/vendor/em_core.o
                0x00000000080017a2                CORE_ExitAtomic
 .text.early_init
                0x00000000080017a6       0x10 ../build/radientum_wp_v1_0/dlms_app/bootloader/bootloader/early_init.o
                0x00000000080017a6                early_init
 *fill*         0x00000000080017b6        0x2 
 .text.Hardware_getCapabilities
                0x00000000080017b8        0x8 ../build/radientum_wp_v1_0/dlms_app/bootloader/bootloader/bl_hardware.o
                0x00000000080017b8                Hardware_getCapabilities
 .text.ext_flash_set_cs_active
                0x00000000080017c0       0x14 ../build/radientum_wp_v1_0/dlms_app/bootloader/../board/radientum_wp_v1_0/bootloader/external_flash_mx25r8035f.o
 .text.ext_flash_set_cs_inactive
                0x00000000080017d4       0x14 ../build/radientum_wp_v1_0/dlms_app/bootloader/../board/radientum_wp_v1_0/bootloader/external_flash_mx25r8035f.o
 .text.ext_flash_spi_transfer
                0x00000000080017e8       0x1c ../build/radientum_wp_v1_0/dlms_app/bootloader/../board/radientum_wp_v1_0/bootloader/external_flash_mx25r8035f.o
 .text.externalFlash_isBusy
                0x0000000008001804       0x38 ../build/radientum_wp_v1_0/dlms_app/bootloader/../board/radientum_wp_v1_0/bootloader/external_flash_mx25r8035f.o
                0x0000000008001804                externalFlash_isBusy
 .text.ext_flash_write_enable
                0x000000000800183c       0x38 ../build/radientum_wp_v1_0/dlms_app/bootloader/../board/radientum_wp_v1_0/bootloader/external_flash_mx25r8035f.o
 .text.externalFlash_init
                0x0000000008001874      0x224 ../build/radientum_wp_v1_0/dlms_app/bootloader/../board/radientum_wp_v1_0/bootloader/external_flash_mx25r8035f.o
                0x0000000008001874                externalFlash_init
 .text.reconfigure_usart_block_for_spi
                0x0000000008001a98       0x18 ../build/radientum_wp_v1_0/dlms_app/bootloader/../board/radientum_wp_v1_0/bootloader/external_flash_mx25r8035f.o
 .text.externalFlash_startRead
                0x0000000008001ab0       0x80 ../build/radientum_wp_v1_0/dlms_app/bootloader/../board/radientum_wp_v1_0/bootloader/external_flash_mx25r8035f.o
                0x0000000008001ab0                externalFlash_startRead
 .text.externalFlash_startWrite
                0x0000000008001b30       0x98 ../build/radientum_wp_v1_0/dlms_app/bootloader/../board/radientum_wp_v1_0/bootloader/external_flash_mx25r8035f.o
                0x0000000008001b30                externalFlash_startWrite
 .text.externalFlash_startErase
                0x0000000008001bc8       0x8c ../build/radientum_wp_v1_0/dlms_app/bootloader/../board/radientum_wp_v1_0/bootloader/external_flash_mx25r8035f.o
                0x0000000008001bc8                externalFlash_startErase
 .text.externalFlash_getInfo
                0x0000000008001c54       0x2c ../build/radientum_wp_v1_0/dlms_app/bootloader/../board/radientum_wp_v1_0/bootloader/external_flash_mx25r8035f.o
                0x0000000008001c54                externalFlash_getInfo
 .text.SystemInit
                0x0000000008001c80       0x1c ../build/radientum_wp_v1_0/dlms_app/bootloader/bootloader.a(system_efr32fg23.c.obj)
                0x0000000008001c80                SystemInit
 .text.SystemHFRCODPLLClockGet
                0x0000000008001c9c        0xc ../build/radientum_wp_v1_0/dlms_app/bootloader/bootloader.a(system_efr32fg23.c.obj)
                0x0000000008001c9c                SystemHFRCODPLLClockGet
 .text.SystemHFRCODPLLClockSet
                0x0000000008001ca8        0xc ../build/radientum_wp_v1_0/dlms_app/bootloader/bootloader.a(system_efr32fg23.c.obj)
                0x0000000008001ca8                SystemHFRCODPLLClockSet
 .text.SystemSYSCLKGet
                0x0000000008001cb4       0x34 ../build/radientum_wp_v1_0/dlms_app/bootloader/bootloader.a(system_efr32fg23.c.obj)
                0x0000000008001cb4                SystemSYSCLKGet
 .text.SystemHCLKGet
                0x0000000008001ce8       0x24 ../build/radientum_wp_v1_0/dlms_app/bootloader/bootloader.a(system_efr32fg23.c.obj)
                0x0000000008001ce8                SystemHCLKGet
 .text.SystemMaxCoreClockGet
                0x0000000008001d0c        0x8 ../build/radientum_wp_v1_0/dlms_app/bootloader/bootloader.a(system_efr32fg23.c.obj)
                0x0000000008001d0c                SystemMaxCoreClockGet
 .text.SystemHFXOClockGet
                0x0000000008001d14        0xc ../build/radientum_wp_v1_0/dlms_app/bootloader/bootloader.a(system_efr32fg23.c.obj)
                0x0000000008001d14                SystemHFXOClockGet
 .text.SystemCLKIN0Get
                0x0000000008001d20        0x4 ../build/radientum_wp_v1_0/dlms_app/bootloader/bootloader.a(system_efr32fg23.c.obj)
                0x0000000008001d20                SystemCLKIN0Get
 .text.SystemFSRCOClockGet
                0x0000000008001d24        0x8 ../build/radientum_wp_v1_0/dlms_app/bootloader/bootloader.a(system_efr32fg23.c.obj)
                0x0000000008001d24                SystemFSRCOClockGet
 .text.SystemHFRCOEM23ClockGet
                0x0000000008001d2c       0x84 ../build/radientum_wp_v1_0/dlms_app/bootloader/bootloader.a(system_efr32fg23.c.obj)
                0x0000000008001d2c                SystemHFRCOEM23ClockGet
 .text.SystemLFRCOClockGet
                0x0000000008001db0        0x6 ../build/radientum_wp_v1_0/dlms_app/bootloader/bootloader.a(system_efr32fg23.c.obj)
                0x0000000008001db0                SystemLFRCOClockGet
 .text.SystemULFRCOClockGet
                0x0000000008001db6        0x6 ../build/radientum_wp_v1_0/dlms_app/bootloader/bootloader.a(system_efr32fg23.c.obj)
                0x0000000008001db6                SystemULFRCOClockGet
 .text.SystemLFXOClockGet
                0x0000000008001dbc        0xc ../build/radientum_wp_v1_0/dlms_app/bootloader/bootloader.a(system_efr32fg23.c.obj)
                0x0000000008001dbc                SystemLFXOClockGet
 .text.__NVIC_SystemReset
                0x0000000008001dc8       0x24 ../build/radientum_wp_v1_0/dlms_app/bootloader/bootloader.a(bl_start.c.obj)
 .text.Bootloader_systemReset
                0x0000000008001dec        0x6 ../build/radientum_wp_v1_0/dlms_app/bootloader/bootloader.a(bl_start.c.obj)
                0x0000000008001dec                Bootloader_systemReset
 .text.Bootloader_allowFlashWrites
                0x0000000008001df2        0x4 ../build/radientum_wp_v1_0/dlms_app/bootloader/bootloader.a(bl_start.c.obj)
                0x0000000008001df2                Bootloader_allowFlashWrites
 .text.bl_start_efr32_init_common
                0x0000000008001df6       0x16 ../build/radientum_wp_v1_0/dlms_app/bootloader/bootloader.a(bl_start.c.obj)
                0x0000000008001df6                bl_start_efr32_init_common
 .text.bl_start_efr32_check_scratchpad
                0x0000000008001e0c       0x12 ../build/radientum_wp_v1_0/dlms_app/bootloader/bootloader.a(bl_start.c.obj)
                0x0000000008001e0c                bl_start_efr32_check_scratchpad
 *fill*         0x0000000008001e1e        0x2 
 .text.Scratchpad_clearWritePhase
                0x0000000008001e20       0x24 ../build/radientum_wp_v1_0/dlms_app/bootloader/bootloader.a(scratchpad.c.obj)
 .text.update_area_info
                0x0000000008001e44       0x6c ../build/radientum_wp_v1_0/dlms_app/bootloader/bootloader.a(scratchpad.c.obj)
 .text.update_header
                0x0000000008001eb0       0xb8 ../build/radientum_wp_v1_0/dlms_app/bootloader/bootloader.a(scratchpad.c.obj)
 .text.Scratchpad_getValidity
                0x0000000008001f68       0xd0 ../build/radientum_wp_v1_0/dlms_app/bootloader/bootloader.a(scratchpad.c.obj)
                0x0000000008001f68                Scratchpad_getValidity
 .text.Scratchpad_init
                0x0000000008002038       0x88 ../build/radientum_wp_v1_0/dlms_app/bootloader/bootloader.a(scratchpad.c.obj)
                0x0000000008002038                Scratchpad_init
 .text.Scratchpad_read
                0x00000000080020c0       0xec ../build/radientum_wp_v1_0/dlms_app/bootloader/bootloader.a(scratchpad.c.obj)
                0x00000000080020c0                Scratchpad_read
 .text.Scratchpad_clear
                0x00000000080021ac       0xb8 ../build/radientum_wp_v1_0/dlms_app/bootloader/bootloader.a(scratchpad.c.obj)
                0x00000000080021ac                Scratchpad_clear
 .text.Scratchpad_begin
                0x0000000008002264       0x4c ../build/radientum_wp_v1_0/dlms_app/bootloader/bootloader.a(scratchpad.c.obj)
                0x0000000008002264                Scratchpad_begin
 .text.Scratchpad_write
                0x00000000080022b0      0x1dc ../build/radientum_wp_v1_0/dlms_app/bootloader/bootloader.a(scratchpad.c.obj)
                0x00000000080022b0                Scratchpad_write
 .text.Scratchpad_getInfo
                0x000000000800248c       0x9c ../build/radientum_wp_v1_0/dlms_app/bootloader/bootloader.a(scratchpad.c.obj)
                0x000000000800248c                Scratchpad_getInfo
 .text.Scratchpad_setBootable
                0x0000000008002528       0x64 ../build/radientum_wp_v1_0/dlms_app/bootloader/bootloader.a(scratchpad.c.obj)
                0x0000000008002528                Scratchpad_setBootable
 .text.Scratchpad_setStatus
                0x000000000800258c       0x58 ../build/radientum_wp_v1_0/dlms_app/bootloader/bootloader.a(scratchpad.c.obj)
                0x000000000800258c                Scratchpad_setStatus
 .text.Scratchpad_setModemFWData
                0x00000000080025e4       0x1c ../build/radientum_wp_v1_0/dlms_app/bootloader/bootloader.a(scratchpad.c.obj)
                0x00000000080025e4                Scratchpad_setModemFWData
 .text.getAreaPtr
                0x0000000008002600       0x20 ../build/radientum_wp_v1_0/dlms_app/bootloader/bootloader.a(memoryarea.c.obj)
 .text.MemoryArea_init
                0x0000000008002620       0x14 ../build/radientum_wp_v1_0/dlms_app/bootloader/bootloader.a(memoryarea.c.obj)
                0x0000000008002620                MemoryArea_init
 .text.MemoryArea_startRead
                0x0000000008002634       0x50 ../build/radientum_wp_v1_0/dlms_app/bootloader/bootloader.a(memoryarea.c.obj)
                0x0000000008002634                MemoryArea_startRead
 .text.MemoryArea_startWrite
                0x0000000008002684       0x54 ../build/radientum_wp_v1_0/dlms_app/bootloader/bootloader.a(memoryarea.c.obj)
                0x0000000008002684                MemoryArea_startWrite
 .text.MemoryArea_startErase
                0x00000000080026d8       0x4c ../build/radientum_wp_v1_0/dlms_app/bootloader/bootloader.a(memoryarea.c.obj)
                0x00000000080026d8                MemoryArea_startErase
 .text.MemoryArea_isBusy
                0x0000000008002724       0x22 ../build/radientum_wp_v1_0/dlms_app/bootloader/bootloader.a(memoryarea.c.obj)
                0x0000000008002724                MemoryArea_isBusy
 .text.MemoryArea_getAreaInfo
                0x0000000008002746       0x72 ../build/radientum_wp_v1_0/dlms_app/bootloader/bootloader.a(memoryarea.c.obj)
                0x0000000008002746                MemoryArea_getAreaInfo
 .text.MemoryArea_getAreaList
                0x00000000080027b8       0x2c ../build/radientum_wp_v1_0/dlms_app/bootloader/bootloader.a(memoryarea.c.obj)
                0x00000000080027b8                MemoryArea_getAreaList
 .text.MemoryArea_getIdfromType
                0x00000000080027e4       0x56 ../build/radientum_wp_v1_0/dlms_app/bootloader/bootloader.a(memoryarea.c.obj)
                0x00000000080027e4                MemoryArea_getIdfromType
 .text.MemoryArea_getMaxNumAreas
                0x000000000800283a        0x4 ../build/radientum_wp_v1_0/dlms_app/bootloader/bootloader.a(memoryarea.c.obj)
                0x000000000800283a                MemoryArea_getMaxNumAreas
 .text.MemoryArea_read
                0x000000000800283e       0x66 ../build/radientum_wp_v1_0/dlms_app/bootloader/bootloader.a(memoryarea.c.obj)
                0x000000000800283e                MemoryArea_read
 .text.MemoryArea_getAreaHeader
                0x00000000080028a4       0x84 ../build/radientum_wp_v1_0/dlms_app/bootloader/bootloader.a(memoryarea.c.obj)
                0x00000000080028a4                MemoryArea_getAreaHeader
 .text.MemoryArea_write_pages
                0x0000000008002928       0x94 ../build/radientum_wp_v1_0/dlms_app/bootloader/bootloader.a(memoryarea.c.obj)
                0x0000000008002928                MemoryArea_write_pages
 .text.MemoryArea_erase
                0x00000000080029bc       0x62 ../build/radientum_wp_v1_0/dlms_app/bootloader/bootloader.a(memoryarea.c.obj)
                0x00000000080029bc                MemoryArea_erase
 .text.puffReadIn
                0x0000000008002a1e       0x50 ../build/radientum_wp_v1_0/dlms_app/bootloader/bootloader.a(bootloader.c.obj)
 *fill*         0x0000000008002a6e        0x2 
 .text.puffReadOut
                0x0000000008002a70       0x58 ../build/radientum_wp_v1_0/dlms_app/bootloader/bootloader.a(bootloader.c.obj)
 .text.writeAndVerifyFlash
                0x0000000008002ac8       0x80 ../build/radientum_wp_v1_0/dlms_app/bootloader/bootloader.a(bootloader.c.obj)
 .text.puffWrite
                0x0000000008002b48       0x42 ../build/radientum_wp_v1_0/dlms_app/bootloader/bootloader.a(bootloader.c.obj)
 *fill*         0x0000000008002b8a        0x2 
 .text.processFileData
                0x0000000008002b8c       0xb0 ../build/radientum_wp_v1_0/dlms_app/bootloader/bootloader.a(bootloader.c.obj)
 .text.Bootloader_findVerifyScratchpad
                0x0000000008002c3c       0x9c ../build/radientum_wp_v1_0/dlms_app/bootloader/bootloader.a(bootloader.c.obj)
                0x0000000008002c3c                Bootloader_findVerifyScratchpad
 .text.Bootloader_eraseFlash
                0x0000000008002cd8       0x58 ../build/radientum_wp_v1_0/dlms_app/bootloader/bootloader.a(bootloader.c.obj)
                0x0000000008002cd8                Bootloader_eraseFlash
 .text.Bootloader_processScratchpad
                0x0000000008002d30      0x220 ../build/radientum_wp_v1_0/dlms_app/bootloader/bootloader.a(bootloader.c.obj)
                0x0000000008002d30                Bootloader_processScratchpad
 .text.bl_start_efr32_init
                0x0000000008002f50       0x48 ../build/radientum_wp_v1_0/dlms_app/bootloader/bootloader.a(bl_start_series2_config2_onwards.c.obj)
                0x0000000008002f50                bl_start_efr32_init
 .text.bl_start_efr32_allow_flash_writes
                0x0000000008002f98       0x24 ../build/radientum_wp_v1_0/dlms_app/bootloader/bootloader.a(bl_start_series2_config2_onwards.c.obj)
                0x0000000008002f98                bl_start_efr32_allow_flash_writes
 .text.Watchdog_feed
                0x0000000008002fbc       0x18 ../build/radientum_wp_v1_0/dlms_app/bootloader/bootloader.a(watchdog.c.obj)
                0x0000000008002fbc                Watchdog_feed
 .text.waitBusy
                0x0000000008002fd4       0x10 ../build/radientum_wp_v1_0/dlms_app/bootloader/bootloader.a(internal_flash.c.obj)
 .text.internalFlash_init
                0x0000000008002fe4       0x18 ../build/radientum_wp_v1_0/dlms_app/bootloader/bootloader.a(internal_flash.c.obj)
                0x0000000008002fe4                internalFlash_init
 .text.internalFlash_startRead
                0x0000000008002ffc       0x14 ../build/radientum_wp_v1_0/dlms_app/bootloader/bootloader.a(internal_flash.c.obj)
                0x0000000008002ffc                internalFlash_startRead
 .text.internalFlash_isBusy
                0x0000000008003010        0x4 ../build/radientum_wp_v1_0/dlms_app/bootloader/bootloader.a(internal_flash.c.obj)
                0x0000000008003010                internalFlash_isBusy
 .text.internalFlash_getInfo
                0x0000000008003014       0x58 ../build/radientum_wp_v1_0/dlms_app/bootloader/bootloader.a(internal_flash.c.obj)
                0x0000000008003014                internalFlash_getInfo
 .text.Crc_addByte
                0x000000000800306c       0x1c ../build/radientum_wp_v1_0/dlms_app/bootloader/bootloader.a(crc.c.obj)
                0x000000000800306c                Crc_addByte
 .text.aes_setupStream
                0x0000000008003088       0x28 ../build/radientum_wp_v1_0/dlms_app/bootloader/bootloader.a(aes.c.obj)
                0x0000000008003088                aes_setupStream
 .text.aes_omac1GenerateSubkey
                0x00000000080030b0       0x32 ../build/radientum_wp_v1_0/dlms_app/bootloader/bootloader.a(aeshw_mbed.c.obj)
 .text.aes_omac1
                0x00000000080030e2       0xd4 ../build/radientum_wp_v1_0/dlms_app/bootloader/bootloader.a(aeshw_mbed.c.obj)
                0x00000000080030e2                aes_omac1
 .text.aes_crypto128Ctr
                0x00000000080031b6       0x72 ../build/radientum_wp_v1_0/dlms_app/bootloader/bootloader.a(aeshw_mbed.c.obj)
                0x00000000080031b6                aes_crypto128Ctr
 .text.aes_initOmac1
                0x0000000008003228       0x3c ../build/radientum_wp_v1_0/dlms_app/bootloader/bootloader.a(aeshw_mbed.c.obj)
                0x0000000008003228                aes_initOmac1
 .text.construct
                0x0000000008003264       0x9e ../build/radientum_wp_v1_0/dlms_app/bootloader/bootloader.a(puff.c.obj)
 .text.bits     0x0000000008003302       0x44 ../build/radientum_wp_v1_0/dlms_app/bootloader/bootloader.a(puff.c.obj)
 .text.decode   0x0000000008003346       0x90 ../build/radientum_wp_v1_0/dlms_app/bootloader/bootloader.a(puff.c.obj)
 *fill*         0x00000000080033d6        0x2 
 .text.codes    0x00000000080033d8       0xdc ../build/radientum_wp_v1_0/dlms_app/bootloader/bootloader.a(puff.c.obj)
 .text.dynamic  0x00000000080034b4      0x19c ../build/radientum_wp_v1_0/dlms_app/bootloader/bootloader.a(puff.c.obj)
 .text.puff     0x0000000008003650      0x1c0 ../build/radientum_wp_v1_0/dlms_app/bootloader/bootloader.a(puff.c.obj)
                0x0000000008003650                puff
 .text.Bootloader_verifyFileHeader
                0x0000000008003810       0x1c ../build/radientum_wp_v1_0/dlms_app/bootloader/bootloader.a(bl_scratchpad_header.c.obj)
                0x0000000008003810                Bootloader_verifyFileHeader
 .text.Bootloader_isKeyValid
                0x000000000800382c       0x2a ../build/radientum_wp_v1_0/dlms_app/bootloader/bootloader.a(bl_crypto.c.obj)
                0x000000000800382c                Bootloader_isKeyValid
 *fill*         0x0000000008003856        0x2 
 .text.Bootloader_authenticateScratchpad
                0x0000000008003858       0xdc ../build/radientum_wp_v1_0/dlms_app/bootloader/bootloader.a(bl_crypto.c.obj)
                0x0000000008003858                Bootloader_authenticateScratchpad
 .text.__NVIC_SystemReset
                0x0000000008003934       0x24 ../build/radientum_wp_v1_0/dlms_app/bootloader/bootloader.a(bl_start_code_protection_series2.c.obj)
 .text.bl_start_efr32_apply_code_protection
                0x0000000008003958       0x48 ../build/radientum_wp_v1_0/dlms_app/bootloader/bootloader.a(bl_start_code_protection_series2.c.obj)
                0x0000000008003958                bl_start_efr32_apply_code_protection
 .text.WDOGn_Feed
                0x00000000080039a0       0x22 ../build/radientum_wp_v1_0/dlms_app/bootloader/bootloader.a(em_wdog.c.obj)
                0x00000000080039a0                WDOGn_Feed
 .text.sl_se_init
                0x00000000080039c2        0x4 ../build/radientum_wp_v1_0/dlms_app/bootloader/bootloader.a(sl_se_manager.c.obj)
                0x00000000080039c2                sl_se_init
 .text.sl_se_deinit
                0x00000000080039c6        0x4 ../build/radientum_wp_v1_0/dlms_app/bootloader/bootloader.a(sl_se_manager.c.obj)
                0x00000000080039c6                sl_se_deinit
 .text.sli_se_to_sl_status
                0x00000000080039ca       0x60 ../build/radientum_wp_v1_0/dlms_app/bootloader/bootloader.a(sl_se_manager.c.obj)
                0x00000000080039ca                sli_se_to_sl_status
 *fill*         0x0000000008003a2a        0x2 
 .text.sli_se_execute_and_wait
                0x0000000008003a2c       0x40 ../build/radientum_wp_v1_0/dlms_app/bootloader/bootloader.a(sl_se_manager.c.obj)
                0x0000000008003a2c                sli_se_execute_and_wait
 .text.sl_se_init_command_context
                0x0000000008003a6c       0x14 ../build/radientum_wp_v1_0/dlms_app/bootloader/bootloader.a(sl_se_manager.c.obj)
                0x0000000008003a6c                sl_se_init_command_context
 .text.sl_se_deinit_command_context
                0x0000000008003a80        0xa ../build/radientum_wp_v1_0/dlms_app/bootloader/bootloader.a(sl_se_manager.c.obj)
                0x0000000008003a80                sl_se_deinit_command_context
 .text.sli_radioaes_run_operation
                0x0000000008003a8a       0x46 ../build/radientum_wp_v1_0/dlms_app/bootloader/bootloader.a(sli_protocol_crypto_radioaes.c.obj)
 .text.sli_aes_crypt_ecb_radio
                0x0000000008003ad0       0x74 ../build/radientum_wp_v1_0/dlms_app/bootloader/bootloader.a(sli_protocol_crypto_radioaes.c.obj)
                0x0000000008003ad0                sli_aes_crypt_ecb_radio
 .text.sli_radioaes_acquire
                0x0000000008003b44       0x48 ../build/radientum_wp_v1_0/dlms_app/bootloader/bootloader.a(sli_radioaes_management.c.obj)
                0x0000000008003b44                sli_radioaes_acquire
 .text.sli_radioaes_release
                0x0000000008003b8c        0xc ../build/radientum_wp_v1_0/dlms_app/bootloader/bootloader.a(sli_radioaes_management.c.obj)
                0x0000000008003b8c                sli_radioaes_release
 .text.sli_radioaes_save_state
                0x0000000008003b98       0x1c ../build/radientum_wp_v1_0/dlms_app/bootloader/bootloader.a(sli_radioaes_management.c.obj)
                0x0000000008003b98                sli_radioaes_save_state
 .text.sli_radioaes_restore_state
                0x0000000008003bb4       0x1c ../build/radientum_wp_v1_0/dlms_app/bootloader/bootloader.a(sli_radioaes_management.c.obj)
                0x0000000008003bb4                sli_radioaes_restore_state
 .text.decode_debug_status
                0x0000000008003bd0       0x6a ../build/radientum_wp_v1_0/dlms_app/bootloader/bootloader.a(sl_se_manager_util.c.obj)
 *fill*         0x0000000008003c3a        0x2 
 .text.sl_se_apply_debug_lock
                0x0000000008003c3c       0x1c ../build/radientum_wp_v1_0/dlms_app/bootloader/bootloader.a(sl_se_manager_util.c.obj)
                0x0000000008003c3c                sl_se_apply_debug_lock
 .text.sl_se_get_debug_lock_status
                0x0000000008003c58       0x50 ../build/radientum_wp_v1_0/dlms_app/bootloader/bootloader.a(sl_se_manager_util.c.obj)
                0x0000000008003c58                sl_se_get_debug_lock_status
 .text.SE_addDataOutput
                0x0000000008003ca8       0x14 ../build/radientum_wp_v1_0/dlms_app/bootloader/bootloader.a(em_se.c.obj)
                0x0000000008003ca8                SE_addDataOutput
 .text.SE_executeCommand
                0x0000000008003cbc       0x3c ../build/radientum_wp_v1_0/dlms_app/bootloader/bootloader.a(em_se.c.obj)
                0x0000000008003cbc                SE_executeCommand
 .text.memcmp   0x0000000008003cf8       0x20 /home/ramesh/srikanth_sir/work_folder/dlms/toolchain/gcc-arm-none-eabi-10.3-2021.10/bin/../lib/gcc/arm-none-eabi/10.3.1/../../../../arm-none-eabi/lib/thumb/v8-m.main+fp/hard/libg_nano.a(lib_a-memcmp.o)
                0x0000000008003cf8                memcmp
 .text.memcpy   0x0000000008003d18       0x1a /home/ramesh/srikanth_sir/work_folder/dlms/toolchain/gcc-arm-none-eabi-10.3-2021.10/bin/../lib/gcc/arm-none-eabi/10.3.1/../../../../arm-none-eabi/lib/thumb/v8-m.main+fp/hard/libg_nano.a(lib_a-memcpy-stub.o)
                0x0000000008003d18                memcpy
 .text.memset   0x0000000008003d32       0x10 /home/ramesh/srikanth_sir/work_folder/dlms/toolchain/gcc-arm-none-eabi-10.3-2021.10/bin/../lib/gcc/arm-none-eabi/10.3.1/../../../../arm-none-eabi/lib/thumb/v8-m.main+fp/hard/libg_nano.a(lib_a-memset.o)
                0x0000000008003d32                memset
 *(.text)
 *fill*         0x0000000008003d42        0x2 
 .text          0x0000000008003d44       0x1c /home/ramesh/srikanth_sir/work_folder/dlms/toolchain/gcc-arm-none-eabi-10.3-2021.10/bin/../lib/gcc/arm-none-eabi/10.3.1/../../../../arm-none-eabi/lib/thumb/v8-m.main+fp/hard/libg_nano.a(lib_a-setjmp.o)
                0x0000000008003d44                setjmp
                0x0000000008003d50                longjmp
 .text.__stub   0x0000000008003d60       0x20 linker stubs
 *(.glue_7)
 .glue_7        0x0000000008003d80        0x0 linker stubs
 *(.glue_7t)
 .glue_7t       0x0000000008003d80        0x0 linker stubs
 *(.vfp11_veneer)
 .vfp11_veneer  0x0000000008003d80        0x0 linker stubs
 *(.v4_bx)
 .v4_bx         0x0000000008003d80        0x0 linker stubs
 *(.rodata.*)
 .rodata.CSWTCH.78
                0x0000000008003d80        0xe ../build/radientum_wp_v1_0/dlms_app/bootloader/mcu/efr/common/vendor/em_cmu.o
 .rodata.CSWTCH.79
                0x0000000008003d8e        0x6 ../build/radientum_wp_v1_0/dlms_app/bootloader/mcu/efr/common/vendor/em_cmu.o
 .rodata.CSWTCH.80
                0x0000000008003d94        0x3 ../build/radientum_wp_v1_0/dlms_app/bootloader/mcu/efr/common/vendor/em_cmu.o
 .rodata.CSWTCH.82
                0x0000000008003d97        0x6 ../build/radientum_wp_v1_0/dlms_app/bootloader/mcu/efr/common/vendor/em_cmu.o
 .rodata.CSWTCH.84
                0x0000000008003d9d        0x7 ../build/radientum_wp_v1_0/dlms_app/bootloader/mcu/efr/common/vendor/em_cmu.o
 .rodata.CSWTCH.85
                0x0000000008003da4        0xb ../build/radientum_wp_v1_0/dlms_app/bootloader/mcu/efr/common/vendor/em_cmu.o
 .rodata.CSWTCH.86
                0x0000000008003daf        0x6 ../build/radientum_wp_v1_0/dlms_app/bootloader/mcu/efr/common/vendor/em_cmu.o
 .rodata.CSWTCH.89
                0x0000000008003db5        0xf ../build/radientum_wp_v1_0/dlms_app/bootloader/mcu/efr/common/vendor/em_cmu.o
 .rodata.m_hw   0x0000000008003dc4        0x8 ../build/radientum_wp_v1_0/dlms_app/bootloader/bootloader/bl_hardware.o
 .rodata.m_platform_efr32
                0x0000000008003dcc        0x8 ../build/radientum_wp_v1_0/dlms_app/bootloader/bootloader/bl_hardware.o
 .rodata.m_flash_info
                0x0000000008003dd4       0x2c ../build/radientum_wp_v1_0/dlms_app/bootloader/../board/radientum_wp_v1_0/bootloader/external_flash_mx25r8035f.o
 .rodata.Scratchpad_clear.str1.1
                0x0000000008003e00       0x11 ../build/radientum_wp_v1_0/dlms_app/bootloader/bootloader.a(scratchpad.c.obj)
 *fill*         0x0000000008003e11        0x3 
 .rodata.m_clear_tag
                0x0000000008003e14       0x10 ../build/radientum_wp_v1_0/dlms_app/bootloader/bootloader.a(scratchpad.c.obj)
 .rodata.m_tag  0x0000000008003e24       0x14 ../build/radientum_wp_v1_0/dlms_app/bootloader/bootloader.a(scratchpad.c.obj)
 .rodata.m_bl_interface
                0x0000000008003e38       0x14 ../build/radientum_wp_v1_0/dlms_app/bootloader/bootloader.a(bl_interface.c.obj)
                0x0000000008003e38                m_bl_interface
 .rodata.m_hardware_services
                0x0000000008003e4c        0x4 ../build/radientum_wp_v1_0/dlms_app/bootloader/bootloader.a(bl_interface.c.obj)
                0x0000000008003e4c                m_hardware_services
 .rodata.m_memory_area_services
                0x0000000008003e50       0x24 ../build/radientum_wp_v1_0/dlms_app/bootloader/bootloader.a(bl_interface.c.obj)
                0x0000000008003e50                m_memory_area_services
 .rodata.m_scratchpad_services
                0x0000000008003e74       0x20 ../build/radientum_wp_v1_0/dlms_app/bootloader/bootloader.a(bl_interface.c.obj)
                0x0000000008003e74                m_scratchpad_services
 .rodata.m_flash_info
                0x0000000008003e94       0x2c ../build/radientum_wp_v1_0/dlms_app/bootloader/bootloader.a(internal_flash.c.obj)
 .rodata.dext.1
                0x0000000008003ec0       0x3c ../build/radientum_wp_v1_0/dlms_app/bootloader/bootloader.a(puff.c.obj)
 .rodata.dists.2
                0x0000000008003efc       0x3c ../build/radientum_wp_v1_0/dlms_app/bootloader/bootloader.a(puff.c.obj)
 .rodata.lens.4
                0x0000000008003f38       0x3a ../build/radientum_wp_v1_0/dlms_app/bootloader/bootloader.a(puff.c.obj)
 .rodata.lext.3
                0x0000000008003f72       0x3a ../build/radientum_wp_v1_0/dlms_app/bootloader/bootloader.a(puff.c.obj)
 .rodata.order.0
                0x0000000008003fac       0x26 ../build/radientum_wp_v1_0/dlms_app/bootloader/bootloader.a(puff.c.obj)
 *(.rodata)
 .rodata        0x0000000008003fd2        0x7 ../build/radientum_wp_v1_0/dlms_app/bootloader/mcu/efr/efr32/hal/power.o
 .rodata        0x0000000008003fd9       0x11 ../build/radientum_wp_v1_0/dlms_app/bootloader/../board/radientum_wp_v1_0/bootloader/external_flash_mx25r8035f.o
 *(.rodata1)
 *(.crc_lut)
                0x0000000008003ff0                . = ALIGN (0x8)
 *fill*         0x0000000008003fea        0x6 
                0x0000000008003ff0                __etext = .
                0x0000000008003ff0                __data_src_start__ = .

.datastatic     0x0000000020000018      0x140 load address 0x0000000008003ff0
                0x0000000020000018                __datastatic_start__ = .
 *(.ramtext)
 .ramtext       0x0000000020000018      0x100 ../build/radientum_wp_v1_0/dlms_app/bootloader/bootloader.a(internal_flash.c.obj)
                0x0000000020000018                internalFlash_startWrite
                0x0000000020000098                internalFlash_startErase
 .ramtext.__stub
                0x0000000020000118       0x20 linker stubs
 *memoryarea.*o*(.data* .data)
 *scratchpad.*o*(.data* .data)
 *internal_flash*.*o*(.data* .data)
 *external_flash*.*o*(.data* .data)
 *debug_flow*.*o*(.data* .data)
 *board/*/bootloader/*.*o*(.data* .data)
 *bootloader/bl_hardware*.*o*(.data* .data)
 .data.m_hfxoInit
                0x0000000020000138       0x14 ../build/radientum_wp_v1_0/dlms_app/bootloader/bootloader/bl_hardware.o
 .data.m_lfxoInit
                0x000000002000014c        0xb ../build/radientum_wp_v1_0/dlms_app/bootloader/bootloader/bl_hardware.o
                0x0000000020000158                . = ALIGN (0x8)
 *fill*         0x0000000020000157        0x1 
                0x0000000020000158                __datastatic_end__ = .

.bssstatic      0x0000000020000158       0xb8 load address 0x0000000008004130
                0x0000000020000158                __bssstatic_start__ = .
 *memoryarea.*o*(.bss.* .bss)
 *scratchpad.*o*(.bss.* .bss)
 .bss.m_area_dedicated
                0x0000000020000158        0x1 ../build/radientum_wp_v1_0/dlms_app/bootloader/bootloader.a(scratchpad.c.obj)
 *fill*         0x0000000020000159        0x3 
 .bss.m_area_id
                0x000000002000015c        0x4 ../build/radientum_wp_v1_0/dlms_app/bootloader/bootloader.a(scratchpad.c.obj)
 .bss.m_area_length
                0x0000000020000160        0x4 ../build/radientum_wp_v1_0/dlms_app/bootloader/bootloader.a(scratchpad.c.obj)
 .bss.m_area_start_address
                0x0000000020000164        0x4 ../build/radientum_wp_v1_0/dlms_app/bootloader/bootloader.a(scratchpad.c.obj)
 .bss.m_block   0x0000000020000168       0x70 ../build/radientum_wp_v1_0/dlms_app/bootloader/bootloader.a(scratchpad.c.obj)
 .bss.m_header_address
                0x00000000200001d8        0x4 ../build/radientum_wp_v1_0/dlms_app/bootloader/bootloader.a(scratchpad.c.obj)
 .bss.m_header_bytes
                0x00000000200001dc       0x10 ../build/radientum_wp_v1_0/dlms_app/bootloader/bootloader.a(scratchpad.c.obj)
 .bss.m_modem_fw_area_id
                0x00000000200001ec        0x4 ../build/radientum_wp_v1_0/dlms_app/bootloader/bootloader.a(scratchpad.c.obj)
 .bss.m_modem_fw_data
                0x00000000200001f0        0x4 ../build/radientum_wp_v1_0/dlms_app/bootloader/bootloader.a(scratchpad.c.obj)
 .bss.m_modem_fw_length
                0x00000000200001f4        0x4 ../build/radientum_wp_v1_0/dlms_app/bootloader/bootloader.a(scratchpad.c.obj)
 .bss.m_scratchpad_valid
                0x00000000200001f8        0x1 ../build/radientum_wp_v1_0/dlms_app/bootloader/bootloader.a(scratchpad.c.obj)
 *fill*         0x00000000200001f9        0x3 
 .bss.m_tag_address
                0x00000000200001fc        0x4 ../build/radientum_wp_v1_0/dlms_app/bootloader/bootloader.a(scratchpad.c.obj)
 .bss.m_write_next_start
                0x0000000020000200        0x4 ../build/radientum_wp_v1_0/dlms_app/bootloader/bootloader.a(scratchpad.c.obj)
 .bss.m_write_phase
                0x0000000020000204        0x1 ../build/radientum_wp_v1_0/dlms_app/bootloader/bootloader.a(scratchpad.c.obj)
 .bss.m_write_seq
                0x0000000020000205        0x1 ../build/radientum_wp_v1_0/dlms_app/bootloader/bootloader.a(scratchpad.c.obj)
 *fill*         0x0000000020000206        0x2 
 .bss.m_write_total_num_bytes
                0x0000000020000208        0x4 ../build/radientum_wp_v1_0/dlms_app/bootloader/bootloader.a(scratchpad.c.obj)
 *internal_flash*.*o*(.bss* .bss)
 *external_flash*.*o*(.bss* .bss)
 *debug_flow*.*o*(.bss* .bss)
 *board/*/bootloader/*.*o*(.bss* .bss)
 *bootloader/bl_hardware*.*o*(.bss* .bss)
 *(COMMON)
                0x0000000020000210                . = ALIGN (0x8)
 *fill*         0x000000002000020c        0x4 
                0x0000000020000210                __bssstatic_end__ = .

.data           0x0000000020001500       0x18 load address 0x0000000008004130
                0x0000000020001500                __data_start__ = .
 *(.data.*)
 .data.SystemCoreClock
                0x0000000020001500        0x4 ../build/radientum_wp_v1_0/dlms_app/bootloader/bootloader.a(system_efr32fg23.c.obj)
                0x0000000020001500                SystemCoreClock
 .data.SystemHFRCODPLLClock
                0x0000000020001504        0x4 ../build/radientum_wp_v1_0/dlms_app/bootloader/bootloader.a(system_efr32fg23.c.obj)
 .data.SystemHFXOClock
                0x0000000020001508        0x4 ../build/radientum_wp_v1_0/dlms_app/bootloader/bootloader.a(system_efr32fg23.c.obj)
 .data.SystemLFXOClock
                0x000000002000150c        0x4 ../build/radientum_wp_v1_0/dlms_app/bootloader/bootloader.a(system_efr32fg23.c.obj)
 .data.virgin.11
                0x0000000020001510        0x4 ../build/radientum_wp_v1_0/dlms_app/bootloader/bootloader.a(puff.c.obj)
 *(.data)
 *(.data1)
                0x0000000020001518                . = ALIGN (0x8)
 *fill*         0x0000000020001514        0x4 
                0x0000000020001518                __data_end__ = .

.bss            0x0000000020001518     0x2360 load address 0x0000000008004148
                0x0000000020001518                __bss_start__ = .
 *(.bss.*)
 .bss.vScaleEM01Config
                0x0000000020001518        0x1 ../build/radientum_wp_v1_0/dlms_app/bootloader/mcu/efr/common/vendor/em_emu.o
 *fill*         0x0000000020001519        0x3 
 .bss.m_aes_data_stream
                0x000000002000151c       0x30 ../build/radientum_wp_v1_0/dlms_app/bootloader/bootloader.a(bootloader.c.obj)
 .bss.m_encrypt_key
                0x000000002000154c        0x4 ../build/radientum_wp_v1_0/dlms_app/bootloader/bootloader.a(bootloader.c.obj)
 .bss.m_file_area_id
                0x0000000020001550        0x4 ../build/radientum_wp_v1_0/dlms_app/bootloader/bootloader.a(bootloader.c.obj)
 .bss.m_flash_page_buffer
                0x0000000020001554     0x2000 ../build/radientum_wp_v1_0/dlms_app/bootloader/bootloader.a(bootloader.c.obj)
 .bss.m_num_verify_errors
                0x0000000020003554        0x4 ../build/radientum_wp_v1_0/dlms_app/bootloader/bootloader.a(bootloader.c.obj)
 .bss.m_scratchpad_info
                0x0000000020003558       0x24 ../build/radientum_wp_v1_0/dlms_app/bootloader/bootloader.a(bootloader.c.obj)
 .bss.aes_plaintext_null
                0x000000002000357c       0x10 ../build/radientum_wp_v1_0/dlms_app/bootloader/bootloader.a(aes.c.obj)
                0x000000002000357c                aes_plaintext_null
 .bss.distcnt.6
                0x000000002000358c       0x20 ../build/radientum_wp_v1_0/dlms_app/bootloader/bootloader.a(puff.c.obj)
 .bss.distcode.7
                0x00000000200035ac        0x8 ../build/radientum_wp_v1_0/dlms_app/bootloader/bootloader.a(puff.c.obj)
 .bss.distsym.5
                0x00000000200035b4       0x3c ../build/radientum_wp_v1_0/dlms_app/bootloader/bootloader.a(puff.c.obj)
 .bss.lencnt.9  0x00000000200035f0       0x20 ../build/radientum_wp_v1_0/dlms_app/bootloader/bootloader.a(puff.c.obj)
 .bss.lencode.10
                0x0000000020003610        0x8 ../build/radientum_wp_v1_0/dlms_app/bootloader/bootloader.a(puff.c.obj)
 .bss.lensym.8  0x0000000020003618      0x240 ../build/radientum_wp_v1_0/dlms_app/bootloader/bootloader.a(puff.c.obj)
 .bss.cmd_ctx.0
                0x0000000020003858       0x20 ../build/radientum_wp_v1_0/dlms_app/bootloader/bootloader.a(bl_start_code_protection_series2.c.obj)
 *(.bss)
                0x0000000020003878                . = ALIGN (0x8)
                0x0000000020003878                __bss_end__ = .

.blconfig       0x0000000008007c00      0x400
                0x0000000008007c00                __blconfig_start__ = .
                0x0000000008008000                . = (. + LENGTH (BLCONFIG))
 *fill*         0x0000000008007c00      0x400 
                0x0000000008008000                __blconfig_end__ = .

.stack_dummy
 *(.stack*)
                0x0000000020010000                __stack_top__ = (ORIGIN (RAM) + LENGTH (RAM))
                0x0000000000000000                __Vectors = 0x0

.invalid        0x0000000100000000        0x0
 *(.init)
 *(.fini)
 *(.preinit_array)
 *(.init_array)
 *(.fini_array)
 *(.ctors)
 *(.dtors)
 *(.jcr)
 *(.eh_frame)
 *(.eh_frame_hdr)
 *(.heap*)
 *(.tbss)
 *(.tdata)
 *(.tdata1)
 *(.got)
 *(.got.plt)
 *(.igot.plt)
 .igot.plt      0x0000000100000000        0x0 ../build/radientum_wp_v1_0/dlms_app/bootloader/mcu/efr/efr32/hal/power.o
 *(.iplt)
 .iplt          0x0000000100000000        0x0 ../build/radientum_wp_v1_0/dlms_app/bootloader/mcu/efr/efr32/hal/power.o
 *(.rel.dyn)
 *(.rel.iplt)
 .rel.iplt      0x0000000100000000        0x0 ../build/radientum_wp_v1_0/dlms_app/bootloader/mcu/efr/efr32/hal/power.o

/DISCARD/
 *(.ARM.extab)
 *(.ARM.extab.*)
 *(.ARM.exidx)
 *(.ARM.exidx.*)
START GROUP
LOAD /home/ramesh/srikanth_sir/work_folder/dlms/toolchain/gcc-arm-none-eabi-10.3-2021.10/bin/../lib/gcc/arm-none-eabi/10.3.1/thumb/v8-m.main+fp/hard/libgcc.a
LOAD /home/ramesh/srikanth_sir/work_folder/dlms/toolchain/gcc-arm-none-eabi-10.3-2021.10/bin/../lib/gcc/arm-none-eabi/10.3.1/../../../../arm-none-eabi/lib/thumb/v8-m.main+fp/hard/libg_nano.a
LOAD /home/ramesh/srikanth_sir/work_folder/dlms/toolchain/gcc-arm-none-eabi-10.3-2021.10/bin/../lib/gcc/arm-none-eabi/10.3.1/../../../../arm-none-eabi/lib/thumb/v8-m.main+fp/hard/libc_nano.a
END GROUP
START GROUP
LOAD /home/ramesh/srikanth_sir/work_folder/dlms/toolchain/gcc-arm-none-eabi-10.3-2021.10/bin/../lib/gcc/arm-none-eabi/10.3.1/thumb/v8-m.main+fp/hard/libgcc.a
LOAD /home/ramesh/srikanth_sir/work_folder/dlms/toolchain/gcc-arm-none-eabi-10.3-2021.10/bin/../lib/gcc/arm-none-eabi/10.3.1/../../../../arm-none-eabi/lib/thumb/v8-m.main+fp/hard/libc_nano.a
END GROUP
OUTPUT(../build/radientum_wp_v1_0/dlms_app/bootloader/bootloader.elf elf32-littlearm)
LOAD linker stubs

.debug_info     0x0000000000000000    0x236ba
 .debug_info    0x0000000000000000      0x2e7 ../build/radientum_wp_v1_0/dlms_app/bootloader/mcu/efr/efr32/hal/power.o
 .debug_info    0x00000000000002e7     0x35e7 ../build/radientum_wp_v1_0/dlms_app/bootloader/mcu/efr/common/vendor/em_emu.o
 .debug_info    0x00000000000038ce     0x8ba9 ../build/radientum_wp_v1_0/dlms_app/bootloader/mcu/efr/common/vendor/em_cmu.o
 .debug_info    0x000000000000c477     0x1038 ../build/radientum_wp_v1_0/dlms_app/bootloader/mcu/efr/common/vendor/em_core.o
 .debug_info    0x000000000000d4af       0x8e ../build/radientum_wp_v1_0/dlms_app/bootloader/bootloader/early_init.o
 .debug_info    0x000000000000d53d      0x58f ../build/radientum_wp_v1_0/dlms_app/bootloader/bootloader/bl_hardware.o
 .debug_info    0x000000000000dacc     0x367a ../build/radientum_wp_v1_0/dlms_app/bootloader/../board/radientum_wp_v1_0/bootloader/external_flash_mx25r8035f.o
 .debug_info    0x0000000000011146     0x14c5 ../build/radientum_wp_v1_0/dlms_app/bootloader/bootloader.a(system_efr32fg23.c.obj)
 .debug_info    0x000000000001260b     0x14e7 ../build/radientum_wp_v1_0/dlms_app/bootloader/bootloader.a(bl_start.c.obj)
 .debug_info    0x0000000000013af2     0x134e ../build/radientum_wp_v1_0/dlms_app/bootloader/bootloader.a(scratchpad.c.obj)
 .debug_info    0x0000000000014e40     0x10ae ../build/radientum_wp_v1_0/dlms_app/bootloader/bootloader.a(memoryarea.c.obj)
 .debug_info    0x0000000000015eee      0xa84 ../build/radientum_wp_v1_0/dlms_app/bootloader/bootloader.a(bl_interface.c.obj)
 .debug_info    0x0000000000016972     0x146e ../build/radientum_wp_v1_0/dlms_app/bootloader/bootloader.a(bootloader.c.obj)
 .debug_info    0x0000000000017de0      0x7b4 ../build/radientum_wp_v1_0/dlms_app/bootloader/bootloader.a(bl_start_series2_config2_onwards.c.obj)
 .debug_info    0x0000000000018594      0xf98 ../build/radientum_wp_v1_0/dlms_app/bootloader/bootloader.a(watchdog.c.obj)
 .debug_info    0x000000000001952c     0x124e ../build/radientum_wp_v1_0/dlms_app/bootloader/bootloader.a(internal_flash.c.obj)
 .debug_info    0x000000000001a77a      0x25e ../build/radientum_wp_v1_0/dlms_app/bootloader/bootloader.a(crc.c.obj)
 .debug_info    0x000000000001a9d8      0x28e ../build/radientum_wp_v1_0/dlms_app/bootloader/bootloader.a(aes.c.obj)
 .debug_info    0x000000000001ac66      0x5f1 ../build/radientum_wp_v1_0/dlms_app/bootloader/bootloader.a(aeshw_mbed.c.obj)
 .debug_info    0x000000000001b257      0xc74 ../build/radientum_wp_v1_0/dlms_app/bootloader/bootloader.a(puff.c.obj)
 .debug_info    0x000000000001becb      0x199 ../build/radientum_wp_v1_0/dlms_app/bootloader/bootloader.a(bl_scratchpad_header.c.obj)
 .debug_info    0x000000000001c064      0x7d3 ../build/radientum_wp_v1_0/dlms_app/bootloader/bootloader.a(bl_crypto.c.obj)
 .debug_info    0x000000000001c837      0x6b9 ../build/radientum_wp_v1_0/dlms_app/bootloader/bootloader.a(bl_start_code_protection_series2.c.obj)
 .debug_info    0x000000000001cef0      0x6a4 ../build/radientum_wp_v1_0/dlms_app/bootloader/bootloader.a(em_wdog.c.obj)
 .debug_info    0x000000000001d594     0x12fa ../build/radientum_wp_v1_0/dlms_app/bootloader/bootloader.a(sl_se_manager.c.obj)
 .debug_info    0x000000000001e88e     0x10ed ../build/radientum_wp_v1_0/dlms_app/bootloader/bootloader.a(sli_protocol_crypto_radioaes.c.obj)
 .debug_info    0x000000000001f97b     0x1285 ../build/radientum_wp_v1_0/dlms_app/bootloader/bootloader.a(sli_radioaes_management.c.obj)
 .debug_info    0x0000000000020c00     0x1a53 ../build/radientum_wp_v1_0/dlms_app/bootloader/bootloader.a(sl_se_manager_util.c.obj)
 .debug_info    0x0000000000022653     0x1067 ../build/radientum_wp_v1_0/dlms_app/bootloader/bootloader.a(em_se.c.obj)

.debug_abbrev   0x0000000000000000     0x44a9
 .debug_abbrev  0x0000000000000000       0xca ../build/radientum_wp_v1_0/dlms_app/bootloader/mcu/efr/efr32/hal/power.o
 .debug_abbrev  0x00000000000000ca      0x45c ../build/radientum_wp_v1_0/dlms_app/bootloader/mcu/efr/common/vendor/em_emu.o
 .debug_abbrev  0x0000000000000526      0x478 ../build/radientum_wp_v1_0/dlms_app/bootloader/mcu/efr/common/vendor/em_cmu.o
 .debug_abbrev  0x000000000000099e      0x35b ../build/radientum_wp_v1_0/dlms_app/bootloader/mcu/efr/common/vendor/em_core.o
 .debug_abbrev  0x0000000000000cf9       0x68 ../build/radientum_wp_v1_0/dlms_app/bootloader/bootloader/early_init.o
 .debug_abbrev  0x0000000000000d61       0xff ../build/radientum_wp_v1_0/dlms_app/bootloader/bootloader/bl_hardware.o
 .debug_abbrev  0x0000000000000e60      0x378 ../build/radientum_wp_v1_0/dlms_app/bootloader/../board/radientum_wp_v1_0/bootloader/external_flash_mx25r8035f.o
 .debug_abbrev  0x00000000000011d8      0x273 ../build/radientum_wp_v1_0/dlms_app/bootloader/bootloader.a(system_efr32fg23.c.obj)
 .debug_abbrev  0x000000000000144b      0x2a4 ../build/radientum_wp_v1_0/dlms_app/bootloader/bootloader.a(bl_start.c.obj)
 .debug_abbrev  0x00000000000016ef      0x389 ../build/radientum_wp_v1_0/dlms_app/bootloader/bootloader.a(scratchpad.c.obj)
 .debug_abbrev  0x0000000000001a78      0x340 ../build/radientum_wp_v1_0/dlms_app/bootloader/bootloader.a(memoryarea.c.obj)
 .debug_abbrev  0x0000000000001db8      0x118 ../build/radientum_wp_v1_0/dlms_app/bootloader/bootloader.a(bl_interface.c.obj)
 .debug_abbrev  0x0000000000001ed0      0x37d ../build/radientum_wp_v1_0/dlms_app/bootloader/bootloader.a(bootloader.c.obj)
 .debug_abbrev  0x000000000000224d      0x173 ../build/radientum_wp_v1_0/dlms_app/bootloader/bootloader.a(bl_start_series2_config2_onwards.c.obj)
 .debug_abbrev  0x00000000000023c0      0x10d ../build/radientum_wp_v1_0/dlms_app/bootloader/bootloader.a(watchdog.c.obj)
 .debug_abbrev  0x00000000000024cd      0x394 ../build/radientum_wp_v1_0/dlms_app/bootloader/bootloader.a(internal_flash.c.obj)
 .debug_abbrev  0x0000000000002861       0xf5 ../build/radientum_wp_v1_0/dlms_app/bootloader/bootloader.a(crc.c.obj)
 .debug_abbrev  0x0000000000002956      0x169 ../build/radientum_wp_v1_0/dlms_app/bootloader/bootloader.a(aes.c.obj)
 .debug_abbrev  0x0000000000002abf      0x1dc ../build/radientum_wp_v1_0/dlms_app/bootloader/bootloader.a(aeshw_mbed.c.obj)
 .debug_abbrev  0x0000000000002c9b      0x303 ../build/radientum_wp_v1_0/dlms_app/bootloader/bootloader.a(puff.c.obj)
 .debug_abbrev  0x0000000000002f9e       0xf4 ../build/radientum_wp_v1_0/dlms_app/bootloader/bootloader.a(bl_scratchpad_header.c.obj)
 .debug_abbrev  0x0000000000003092      0x247 ../build/radientum_wp_v1_0/dlms_app/bootloader/bootloader.a(bl_crypto.c.obj)
 .debug_abbrev  0x00000000000032d9      0x1ab ../build/radientum_wp_v1_0/dlms_app/bootloader/bootloader.a(bl_start_code_protection_series2.c.obj)
 .debug_abbrev  0x0000000000003484      0x24e ../build/radientum_wp_v1_0/dlms_app/bootloader/bootloader.a(em_wdog.c.obj)
 .debug_abbrev  0x00000000000036d2      0x363 ../build/radientum_wp_v1_0/dlms_app/bootloader/bootloader.a(sl_se_manager.c.obj)
 .debug_abbrev  0x0000000000003a35      0x2ea ../build/radientum_wp_v1_0/dlms_app/bootloader/bootloader.a(sli_protocol_crypto_radioaes.c.obj)
 .debug_abbrev  0x0000000000003d1f      0x18d ../build/radientum_wp_v1_0/dlms_app/bootloader/bootloader.a(sli_radioaes_management.c.obj)
 .debug_abbrev  0x0000000000003eac      0x338 ../build/radientum_wp_v1_0/dlms_app/bootloader/bootloader.a(sl_se_manager_util.c.obj)
 .debug_abbrev  0x00000000000041e4      0x2c5 ../build/radientum_wp_v1_0/dlms_app/bootloader/bootloader.a(em_se.c.obj)

.debug_aranges  0x0000000000000000      0xb30
 .debug_aranges
                0x0000000000000000       0x20 ../build/radientum_wp_v1_0/dlms_app/bootloader/mcu/efr/efr32/hal/power.o
 .debug_aranges
                0x0000000000000020       0xe8 ../build/radientum_wp_v1_0/dlms_app/bootloader/mcu/efr/common/vendor/em_emu.o
 .debug_aranges
                0x0000000000000108      0x188 ../build/radientum_wp_v1_0/dlms_app/bootloader/mcu/efr/common/vendor/em_cmu.o
 .debug_aranges
                0x0000000000000290       0xc0 ../build/radientum_wp_v1_0/dlms_app/bootloader/mcu/efr/common/vendor/em_core.o
 .debug_aranges
                0x0000000000000350       0x28 ../build/radientum_wp_v1_0/dlms_app/bootloader/bootloader/early_init.o
 .debug_aranges
                0x0000000000000378       0x20 ../build/radientum_wp_v1_0/dlms_app/bootloader/bootloader/bl_hardware.o
 .debug_aranges
                0x0000000000000398       0x70 ../build/radientum_wp_v1_0/dlms_app/bootloader/../board/radientum_wp_v1_0/bootloader/external_flash_mx25r8035f.o
 .debug_aranges
                0x0000000000000408       0x90 ../build/radientum_wp_v1_0/dlms_app/bootloader/bootloader.a(system_efr32fg23.c.obj)
 .debug_aranges
                0x0000000000000498       0x48 ../build/radientum_wp_v1_0/dlms_app/bootloader/bootloader.a(bl_start.c.obj)
 .debug_aranges
                0x00000000000004e0       0x80 ../build/radientum_wp_v1_0/dlms_app/bootloader/bootloader.a(scratchpad.c.obj)
 .debug_aranges
                0x0000000000000560       0x88 ../build/radientum_wp_v1_0/dlms_app/bootloader/bootloader.a(memoryarea.c.obj)
 .debug_aranges
                0x00000000000005e8       0x18 ../build/radientum_wp_v1_0/dlms_app/bootloader/bootloader.a(bl_interface.c.obj)
 .debug_aranges
                0x0000000000000600       0x60 ../build/radientum_wp_v1_0/dlms_app/bootloader/bootloader.a(bootloader.c.obj)
 .debug_aranges
                0x0000000000000660       0x28 ../build/radientum_wp_v1_0/dlms_app/bootloader/bootloader.a(bl_start_series2_config2_onwards.c.obj)
 .debug_aranges
                0x0000000000000688       0x20 ../build/radientum_wp_v1_0/dlms_app/bootloader/bootloader.a(watchdog.c.obj)
 .debug_aranges
                0x00000000000006a8       0x50 ../build/radientum_wp_v1_0/dlms_app/bootloader/bootloader.a(internal_flash.c.obj)
 .debug_aranges
                0x00000000000006f8       0x30 ../build/radientum_wp_v1_0/dlms_app/bootloader/bootloader.a(crc.c.obj)
 .debug_aranges
                0x0000000000000728       0x28 ../build/radientum_wp_v1_0/dlms_app/bootloader/bootloader.a(aes.c.obj)
 .debug_aranges
                0x0000000000000750       0x38 ../build/radientum_wp_v1_0/dlms_app/bootloader/bootloader.a(aeshw_mbed.c.obj)
 .debug_aranges
                0x0000000000000788       0x48 ../build/radientum_wp_v1_0/dlms_app/bootloader/bootloader.a(puff.c.obj)
 .debug_aranges
                0x00000000000007d0       0x20 ../build/radientum_wp_v1_0/dlms_app/bootloader/bootloader.a(bl_scratchpad_header.c.obj)
 .debug_aranges
                0x00000000000007f0       0x28 ../build/radientum_wp_v1_0/dlms_app/bootloader/bootloader.a(bl_crypto.c.obj)
 .debug_aranges
                0x0000000000000818       0x28 ../build/radientum_wp_v1_0/dlms_app/bootloader/bootloader.a(bl_start_code_protection_series2.c.obj)
 .debug_aranges
                0x0000000000000840       0x48 ../build/radientum_wp_v1_0/dlms_app/bootloader/bootloader.a(em_wdog.c.obj)
 .debug_aranges
                0x0000000000000888       0x58 ../build/radientum_wp_v1_0/dlms_app/bootloader/bootloader.a(sl_se_manager.c.obj)
 .debug_aranges
                0x00000000000008e0       0x68 ../build/radientum_wp_v1_0/dlms_app/bootloader/bootloader.a(sli_protocol_crypto_radioaes.c.obj)
 .debug_aranges
                0x0000000000000948       0x38 ../build/radientum_wp_v1_0/dlms_app/bootloader/bootloader.a(sli_radioaes_management.c.obj)
 .debug_aranges
                0x0000000000000980      0x108 ../build/radientum_wp_v1_0/dlms_app/bootloader/bootloader.a(sl_se_manager_util.c.obj)
 .debug_aranges
                0x0000000000000a88       0xa8 ../build/radientum_wp_v1_0/dlms_app/bootloader/bootloader.a(em_se.c.obj)

.debug_ranges   0x0000000000000000     0x13c8
 .debug_ranges  0x0000000000000000       0x10 ../build/radientum_wp_v1_0/dlms_app/bootloader/mcu/efr/efr32/hal/power.o
 .debug_ranges  0x0000000000000010      0x240 ../build/radientum_wp_v1_0/dlms_app/bootloader/mcu/efr/common/vendor/em_emu.o
 .debug_ranges  0x0000000000000250      0x240 ../build/radientum_wp_v1_0/dlms_app/bootloader/mcu/efr/common/vendor/em_cmu.o
 .debug_ranges  0x0000000000000490      0x180 ../build/radientum_wp_v1_0/dlms_app/bootloader/mcu/efr/common/vendor/em_core.o
 .debug_ranges  0x0000000000000610       0x18 ../build/radientum_wp_v1_0/dlms_app/bootloader/bootloader/early_init.o
 .debug_ranges  0x0000000000000628       0x10 ../build/radientum_wp_v1_0/dlms_app/bootloader/bootloader/bl_hardware.o
 .debug_ranges  0x0000000000000638      0x1b8 ../build/radientum_wp_v1_0/dlms_app/bootloader/../board/radientum_wp_v1_0/bootloader/external_flash_mx25r8035f.o
 .debug_ranges  0x00000000000007f0       0x80 ../build/radientum_wp_v1_0/dlms_app/bootloader/bootloader.a(system_efr32fg23.c.obj)
 .debug_ranges  0x0000000000000870       0x38 ../build/radientum_wp_v1_0/dlms_app/bootloader/bootloader.a(bl_start.c.obj)
 .debug_ranges  0x00000000000008a8      0x100 ../build/radientum_wp_v1_0/dlms_app/bootloader/bootloader.a(scratchpad.c.obj)
 .debug_ranges  0x00000000000009a8      0x178 ../build/radientum_wp_v1_0/dlms_app/bootloader/bootloader.a(memoryarea.c.obj)
 .debug_ranges  0x0000000000000b20      0x150 ../build/radientum_wp_v1_0/dlms_app/bootloader/bootloader.a(bootloader.c.obj)
 .debug_ranges  0x0000000000000c70       0x18 ../build/radientum_wp_v1_0/dlms_app/bootloader/bootloader.a(bl_start_series2_config2_onwards.c.obj)
 .debug_ranges  0x0000000000000c88       0x10 ../build/radientum_wp_v1_0/dlms_app/bootloader/bootloader.a(watchdog.c.obj)
 .debug_ranges  0x0000000000000c98       0xb8 ../build/radientum_wp_v1_0/dlms_app/bootloader/bootloader.a(internal_flash.c.obj)
 .debug_ranges  0x0000000000000d50       0x60 ../build/radientum_wp_v1_0/dlms_app/bootloader/bootloader.a(crc.c.obj)
 .debug_ranges  0x0000000000000db0       0x18 ../build/radientum_wp_v1_0/dlms_app/bootloader/bootloader.a(aes.c.obj)
 .debug_ranges  0x0000000000000dc8       0x88 ../build/radientum_wp_v1_0/dlms_app/bootloader/bootloader.a(aeshw_mbed.c.obj)
 .debug_ranges  0x0000000000000e50       0xa8 ../build/radientum_wp_v1_0/dlms_app/bootloader/bootloader.a(puff.c.obj)
 .debug_ranges  0x0000000000000ef8       0x10 ../build/radientum_wp_v1_0/dlms_app/bootloader/bootloader.a(bl_scratchpad_header.c.obj)
 .debug_ranges  0x0000000000000f08       0x98 ../build/radientum_wp_v1_0/dlms_app/bootloader/bootloader.a(bl_crypto.c.obj)
 .debug_ranges  0x0000000000000fa0       0x18 ../build/radientum_wp_v1_0/dlms_app/bootloader/bootloader.a(bl_start_code_protection_series2.c.obj)
 .debug_ranges  0x0000000000000fb8       0x38 ../build/radientum_wp_v1_0/dlms_app/bootloader/bootloader.a(em_wdog.c.obj)
 .debug_ranges  0x0000000000000ff0       0xf0 ../build/radientum_wp_v1_0/dlms_app/bootloader/bootloader.a(sl_se_manager.c.obj)
 .debug_ranges  0x00000000000010e0       0xa0 ../build/radientum_wp_v1_0/dlms_app/bootloader/bootloader.a(sli_protocol_crypto_radioaes.c.obj)
 .debug_ranges  0x0000000000001180       0x28 ../build/radientum_wp_v1_0/dlms_app/bootloader/bootloader.a(sli_radioaes_management.c.obj)
 .debug_ranges  0x00000000000011a8      0x128 ../build/radientum_wp_v1_0/dlms_app/bootloader/bootloader.a(sl_se_manager_util.c.obj)
 .debug_ranges  0x00000000000012d0       0xf8 ../build/radientum_wp_v1_0/dlms_app/bootloader/bootloader.a(em_se.c.obj)

.debug_line     0x0000000000000000     0xcbf9
 .debug_line    0x0000000000000000       0x89 ../build/radientum_wp_v1_0/dlms_app/bootloader/mcu/efr/efr32/hal/power.o
 .debug_line    0x0000000000000089      0xc18 ../build/radientum_wp_v1_0/dlms_app/bootloader/mcu/efr/common/vendor/em_emu.o
 .debug_line    0x0000000000000ca1     0x2367 ../build/radientum_wp_v1_0/dlms_app/bootloader/mcu/efr/common/vendor/em_cmu.o
 .debug_line    0x0000000000003008      0x6fe ../build/radientum_wp_v1_0/dlms_app/bootloader/mcu/efr/common/vendor/em_core.o
 .debug_line    0x0000000000003706       0x83 ../build/radientum_wp_v1_0/dlms_app/bootloader/bootloader/early_init.o
 .debug_line    0x0000000000003789      0x186 ../build/radientum_wp_v1_0/dlms_app/bootloader/bootloader/bl_hardware.o
 .debug_line    0x000000000000390f      0xb48 ../build/radientum_wp_v1_0/dlms_app/bootloader/../board/radientum_wp_v1_0/bootloader/external_flash_mx25r8035f.o
 .debug_line    0x0000000000004457      0x46d ../build/radientum_wp_v1_0/dlms_app/bootloader/bootloader.a(system_efr32fg23.c.obj)
 .debug_line    0x00000000000048c4      0x4ad ../build/radientum_wp_v1_0/dlms_app/bootloader/bootloader.a(bl_start.c.obj)
 .debug_line    0x0000000000004d71      0xc13 ../build/radientum_wp_v1_0/dlms_app/bootloader/bootloader.a(scratchpad.c.obj)
 .debug_line    0x0000000000005984      0x9e7 ../build/radientum_wp_v1_0/dlms_app/bootloader/bootloader.a(memoryarea.c.obj)
 .debug_line    0x000000000000636b      0x188 ../build/radientum_wp_v1_0/dlms_app/bootloader/bootloader.a(bl_interface.c.obj)
 .debug_line    0x00000000000064f3      0xaa9 ../build/radientum_wp_v1_0/dlms_app/bootloader/bootloader.a(bootloader.c.obj)
 .debug_line    0x0000000000006f9c      0x26a ../build/radientum_wp_v1_0/dlms_app/bootloader/bootloader.a(bl_start_series2_config2_onwards.c.obj)
 .debug_line    0x0000000000007206      0x1e5 ../build/radientum_wp_v1_0/dlms_app/bootloader/bootloader.a(watchdog.c.obj)
 .debug_line    0x00000000000073eb      0x6df ../build/radientum_wp_v1_0/dlms_app/bootloader/bootloader.a(internal_flash.c.obj)
 .debug_line    0x0000000000007aca      0x22f ../build/radientum_wp_v1_0/dlms_app/bootloader/bootloader.a(crc.c.obj)
 .debug_line    0x0000000000007cf9      0x1de ../build/radientum_wp_v1_0/dlms_app/bootloader/bootloader.a(aes.c.obj)
 .debug_line    0x0000000000007ed7      0x553 ../build/radientum_wp_v1_0/dlms_app/bootloader/bootloader.a(aeshw_mbed.c.obj)
 .debug_line    0x000000000000842a      0xac3 ../build/radientum_wp_v1_0/dlms_app/bootloader/bootloader.a(puff.c.obj)
 .debug_line    0x0000000000008eed      0x1bc ../build/radientum_wp_v1_0/dlms_app/bootloader/bootloader.a(bl_scratchpad_header.c.obj)
 .debug_line    0x00000000000090a9      0x43c ../build/radientum_wp_v1_0/dlms_app/bootloader/bootloader.a(bl_crypto.c.obj)
 .debug_line    0x00000000000094e5      0x3a2 ../build/radientum_wp_v1_0/dlms_app/bootloader/bootloader.a(bl_start_code_protection_series2.c.obj)
 .debug_line    0x0000000000009887      0x39e ../build/radientum_wp_v1_0/dlms_app/bootloader/bootloader.a(em_wdog.c.obj)
 .debug_line    0x0000000000009c25      0x58b ../build/radientum_wp_v1_0/dlms_app/bootloader/bootloader.a(sl_se_manager.c.obj)
 .debug_line    0x000000000000a1b0      0xc7e ../build/radientum_wp_v1_0/dlms_app/bootloader/bootloader.a(sli_protocol_crypto_radioaes.c.obj)
 .debug_line    0x000000000000ae2e      0x3c2 ../build/radientum_wp_v1_0/dlms_app/bootloader/bootloader.a(sli_radioaes_management.c.obj)
 .debug_line    0x000000000000b1f0     0x1053 ../build/radientum_wp_v1_0/dlms_app/bootloader/bootloader.a(sl_se_manager_util.c.obj)
 .debug_line    0x000000000000c243      0x9b6 ../build/radientum_wp_v1_0/dlms_app/bootloader/bootloader.a(em_se.c.obj)

.debug_str      0x0000000000000000     0xc0a1
 .debug_str     0x0000000000000000      0x7c6 ../build/radientum_wp_v1_0/dlms_app/bootloader/mcu/efr/efr32/hal/power.o
                                        0x7ff (size before relaxing)
 .debug_str     0x00000000000007c6     0x1eb8 ../build/radientum_wp_v1_0/dlms_app/bootloader/mcu/efr/common/vendor/em_emu.o
                                       0x27a3 (size before relaxing)
 .debug_str     0x000000000000267e     0x4b64 ../build/radientum_wp_v1_0/dlms_app/bootloader/mcu/efr/common/vendor/em_cmu.o
                                       0x677f (size before relaxing)
 .debug_str     0x00000000000071e2      0x746 ../build/radientum_wp_v1_0/dlms_app/bootloader/mcu/efr/common/vendor/em_core.o
                                        0xae4 (size before relaxing)
 .debug_str     0x0000000000007928       0x44 ../build/radientum_wp_v1_0/dlms_app/bootloader/bootloader/early_init.o
                                        0x158 (size before relaxing)
 .debug_str     0x000000000000796c       0x78 ../build/radientum_wp_v1_0/dlms_app/bootloader/bootloader/bl_hardware.o
                                        0xa46 (size before relaxing)
 .debug_str     0x00000000000079e4      0x849 ../build/radientum_wp_v1_0/dlms_app/bootloader/../board/radientum_wp_v1_0/bootloader/external_flash_mx25r8035f.o
                                       0x2172 (size before relaxing)
 .debug_str     0x000000000000822d      0x21d ../build/radientum_wp_v1_0/dlms_app/bootloader/bootloader.a(system_efr32fg23.c.obj)
                                        0xf96 (size before relaxing)
 .debug_str     0x000000000000844a      0xbf4 ../build/radientum_wp_v1_0/dlms_app/bootloader/bootloader.a(bl_start.c.obj)
                                       0x192b (size before relaxing)
 .debug_str     0x000000000000903e      0x71f ../build/radientum_wp_v1_0/dlms_app/bootloader/bootloader.a(scratchpad.c.obj)
                                        0xf1d (size before relaxing)
 .debug_str     0x000000000000975d      0x251 ../build/radientum_wp_v1_0/dlms_app/bootloader/bootloader.a(memoryarea.c.obj)
                                        0x8b6 (size before relaxing)
 .debug_str     0x00000000000099ae       0x91 ../build/radientum_wp_v1_0/dlms_app/bootloader/bootloader.a(bl_interface.c.obj)
                                        0xdd8 (size before relaxing)
 .debug_str     0x0000000000009a3f      0x39e ../build/radientum_wp_v1_0/dlms_app/bootloader/bootloader.a(bootloader.c.obj)
                                        0xe66 (size before relaxing)
 .debug_str     0x0000000000009ddd      0x15f ../build/radientum_wp_v1_0/dlms_app/bootloader/bootloader.a(bl_start_series2_config2_onwards.c.obj)
                                        0xc80 (size before relaxing)
 .debug_str     0x0000000000009f3c       0x5a ../build/radientum_wp_v1_0/dlms_app/bootloader/bootloader.a(watchdog.c.obj)
                                        0xd3a (size before relaxing)
 .debug_str     0x0000000000009f96       0xe5 ../build/radientum_wp_v1_0/dlms_app/bootloader/bootloader.a(internal_flash.c.obj)
                                        0xc3f (size before relaxing)
 .debug_str     0x000000000000a07b      0x158 ../build/radientum_wp_v1_0/dlms_app/bootloader/bootloader.a(crc.c.obj)
                                        0x227 (size before relaxing)
 .debug_str     0x000000000000a1d3       0xf4 ../build/radientum_wp_v1_0/dlms_app/bootloader/bootloader.a(aes.c.obj)
                                        0x2d9 (size before relaxing)
 .debug_str     0x000000000000a2c7      0x266 ../build/radientum_wp_v1_0/dlms_app/bootloader/bootloader.a(aeshw_mbed.c.obj)
                                        0x4bc (size before relaxing)
 .debug_str     0x000000000000a52d      0x177 ../build/radientum_wp_v1_0/dlms_app/bootloader/bootloader.a(puff.c.obj)
                                        0x39e (size before relaxing)
 .debug_str     0x000000000000a6a4       0x58 ../build/radientum_wp_v1_0/dlms_app/bootloader/bootloader.a(bl_scratchpad_header.c.obj)
                                        0x279 (size before relaxing)
 .debug_str     0x000000000000a6fc       0xfd ../build/radientum_wp_v1_0/dlms_app/bootloader/bootloader.a(bl_crypto.c.obj)
                                        0x5dd (size before relaxing)
 .debug_str     0x000000000000a7f9      0x22a ../build/radientum_wp_v1_0/dlms_app/bootloader/bootloader.a(bl_start_code_protection_series2.c.obj)
                                        0x5a5 (size before relaxing)
 .debug_str     0x000000000000aa23      0x32f ../build/radientum_wp_v1_0/dlms_app/bootloader/bootloader.a(em_wdog.c.obj)
                                        0x6a7 (size before relaxing)
 .debug_str     0x000000000000ad52      0x212 ../build/radientum_wp_v1_0/dlms_app/bootloader/bootloader.a(sl_se_manager.c.obj)
                                        0xf3d (size before relaxing)
 .debug_str     0x000000000000af64      0x601 ../build/radientum_wp_v1_0/dlms_app/bootloader/bootloader.a(sli_protocol_crypto_radioaes.c.obj)
                                        0x8f5 (size before relaxing)
 .debug_str     0x000000000000b565       0x7c ../build/radientum_wp_v1_0/dlms_app/bootloader/bootloader.a(sli_radioaes_management.c.obj)
                                        0xf29 (size before relaxing)
 .debug_str     0x000000000000b5e1      0x79f ../build/radientum_wp_v1_0/dlms_app/bootloader/bootloader.a(sl_se_manager_util.c.obj)
                                        0xbaf (size before relaxing)
 .debug_str     0x000000000000bd80      0x321 ../build/radientum_wp_v1_0/dlms_app/bootloader/bootloader.a(em_se.c.obj)
                                        0x6c1 (size before relaxing)

.comment        0x0000000000000000       0x49
 .comment       0x0000000000000000       0x49 ../build/radientum_wp_v1_0/dlms_app/bootloader/mcu/efr/efr32/hal/power.o
                                         0x4a (size before relaxing)
 .comment       0x0000000000000049       0x4a ../build/radientum_wp_v1_0/dlms_app/bootloader/mcu/efr/common/vendor/em_emu.o
 .comment       0x0000000000000049       0x4a ../build/radientum_wp_v1_0/dlms_app/bootloader/mcu/efr/common/vendor/em_cmu.o
 .comment       0x0000000000000049       0x4a ../build/radientum_wp_v1_0/dlms_app/bootloader/mcu/efr/common/vendor/em_core.o
 .comment       0x0000000000000049       0x4a ../build/radientum_wp_v1_0/dlms_app/bootloader/bootloader/early_init.o
 .comment       0x0000000000000049       0x4a ../build/radientum_wp_v1_0/dlms_app/bootloader/bootloader/bl_hardware.o
 .comment       0x0000000000000049       0x4a ../build/radientum_wp_v1_0/dlms_app/bootloader/../board/radientum_wp_v1_0/bootloader/external_flash_mx25r8035f.o
 .comment       0x0000000000000049       0x4a ../build/radientum_wp_v1_0/dlms_app/bootloader/bootloader.a(system_efr32fg23.c.obj)
 .comment       0x0000000000000049       0x4a ../build/radientum_wp_v1_0/dlms_app/bootloader/bootloader.a(bl_start.c.obj)
 .comment       0x0000000000000049       0x4a ../build/radientum_wp_v1_0/dlms_app/bootloader/bootloader.a(scratchpad.c.obj)
 .comment       0x0000000000000049       0x4a ../build/radientum_wp_v1_0/dlms_app/bootloader/bootloader.a(memoryarea.c.obj)
 .comment       0x0000000000000049       0x4a ../build/radientum_wp_v1_0/dlms_app/bootloader/bootloader.a(bl_interface.c.obj)
 .comment       0x0000000000000049       0x4a ../build/radientum_wp_v1_0/dlms_app/bootloader/bootloader.a(bootloader.c.obj)
 .comment       0x0000000000000049       0x4a ../build/radientum_wp_v1_0/dlms_app/bootloader/bootloader.a(bl_start_series2_config2_onwards.c.obj)
 .comment       0x0000000000000049       0x4a ../build/radientum_wp_v1_0/dlms_app/bootloader/bootloader.a(watchdog.c.obj)
 .comment       0x0000000000000049       0x4a ../build/radientum_wp_v1_0/dlms_app/bootloader/bootloader.a(internal_flash.c.obj)
 .comment       0x0000000000000049       0x4a ../build/radientum_wp_v1_0/dlms_app/bootloader/bootloader.a(crc.c.obj)
 .comment       0x0000000000000049       0x4a ../build/radientum_wp_v1_0/dlms_app/bootloader/bootloader.a(aes.c.obj)
 .comment       0x0000000000000049       0x4a ../build/radientum_wp_v1_0/dlms_app/bootloader/bootloader.a(aeshw_mbed.c.obj)
 .comment       0x0000000000000049       0x4a ../build/radientum_wp_v1_0/dlms_app/bootloader/bootloader.a(puff.c.obj)
 .comment       0x0000000000000049       0x4a ../build/radientum_wp_v1_0/dlms_app/bootloader/bootloader.a(bl_scratchpad_header.c.obj)
 .comment       0x0000000000000049       0x4a ../build/radientum_wp_v1_0/dlms_app/bootloader/bootloader.a(bl_crypto.c.obj)
 .comment       0x0000000000000049       0x4a ../build/radientum_wp_v1_0/dlms_app/bootloader/bootloader.a(bl_start_code_protection_series2.c.obj)
 .comment       0x0000000000000049       0x4a ../build/radientum_wp_v1_0/dlms_app/bootloader/bootloader.a(em_wdog.c.obj)
 .comment       0x0000000000000049       0x4a ../build/radientum_wp_v1_0/dlms_app/bootloader/bootloader.a(sl_se_manager.c.obj)
 .comment       0x0000000000000049       0x4a ../build/radientum_wp_v1_0/dlms_app/bootloader/bootloader.a(sli_protocol_crypto_radioaes.c.obj)
 .comment       0x0000000000000049       0x4a ../build/radientum_wp_v1_0/dlms_app/bootloader/bootloader.a(sli_radioaes_management.c.obj)
 .comment       0x0000000000000049       0x4a ../build/radientum_wp_v1_0/dlms_app/bootloader/bootloader.a(sl_se_manager_util.c.obj)
 .comment       0x0000000000000049       0x4a ../build/radientum_wp_v1_0/dlms_app/bootloader/bootloader.a(em_se.c.obj)

.ARM.attributes
                0x0000000000000000       0x38
 .ARM.attributes
                0x0000000000000000       0x38 ../build/radientum_wp_v1_0/dlms_app/bootloader/mcu/efr/efr32/hal/power.o
 .ARM.attributes
                0x0000000000000038       0x38 ../build/radientum_wp_v1_0/dlms_app/bootloader/mcu/efr/common/vendor/em_emu.o
 .ARM.attributes
                0x0000000000000070       0x38 ../build/radientum_wp_v1_0/dlms_app/bootloader/mcu/efr/common/vendor/em_cmu.o
 .ARM.attributes
                0x00000000000000a8       0x38 ../build/radientum_wp_v1_0/dlms_app/bootloader/mcu/efr/common/vendor/em_core.o
 .ARM.attributes
                0x00000000000000e0       0x38 ../build/radientum_wp_v1_0/dlms_app/bootloader/bootloader/early_init.o
 .ARM.attributes
                0x0000000000000118       0x38 ../build/radientum_wp_v1_0/dlms_app/bootloader/bootloader/bl_hardware.o
 .ARM.attributes
                0x0000000000000150       0x38 ../build/radientum_wp_v1_0/dlms_app/bootloader/../board/radientum_wp_v1_0/bootloader/external_flash_mx25r8035f.o
 .ARM.attributes
                0x0000000000000188       0x3a ../build/radientum_wp_v1_0/dlms_app/bootloader/bootloader.a(system_efr32fg23.c.obj)
 .ARM.attributes
                0x00000000000001c2       0x3a ../build/radientum_wp_v1_0/dlms_app/bootloader/bootloader.a(bl_start.c.obj)
 .ARM.attributes
                0x00000000000001fc       0x3a ../build/radientum_wp_v1_0/dlms_app/bootloader/bootloader.a(scratchpad.c.obj)
 .ARM.attributes
                0x0000000000000236       0x3a ../build/radientum_wp_v1_0/dlms_app/bootloader/bootloader.a(memoryarea.c.obj)
 .ARM.attributes
                0x0000000000000270       0x3a ../build/radientum_wp_v1_0/dlms_app/bootloader/bootloader.a(bl_interface.c.obj)
 .ARM.attributes
                0x00000000000002aa       0x3a ../build/radientum_wp_v1_0/dlms_app/bootloader/bootloader.a(bootloader.c.obj)
 .ARM.attributes
                0x00000000000002e4       0x3a ../build/radientum_wp_v1_0/dlms_app/bootloader/bootloader.a(bl_start_series2_config2_onwards.c.obj)
 .ARM.attributes
                0x000000000000031e       0x3a ../build/radientum_wp_v1_0/dlms_app/bootloader/bootloader.a(watchdog.c.obj)
 .ARM.attributes
                0x0000000000000358       0x3a ../build/radientum_wp_v1_0/dlms_app/bootloader/bootloader.a(internal_flash.c.obj)
 .ARM.attributes
                0x0000000000000392       0x3a ../build/radientum_wp_v1_0/dlms_app/bootloader/bootloader.a(crc.c.obj)
 .ARM.attributes
                0x00000000000003cc       0x3a ../build/radientum_wp_v1_0/dlms_app/bootloader/bootloader.a(aes.c.obj)
 .ARM.attributes
                0x0000000000000406       0x3a ../build/radientum_wp_v1_0/dlms_app/bootloader/bootloader.a(aeshw_mbed.c.obj)
 .ARM.attributes
                0x0000000000000440       0x3a ../build/radientum_wp_v1_0/dlms_app/bootloader/bootloader.a(puff.c.obj)
 .ARM.attributes
                0x000000000000047a       0x3a ../build/radientum_wp_v1_0/dlms_app/bootloader/bootloader.a(bl_scratchpad_header.c.obj)
 .ARM.attributes
                0x00000000000004b4       0x3a ../build/radientum_wp_v1_0/dlms_app/bootloader/bootloader.a(bl_crypto.c.obj)
 .ARM.attributes
                0x00000000000004ee       0x3a ../build/radientum_wp_v1_0/dlms_app/bootloader/bootloader.a(bl_start_code_protection_series2.c.obj)
 .ARM.attributes
                0x0000000000000528       0x3a ../build/radientum_wp_v1_0/dlms_app/bootloader/bootloader.a(em_wdog.c.obj)
 .ARM.attributes
                0x0000000000000562       0x3a ../build/radientum_wp_v1_0/dlms_app/bootloader/bootloader.a(sl_se_manager.c.obj)
 .ARM.attributes
                0x000000000000059c       0x3a ../build/radientum_wp_v1_0/dlms_app/bootloader/bootloader.a(sli_protocol_crypto_radioaes.c.obj)
 .ARM.attributes
                0x00000000000005d6       0x3a ../build/radientum_wp_v1_0/dlms_app/bootloader/bootloader.a(sli_radioaes_management.c.obj)
 .ARM.attributes
                0x0000000000000610       0x3a ../build/radientum_wp_v1_0/dlms_app/bootloader/bootloader.a(sl_se_manager_util.c.obj)
 .ARM.attributes
                0x000000000000064a       0x3a ../build/radientum_wp_v1_0/dlms_app/bootloader/bootloader.a(em_se.c.obj)
 .ARM.attributes
                0x0000000000000684       0x38 /home/ramesh/srikanth_sir/work_folder/dlms/toolchain/gcc-arm-none-eabi-10.3-2021.10/bin/../lib/gcc/arm-none-eabi/10.3.1/../../../../arm-none-eabi/lib/thumb/v8-m.main+fp/hard/libg_nano.a(lib_a-memcmp.o)
 .ARM.attributes
                0x00000000000006bc       0x38 /home/ramesh/srikanth_sir/work_folder/dlms/toolchain/gcc-arm-none-eabi-10.3-2021.10/bin/../lib/gcc/arm-none-eabi/10.3.1/../../../../arm-none-eabi/lib/thumb/v8-m.main+fp/hard/libg_nano.a(lib_a-memcpy-stub.o)
 .ARM.attributes
                0x00000000000006f4       0x38 /home/ramesh/srikanth_sir/work_folder/dlms/toolchain/gcc-arm-none-eabi-10.3-2021.10/bin/../lib/gcc/arm-none-eabi/10.3.1/../../../../arm-none-eabi/lib/thumb/v8-m.main+fp/hard/libg_nano.a(lib_a-memset.o)
 .ARM.attributes
                0x000000000000072c       0x20 /home/ramesh/srikanth_sir/work_folder/dlms/toolchain/gcc-arm-none-eabi-10.3-2021.10/bin/../lib/gcc/arm-none-eabi/10.3.1/../../../../arm-none-eabi/lib/thumb/v8-m.main+fp/hard/libg_nano.a(lib_a-setjmp.o)

.debug_frame    0x0000000000000000     0x1f6c
 .debug_frame   0x0000000000000000       0x28 ../build/radientum_wp_v1_0/dlms_app/bootloader/mcu/efr/efr32/hal/power.o
 .debug_frame   0x0000000000000028      0x2cc ../build/radientum_wp_v1_0/dlms_app/bootloader/mcu/efr/common/vendor/em_emu.o
 .debug_frame   0x00000000000002f4      0x4a4 ../build/radientum_wp_v1_0/dlms_app/bootloader/mcu/efr/common/vendor/em_cmu.o
 .debug_frame   0x0000000000000798      0x218 ../build/radientum_wp_v1_0/dlms_app/bootloader/mcu/efr/common/vendor/em_core.o
 .debug_frame   0x00000000000009b0       0x38 ../build/radientum_wp_v1_0/dlms_app/bootloader/bootloader/early_init.o
 .debug_frame   0x00000000000009e8       0x20 ../build/radientum_wp_v1_0/dlms_app/bootloader/bootloader/bl_hardware.o
 .debug_frame   0x0000000000000a08      0x130 ../build/radientum_wp_v1_0/dlms_app/bootloader/../board/radientum_wp_v1_0/bootloader/external_flash_mx25r8035f.o
 .debug_frame   0x0000000000000b38      0x108 ../build/radientum_wp_v1_0/dlms_app/bootloader/bootloader.a(system_efr32fg23.c.obj)
 .debug_frame   0x0000000000000c40       0x9c ../build/radientum_wp_v1_0/dlms_app/bootloader/bootloader.a(bl_start.c.obj)
 .debug_frame   0x0000000000000cdc      0x1d8 ../build/radientum_wp_v1_0/dlms_app/bootloader/bootloader.a(scratchpad.c.obj)
 .debug_frame   0x0000000000000eb4      0x200 ../build/radientum_wp_v1_0/dlms_app/bootloader/bootloader.a(memoryarea.c.obj)
 .debug_frame   0x00000000000010b4      0x144 ../build/radientum_wp_v1_0/dlms_app/bootloader/bootloader.a(bootloader.c.obj)
 .debug_frame   0x00000000000011f8       0x50 ../build/radientum_wp_v1_0/dlms_app/bootloader/bootloader.a(bl_start_series2_config2_onwards.c.obj)
 .debug_frame   0x0000000000001248       0x20 ../build/radientum_wp_v1_0/dlms_app/bootloader/bootloader.a(watchdog.c.obj)
 .debug_frame   0x0000000000001268       0xbc ../build/radientum_wp_v1_0/dlms_app/bootloader/bootloader.a(internal_flash.c.obj)
 .debug_frame   0x0000000000001324       0x50 ../build/radientum_wp_v1_0/dlms_app/bootloader/bootloader.a(crc.c.obj)
 .debug_frame   0x0000000000001374       0x4c ../build/radientum_wp_v1_0/dlms_app/bootloader/bootloader.a(aes.c.obj)
 .debug_frame   0x00000000000013c0       0xac ../build/radientum_wp_v1_0/dlms_app/bootloader/bootloader.a(aeshw_mbed.c.obj)
 .debug_frame   0x000000000000146c      0x104 ../build/radientum_wp_v1_0/dlms_app/bootloader/bootloader.a(puff.c.obj)
 .debug_frame   0x0000000000001570       0x20 ../build/radientum_wp_v1_0/dlms_app/bootloader/bootloader.a(bl_scratchpad_header.c.obj)
 .debug_frame   0x0000000000001590       0x58 ../build/radientum_wp_v1_0/dlms_app/bootloader/bootloader.a(bl_crypto.c.obj)
 .debug_frame   0x00000000000015e8       0x38 ../build/radientum_wp_v1_0/dlms_app/bootloader/bootloader.a(bl_start_code_protection_series2.c.obj)
 .debug_frame   0x0000000000001620       0x90 ../build/radientum_wp_v1_0/dlms_app/bootloader/bootloader.a(em_wdog.c.obj)
 .debug_frame   0x00000000000016b0       0xb8 ../build/radientum_wp_v1_0/dlms_app/bootloader/bootloader.a(sl_se_manager.c.obj)
 .debug_frame   0x0000000000001768      0x184 ../build/radientum_wp_v1_0/dlms_app/bootloader/bootloader.a(sli_protocol_crypto_radioaes.c.obj)
 .debug_frame   0x00000000000018ec       0x60 ../build/radientum_wp_v1_0/dlms_app/bootloader/bootloader.a(sli_radioaes_management.c.obj)
 .debug_frame   0x000000000000194c      0x3b4 ../build/radientum_wp_v1_0/dlms_app/bootloader/bootloader.a(sl_se_manager_util.c.obj)
 .debug_frame   0x0000000000001d00      0x1fc ../build/radientum_wp_v1_0/dlms_app/bootloader/bootloader.a(em_se.c.obj)
 .debug_frame   0x0000000000001efc       0x28 /home/ramesh/srikanth_sir/work_folder/dlms/toolchain/gcc-arm-none-eabi-10.3-2021.10/bin/../lib/gcc/arm-none-eabi/10.3.1/../../../../arm-none-eabi/lib/thumb/v8-m.main+fp/hard/libg_nano.a(lib_a-memcmp.o)
 .debug_frame   0x0000000000001f24       0x28 /home/ramesh/srikanth_sir/work_folder/dlms/toolchain/gcc-arm-none-eabi-10.3-2021.10/bin/../lib/gcc/arm-none-eabi/10.3.1/../../../../arm-none-eabi/lib/thumb/v8-m.main+fp/hard/libg_nano.a(lib_a-memcpy-stub.o)
 .debug_frame   0x0000000000001f4c       0x20 /home/ramesh/srikanth_sir/work_folder/dlms/toolchain/gcc-arm-none-eabi-10.3-2021.10/bin/../lib/gcc/arm-none-eabi/10.3.1/../../../../arm-none-eabi/lib/thumb/v8-m.main+fp/hard/libg_nano.a(lib_a-memset.o)

.debug_loc      0x0000000000000000     0xb5f5
 .debug_loc     0x0000000000000000      0x676 ../build/radientum_wp_v1_0/dlms_app/bootloader/mcu/efr/common/vendor/em_emu.o
 .debug_loc     0x0000000000000676     0x3262 ../build/radientum_wp_v1_0/dlms_app/bootloader/mcu/efr/common/vendor/em_cmu.o
 .debug_loc     0x00000000000038d8      0x5a9 ../build/radientum_wp_v1_0/dlms_app/bootloader/mcu/efr/common/vendor/em_core.o
 .debug_loc     0x0000000000003e81      0x9e7 ../build/radientum_wp_v1_0/dlms_app/bootloader/../board/radientum_wp_v1_0/bootloader/external_flash_mx25r8035f.o
 .debug_loc     0x0000000000004868      0x16d ../build/radientum_wp_v1_0/dlms_app/bootloader/bootloader.a(system_efr32fg23.c.obj)
 .debug_loc     0x00000000000049d5       0x35 ../build/radientum_wp_v1_0/dlms_app/bootloader/bootloader.a(bl_start.c.obj)
 .debug_loc     0x0000000000004a0a      0x901 ../build/radientum_wp_v1_0/dlms_app/bootloader/bootloader.a(scratchpad.c.obj)
 .debug_loc     0x000000000000530b      0xda3 ../build/radientum_wp_v1_0/dlms_app/bootloader/bootloader.a(memoryarea.c.obj)
 .debug_loc     0x00000000000060ae      0x891 ../build/radientum_wp_v1_0/dlms_app/bootloader/bootloader.a(bootloader.c.obj)
 .debug_loc     0x000000000000693f       0x37 ../build/radientum_wp_v1_0/dlms_app/bootloader/bootloader.a(bl_start_series2_config2_onwards.c.obj)
 .debug_loc     0x0000000000006976      0x3cd ../build/radientum_wp_v1_0/dlms_app/bootloader/bootloader.a(internal_flash.c.obj)
 .debug_loc     0x0000000000006d43      0x1fc ../build/radientum_wp_v1_0/dlms_app/bootloader/bootloader.a(crc.c.obj)
 .debug_loc     0x0000000000006f3f      0x112 ../build/radientum_wp_v1_0/dlms_app/bootloader/bootloader.a(aes.c.obj)
 .debug_loc     0x0000000000007051      0x4cb ../build/radientum_wp_v1_0/dlms_app/bootloader/bootloader.a(aeshw_mbed.c.obj)
 .debug_loc     0x000000000000751c      0xc11 ../build/radientum_wp_v1_0/dlms_app/bootloader/bootloader.a(puff.c.obj)
 .debug_loc     0x000000000000812d       0x42 ../build/radientum_wp_v1_0/dlms_app/bootloader/bootloader.a(bl_scratchpad_header.c.obj)
 .debug_loc     0x000000000000816f      0x395 ../build/radientum_wp_v1_0/dlms_app/bootloader/bootloader.a(bl_crypto.c.obj)
 .debug_loc     0x0000000000008504       0xf7 ../build/radientum_wp_v1_0/dlms_app/bootloader/bootloader.a(em_wdog.c.obj)
 .debug_loc     0x00000000000085fb      0x3cc ../build/radientum_wp_v1_0/dlms_app/bootloader/bootloader.a(sl_se_manager.c.obj)
 .debug_loc     0x00000000000089c7      0xe03 ../build/radientum_wp_v1_0/dlms_app/bootloader/bootloader.a(sli_protocol_crypto_radioaes.c.obj)
 .debug_loc     0x00000000000097ca       0x6e ../build/radientum_wp_v1_0/dlms_app/bootloader/bootloader.a(sli_radioaes_management.c.obj)
 .debug_loc     0x0000000000009838     0x1809 ../build/radientum_wp_v1_0/dlms_app/bootloader/bootloader.a(sl_se_manager_util.c.obj)
 .debug_loc     0x000000000000b041      0x5b4 ../build/radientum_wp_v1_0/dlms_app/bootloader/bootloader.a(em_se.c.obj)
