Archive member included to satisfy reference by file (symbol)

../dlms_app/../DLMS_LIB/development/lib/libgurux_dlms_c.a(bytebuffer.o)
                              ../build/radientum_wp_v1_0/dlms_app/../dlms_app/dlms/opt_passthrough.o (bb_available)
../dlms_app/../DLMS_LIB/development/lib/libgurux_dlms_c.a(bitarray.o)
                              ../build/radientum_wp_v1_0/dlms_app/../dlms_app/dlms/nic_server_objects.o (ba_getByteCount)
../dlms_app/../DLMS_LIB/development/lib/libgurux_dlms_c.a(ciphering.o)
                              ../build/radientum_wp_v1_0/dlms_app/../dlms_app/dlms/opt_passthrough.o (cip_clear)
../dlms_app/../DLMS_LIB/development/lib/libgurux_dlms_c.a(cosem.o)
                              ../build/radientum_wp_v1_0/dlms_app/../dlms_app/dlms/nic_server_objects.o (cosem_init4)
../dlms_app/../DLMS_LIB/development/lib/libgurux_dlms_c.a(datainfo.o)
                              ../dlms_app/../DLMS_LIB/development/lib/libgurux_dlms_c.a(cosem.o) (di_init)
../dlms_app/../DLMS_LIB/development/lib/libgurux_dlms_c.a(date.o)
                              ../build/radientum_wp_v1_0/dlms_app/../dlms_app/dlms/profiles/fixed_day_billing_profile.o (time_init)
../dlms_app/../DLMS_LIB/development/lib/libgurux_dlms_c.a(dlms.o)
                              ../build/radientum_wp_v1_0/dlms_app/../dlms_app/dlms/opt_passthrough.o (dlms_useDedicatedKey)
../dlms_app/../DLMS_LIB/development/lib/libgurux_dlms_c.a(dlmsSettings.o)
                              ../dlms_app/../DLMS_LIB/development/lib/libgurux_dlms_c.a(dlms.o) (resetBlockIndex)
../dlms_app/../DLMS_LIB/development/lib/libgurux_dlms_c.a(gxaes.o)
                              ../dlms_app/../DLMS_LIB/development/lib/libgurux_dlms_c.a(ciphering.o) (gxaes_ecb_encrypt)
../dlms_app/../DLMS_LIB/development/lib/libgurux_dlms_c.a(gxarray.o)
                              ../dlms_app/../DLMS_LIB/development/lib/libgurux_dlms_c.a(cosem.o) (arr_push)
../dlms_app/../DLMS_LIB/development/lib/libgurux_dlms_c.a(gxvalueeventargs.o)
                              ../dlms_app/../DLMS_LIB/development/lib/libgurux_dlms_c.a(dlmsSettings.o) (vec_init)
../dlms_app/../DLMS_LIB/development/lib/libgurux_dlms_c.a(helpers.o)
                              ../dlms_app/../DLMS_LIB/development/lib/libgurux_dlms_c.a(dlms.o) (hlp_getObjectCountSizeInBytes)
../dlms_app/../DLMS_LIB/development/lib/libgurux_dlms_c.a(message.o)
                              ../build/radientum_wp_v1_0/dlms_app/../dlms_app/dlms/opt_passthrough.o (mes_init)
../dlms_app/../DLMS_LIB/development/lib/libgurux_dlms_c.a(objectarray.o)
                              ../dlms_app/../DLMS_LIB/development/lib/libgurux_dlms_c.a(dlmsSettings.o) (oa_init)
../dlms_app/../DLMS_LIB/development/lib/libgurux_dlms_c.a(parameters.o)
                              ../build/radientum_wp_v1_0/dlms_app/../dlms_app/dlms/opt_passthrough.o (params_initLN)
../dlms_app/../DLMS_LIB/development/lib/libgurux_dlms_c.a(replydata.o)
                              ../build/radientum_wp_v1_0/dlms_app/../dlms_app/dlms/internal/dlms_com.o (reply_isMoreData)
../dlms_app/../DLMS_LIB/development/lib/libgurux_dlms_c.a(client.o)
                              ../build/radientum_wp_v1_0/dlms_app/../dlms_app/dlms/internal/application_association.o (cl_snrmRequest)
../dlms_app/../DLMS_LIB/development/lib/libgurux_dlms_c.a(variant.o)
                              ../build/radientum_wp_v1_0/dlms_app/../dlms_app/dlms/meter_connection_management.o (var_init)
../dlms_app/../DLMS_LIB/development/lib/libgurux_dlms_c.a(gxsetmalloc.o)
                              ../dlms_app/../DLMS_LIB/development/lib/libgurux_dlms_c.a(client.o) (cosem_parseLNObjects)
../dlms_app/../DLMS_LIB/development/lib/libgurux_dlms_c.a(notify.o)
                              ../build/radientum_wp_v1_0/dlms_app/../dlms_app/dlms/internal/data_notification.o (notify_generateDataNotificationMessages2)
../dlms_app/../DLMS_LIB/development/lib/libgurux_dlms_c.a(server.o)
                              ../build/radientum_wp_v1_0/dlms_app/../dlms_app/dlms/nic_server_objects.o (svr_initialize)
../dlms_app/../DLMS_LIB/development/lib/libgurux_dlms_c.a(apdu.o)
                              ../dlms_app/../DLMS_LIB/development/lib/libgurux_dlms_c.a(client.o) (apdu_generateUserInformation)
../dlms_app/../DLMS_LIB/development/lib/libgurux_dlms_c.a(gxget.o)
                              ../dlms_app/../DLMS_LIB/development/lib/libgurux_dlms_c.a(client.o) (cosem_getValue)
../dlms_app/../DLMS_LIB/development/lib/libgurux_dlms_c.a(gxinvoke.o)
                              ../dlms_app/../DLMS_LIB/development/lib/libgurux_dlms_c.a(server.o) (cosem_invoke)
../dlms_app/../DLMS_LIB/development/lib/libgurux_dlms_c.a(gxkey.o)
                              ../dlms_app/../DLMS_LIB/development/lib/libgurux_dlms_c.a(gxsetmalloc.o) (key_init)
../dlms_app/../DLMS_LIB/development/lib/libgurux_dlms_c.a(gxobjects.o)
[...]
Memory Configuration

Name             Origin             Length             Attributes
FLASH            0x0000000008044000 0x0000000000028000 xr
RAM              0x000000002000c000 0x0000000000003ff8 xrw
INVALID          0x00000000ffffffff 0x0000000000000000 xrw
*default*        0x0000000000000000 0xffffffffffffffff

Linker script and memory map

LOAD /home/ramesh/srikanth_sir/work_folder/dlms/toolchain/gcc-arm-none-eabi-10.3-2021.10/bin/../lib/gcc/arm-none-eabi/10.3.1/thumb/v8-m.main+fp/hard/libgcc.a
LOAD /home/ramesh/srikanth_sir/work_folder/dlms/toolchain/gcc-arm-none-eabi-10.3-2021.10/bin/../lib/gcc/arm-none-eabi/10.3.1/../../../../arm-none-eabi/lib/thumb/v8-m.main+fp/hard/libnosys.a
LOAD ../build/radientum_wp_v1_0/dlms_app/mcu/efr/efr32/hal/power.o
LOAD ../build/radientum_wp_v1_0/dlms_app/mcu/efr/efr32/hal/hal.o
LOAD ../build/radientum_wp_v1_0/dlms_app/mcu/efr/common/vendor/em_emu.o
LOAD ../build/radientum_wp_v1_0/dlms_app/mcu/efr/common/vendor/em_cmu.o
LOAD ../build/radientum_wp_v1_0/dlms_app/mcu/efr/common/vendor/em_core.o
LOAD ../build/radientum_wp_v1_0/dlms_app/mcu/efr/common/vendor/em_gpio.o
LOAD ../build/radientum_wp_v1_0/dlms_app/board/board_init.o
LOAD ../build/radientum_wp_v1_0/dlms_app/../dlms_app/preamble_app/provisioning_data/provisioning_data.o
LOAD ../build/radientum_wp_v1_0/dlms_app/../dlms_app/preamble_app/hdlc/yahdlc/C/fcs.o
LOAD ../build/radientum_wp_v1_0/dlms_app/../dlms_app/preamble_app/hdlc/yahdlc/C/yahdlc.o
LOAD ../build/radientum_wp_v1_0/dlms_app/../dlms_app/preamble_app/hdlc/hdlc.o
LOAD ../build/radientum_wp_v1_0/dlms_app/../dlms_app/preamble_app/nic_provisioning.o
LOAD ../build/radientum_wp_v1_0/dlms_app/../dlms_app/preamble_app/preamble_app.o
LOAD ../build/radientum_wp_v1_0/dlms_app/../dlms_app/dlms/opt_passthrough.o
LOAD ../build/radientum_wp_v1_0/dlms_app/../dlms_app/common.o
LOAD ../build/radientum_wp_v1_0/dlms_app/../dlms_app/led_manager.o
LOAD ../build/radientum_wp_v1_0/dlms_app/../dlms_app/wirepas/wirepas_com.o
LOAD ../build/radientum_wp_v1_0/dlms_app/../dlms_app/wirepas/wirepas_meter_firmware_update.o
LOAD ../build/radientum_wp_v1_0/dlms_app/../dlms_app/wirepas/wirepas_ping.o
LOAD ../build/radientum_wp_v1_0/dlms_app/../dlms_app/dlms/meter_connection_management.o
LOAD ../build/radientum_wp_v1_0/dlms_app/../dlms_app/dlms/profiles/instantaneous_profile.o
LOAD ../build/radientum_wp_v1_0/dlms_app/../dlms_app/dlms/profiles/blockload_profile.o
LOAD ../build/radientum_wp_v1_0/dlms_app/../dlms_app/dlms/profiles/dailyload_profile.o
LOAD ../build/radientum_wp_v1_0/dlms_app/../dlms_app/dlms/profiles/name_plate_profile.o
LOAD ../build/radientum_wp_v1_0/dlms_app/../dlms_app/dlms/profiles/billing_profile.o
LOAD ../build/radientum_wp_v1_0/dlms_app/../dlms_app/dlms/profiles/event_log_profiles.o
LOAD ../build/radientum_wp_v1_0/dlms_app/../dlms_app/dlms/profiles/fixed_day_billing_profile.o
LOAD ../build/radientum_wp_v1_0/dlms_app/../dlms_app/dlms/profiles/export_billing_profile.o
LOAD ../build/radientum_wp_v1_0/dlms_app/../dlms_app/dlms/internal/dlms_com.o
LOAD ../build/radientum_wp_v1_0/dlms_app/../dlms_app/dlms/internal/meter_uart.o
LOAD ../build/radientum_wp_v1_0/dlms_app/../dlms_app/dlms/internal/application_association.o
LOAD ../build/radientum_wp_v1_0/dlms_app/../dlms_app/dlms/internal/profile_generic.o
LOAD ../build/radientum_wp_v1_0/dlms_app/../dlms_app/dlms/dlms_lock.o
LOAD ../build/radientum_wp_v1_0/dlms_app/../dlms_app/dlms/dlms_id.o
LOAD ../build/radientum_wp_v1_0/dlms_app/../dlms_app/dlms/nic_server.o
LOAD ../build/radientum_wp_v1_0/dlms_app/../dlms_app/dlms/nic_server_objects.o
LOAD ../build/radientum_wp_v1_0/dlms_app/../dlms_app/dlms/nic_status.o
LOAD ../build/radientum_wp_v1_0/dlms_app/../dlms_app/dlms/read_esw.o
LOAD ../build/radientum_wp_v1_0/dlms_app/../dlms_app/dlms/rng.o
LOAD ../build/radientum_wp_v1_0/dlms_app/../dlms_app/dlms/meter_clock.o
LOAD ../build/radientum_wp_v1_0/dlms_app/../dlms_app/dlms/security_material.o
LOAD ../build/radientum_wp_v1_0/dlms_app/../dlms_app/dlms/internal/data_notification.o
LOAD ../build/radientum_wp_v1_0/dlms_app/../dlms_app/dlms/security_service.o
LOAD ../build/radientum_wp_v1_0/dlms_app/../dlms_app/dlms/nic_system_title.o
LOAD ../build/radientum_wp_v1_0/dlms_app/../dlms_app/dlms/firmware_update.o
LOAD ../build/radientum_wp_v1_0/dlms_app/../dlms_app/dlms/transparent_mode.o
LOAD ../build/radientum_wp_v1_0/dlms_app/../dlms_app/storage/storage_driver.o
LOAD ../build/radientum_wp_v1_0/dlms_app/../dlms_app/storage/client_attribute_manager.o
LOAD ../build/radientum_wp_v1_0/dlms_app/../dlms_app/storage/server_attribute_manager.o
LOAD ../build/radientum_wp_v1_0/dlms_app/../dlms_app/wirepas/wirepas_eol_testing.o
LOAD ../build/radientum_wp_v1_0/dlms_app/../dlms_app/safemalloc/sfmalloc.o
LOAD ../build/radientum_wp_v1_0/dlms_app/../dlms_app/debug/uart_print.o
LOAD ../build/radientum_wp_v1_0/dlms_app/../dlms_app/debug/trace_boot.o
LOAD ../build/radientum_wp_v1_0/dlms_app/util/crc.o
LOAD ../build/radientum_wp_v1_0/dlms_app/util/sl_list.o
LOAD ../build/radientum_wp_v1_0/dlms_app/util/util.o
LOAD ../build/radientum_wp_v1_0/dlms_app/util/api.o
LOAD ../build/radientum_wp_v1_0/dlms_app/util/pack.o
LOAD ../build/radientum_wp_v1_0/dlms_app/util/random.o
LOAD ../build/radientum_wp_v1_0/dlms_app/util/tlv.o
LOAD ../build/radientum_wp_v1_0/dlms_app/util/syscalls.o
LOAD ../build/radientum_wp_v1_0/dlms_app/util/tinycbor/src/cborencoder.o
LOAD ../build/radientum_wp_v1_0/dlms_app/util/tinycbor/src/cborencoder_close_container_checked.o
LOAD ../build/radientum_wp_v1_0/dlms_app/util/tinycbor/src/cborerrorstrings.o
LOAD ../build/radientum_wp_v1_0/dlms_app/util/tinycbor/src/cborparser.o
LOAD ../build/radientum_wp_v1_0/dlms_app/util/tinycbor/src/cborparser_dup_string.o
LOAD ../build/radientum_wp_v1_0/dlms_app/util/tinycbor/src/cborpretty.o
LOAD ../build/radientum_wp_v1_0/dlms_app/util/tinycbor/src/cborpretty_stdio.o
LOAD ../build/radientum_wp_v1_0/dlms_app/util/tinycbor/src/cbortojson.o
LOAD ../build/radientum_wp_v1_0/dlms_app/util/tinycbor/src/cborvalidation.o
LOAD ../build/radientum_wp_v1_0/dlms_app/libraries/shared_data/shared_data.o
LOAD ../build/radientum_wp_v1_0/dlms_app/libraries/app_persistent/app_persistent.o
LOAD ../build/radientum_wp_v1_0/dlms_app/libraries/stack_state/stack_state.o
LOAD ../build/radientum_wp_v1_0/dlms_app/libraries/scheduler/app_scheduler.o
LOAD ../build/radientum_wp_v1_0/dlms_app/libraries/libraries_init.o
LOAD ../build/radientum_wp_v1_0/dlms_app/mcu/hal_api/hal_init.o
LOAD ../build/radientum_wp_v1_0/dlms_app/mcu/efr/efr32/hal/gpio.o
LOAD ../build/radientum_wp_v1_0/dlms_app/mcu/efr/efr32/hal/usart/eusart.o
LOAD ../build/radientum_wp_v1_0/dlms_app/mcu/efr/common/vendor/em_eusart.o
LOAD ../build/radientum_wp_v1_0/dlms_app/mcu/efr/common/vendor/efr32fg23/Source/system_efr32fg23.o
LOAD ../build/radientum_wp_v1_0/dlms_app/mcu/common/start.o
LOAD ../build/radientum_wp_v1_0/dlms_app/mcu/common/ds.o
LOAD ../build/radientum_wp_v1_0/dlms_app/mcu/common/led.o
LOAD ../build/radientum_wp_v1_0/dlms_app/mcu/common/gpio_weak.o
LOAD ../build/radientum_wp_v1_0/dlms_app/../dlms_app/app.o
LOAD ../build/radientum_wp_v1_0/dlms_app/mcu/common/entrypoint.o
LOAD ../dlms_app/../DLMS_LIB/development/lib/libgurux_dlms_c.a

.text           0x0000000008044000    0x25f28
                0x0000000008044000                __text_start__ = .
 *(.entrypoint)
 .entrypoint    0x0000000008044000       0x30 ../build/radientum_wp_v1_0/dlms_app/mcu/common/entrypoint.o
 *(.app_header)
 .app_header    0x0000000008044030       0x20 ../build/radientum_wp_v1_0/dlms_app/mcu/common/start.o
                0x0000000008044030                app_header
 *(.text.*)
 .text.EMU_EFPEM01VScale
                0x0000000008044050        0x2 ../build/radientum_wp_v1_0/dlms_app/mcu/efr/common/vendor/em_emu.o
                0x0000000008044050                EMU_EFPEM01VScale
 *fill*         0x0000000008044052        0x2 
 .text.EMU_VScaleEM01
                0x0000000008044054       0x80 ../build/radientum_wp_v1_0/dlms_app/mcu/efr/common/vendor/em_emu.o
                0x0000000008044054                EMU_VScaleEM01
 .text.EMU_VScaleEM01ByClock
                0x00000000080440d4       0x30 ../build/radientum_wp_v1_0/dlms_app/mcu/efr/common/vendor/em_emu.o
                0x00000000080440d4                EMU_VScaleEM01ByClock
 .text.EMU_VScaleGet
                0x0000000008044104       0x16 ../build/radientum_wp_v1_0/dlms_app/mcu/efr/common/vendor/em_cmu.o
 *fill*         0x000000000804411a        0x2 
 .text.em01GrpaClkGet
                0x000000000804411c       0x64 ../build/radientum_wp_v1_0/dlms_app/mcu/efr/common/vendor/em_cmu.o
 .text.em01GrpcClkGet
                0x0000000008044180       0x50 ../build/radientum_wp_v1_0/dlms_app/mcu/efr/common/vendor/em_cmu.o
 .text.iadcClkGet
                0x00000000080441d0       0x54 ../build/radientum_wp_v1_0/dlms_app/mcu/efr/common/vendor/em_cmu.o
 .text.eusart0ClkGet
                0x0000000008044224       0x60 ../build/radientum_wp_v1_0/dlms_app/mcu/efr/common/vendor/em_cmu.o
 .text.em23GrpaClkGet
                0x0000000008044284       0x48 ../build/radientum_wp_v1_0/dlms_app/mcu/efr/common/vendor/em_cmu.o
 .text.vdac0ClkGet
                0x00000000080442cc       0x64 ../build/radientum_wp_v1_0/dlms_app/mcu/efr/common/vendor/em_cmu.o
 .text.wdog0ClkGet
                0x0000000008044330       0x54 ../build/radientum_wp_v1_0/dlms_app/mcu/efr/common/vendor/em_cmu.o
 .text.wdog1ClkGet
                0x0000000008044384       0x54 ../build/radientum_wp_v1_0/dlms_app/mcu/efr/common/vendor/em_cmu.o
 .text.sysrtcClkGet
                0x00000000080443d8       0x48 ../build/radientum_wp_v1_0/dlms_app/mcu/efr/common/vendor/em_cmu.o
 .text.lcdClkGet
                0x0000000008044420       0x48 ../build/radientum_wp_v1_0/dlms_app/mcu/efr/common/vendor/em_cmu.o
 .text.em4GrpaClkGet
                0x0000000008044468       0x48 ../build/radientum_wp_v1_0/dlms_app/mcu/efr/common/vendor/em_cmu.o
 .text.CMU_ClockDivGet
                0x00000000080444b0       0x54 ../build/radientum_wp_v1_0/dlms_app/mcu/efr/common/vendor/em_cmu.o
                0x00000000080444b0                CMU_ClockDivGet
 .text.flashWaitStateControl
                0x0000000008044504       0x4c ../build/radientum_wp_v1_0/dlms_app/mcu/efr/common/vendor/em_cmu.o
 .text.waitStateMax
                0x0000000008044550       0x10 ../build/radientum_wp_v1_0/dlms_app/mcu/efr/common/vendor/em_cmu.o
 .text.CMU_ClockEnable
                0x0000000008044560       0x38 ../build/radientum_wp_v1_0/dlms_app/mcu/efr/common/vendor/em_cmu.o
                0x0000000008044560                CMU_ClockEnable
 .text.CMU_ClockFreqGet
                0x0000000008044598      0x27c ../build/radientum_wp_v1_0/dlms_app/mcu/efr/common/vendor/em_cmu.o
                0x0000000008044598                CMU_ClockFreqGet
 .text.rhclkPrescOptimize
                0x0000000008044814       0x20 ../build/radientum_wp_v1_0/dlms_app/mcu/efr/common/vendor/em_cmu.o
 .text.CMU_UpdateWaitStates
                0x0000000008044834        0xc ../build/radientum_wp_v1_0/dlms_app/mcu/efr/common/vendor/em_cmu.o
                0x0000000008044834                CMU_UpdateWaitStates
 .text.CMU_ClockDivSet
                0x0000000008044840       0xac ../build/radientum_wp_v1_0/dlms_app/mcu/efr/common/vendor/em_cmu.o
                0x0000000008044840                CMU_ClockDivSet
 .text.pclkDivMax
                0x00000000080448ec        0xa ../build/radientum_wp_v1_0/dlms_app/mcu/efr/common/vendor/em_cmu.o
 *fill*         0x00000000080448f6        0x2 
 .text.pclkDivOptimize
                0x00000000080448f8       0x24 ../build/radientum_wp_v1_0/dlms_app/mcu/efr/common/vendor/em_cmu.o
 .text.CMU_ClockSelectSet
                0x000000000804491c      0x48c ../build/radientum_wp_v1_0/dlms_app/mcu/efr/common/vendor/em_cmu.o
                0x000000000804491c                CMU_ClockSelectSet
 .text.CORE_EnterCritical
                0x0000000008044da8        0x8 ../build/radientum_wp_v1_0/dlms_app/mcu/efr/common/vendor/em_core.o
                0x0000000008044da8                CORE_EnterCritical
 .text.CORE_ExitCritical
                0x0000000008044db0        0x6 ../build/radientum_wp_v1_0/dlms_app/mcu/efr/common/vendor/em_core.o
                0x0000000008044db0                CORE_ExitCritical
 .text.BUS_RegMaskedWrite
                0x0000000008044db6       0x22 ../build/radientum_wp_v1_0/dlms_app/mcu/efr/common/vendor/em_gpio.o
 .text.GPIO_PinModeSet
                0x0000000008044dd8       0x84 ../build/radientum_wp_v1_0/dlms_app/mcu/efr/common/vendor/em_gpio.o
                0x0000000008044dd8                GPIO_PinModeSet
 .text.Board_init
                0x0000000008044e5c        0xc ../build/radientum_wp_v1_0/dlms_app/board/board_init.o
                0x0000000008044e5c                Board_init
 .text.is_key_set
                0x0000000008044e68       0x20 ../build/radientum_wp_v1_0/dlms_app/../dlms_app/preamble_app/provisioning_data/provisioning_data.o
 .text.extract_text_string
                0x0000000008044e88       0x12 ../build/radientum_wp_v1_0/dlms_app/../dlms_app/preamble_app/provisioning_data/provisioning_data.o
 .text.extract_unsigned_int
                0x0000000008044e9a       0x66 ../build/radientum_wp_v1_0/dlms_app/../dlms_app/preamble_app/provisioning_data/provisioning_data.o
 .text.extract_byte_string
                0x0000000008044f00       0x12 ../build/radientum_wp_v1_0/dlms_app/../dlms_app/preamble_app/provisioning_data/provisioning_data.o
 *fill*         0x0000000008044f12        0x2 
 .text.parse_map
                0x0000000008044f14      0x3c8 ../build/radientum_wp_v1_0/dlms_app/../dlms_app/preamble_app/provisioning_data/provisioning_data.o
 .text.hide_secret
                0x00000000080452dc       0x16 ../build/radientum_wp_v1_0/dlms_app/../dlms_app/preamble_app/provisioning_data/provisioning_data.o
                0x00000000080452dc                hide_secret
 *fill*         0x00000000080452f2        0x2 
 .text.apply_wirepas_and_nic_parameters
                0x00000000080452f4       0xf8 ../build/radientum_wp_v1_0/dlms_app/../dlms_app/preamble_app/provisioning_data/provisioning_data.o
 .text.Provisioning_Data_decode
                0x00000000080453ec      0x104 ../build/radientum_wp_v1_0/dlms_app/../dlms_app/preamble_app/provisioning_data/provisioning_data.o
                0x00000000080453ec                Provisioning_Data_decode
 .text.Provisioning_Data_init
                0x00000000080454f0      0x2ac ../build/radientum_wp_v1_0/dlms_app/../dlms_app/preamble_app/provisioning_data/provisioning_data.o
                0x00000000080454f0                Provisioning_Data_init
 .text.Provisioning_Data_is_nic_provisioned
                0x000000000804579c       0xe8 ../build/radientum_wp_v1_0/dlms_app/../dlms_app/preamble_app/provisioning_data/provisioning_data.o
                0x000000000804579c                Provisioning_Data_is_nic_provisioned
 .text.Provisioning_Data_read_parameters
                0x0000000008045884      0x254 ../build/radientum_wp_v1_0/dlms_app/../dlms_app/preamble_app/provisioning_data/provisioning_data.o
                0x0000000008045884                Provisioning_Data_read_parameters
 .text.calc_fcs
                0x0000000008045ad8       0x14 ../build/radientum_wp_v1_0/dlms_app/../dlms_app/preamble_app/hdlc/yahdlc/C/fcs.o
                0x0000000008045ad8                calc_fcs
 .text.yahdlc_escape_value
                0x0000000008045aec       0x22 ../build/radientum_wp_v1_0/dlms_app/../dlms_app/preamble_app/hdlc/yahdlc/C/yahdlc.o
                0x0000000008045aec                yahdlc_escape_value
 .text.yahdlc_get_control_type
                0x0000000008045b0e       0x32 ../build/radientum_wp_v1_0/dlms_app/../dlms_app/preamble_app/hdlc/yahdlc/C/yahdlc.o
                0x0000000008045b0e                yahdlc_get_control_type
 .text.yahdlc_frame_control_type
                0x0000000008045b40       0x3a ../build/radientum_wp_v1_0/dlms_app/../dlms_app/preamble_app/hdlc/yahdlc/C/yahdlc.o
                0x0000000008045b40                yahdlc_frame_control_type
 .text.yahdlc_get_data_reset_with_state
                0x0000000008045b7a       0x18 ../build/radientum_wp_v1_0/dlms_app/../dlms_app/preamble_app/hdlc/yahdlc/C/yahdlc.o
                0x0000000008045b7a                yahdlc_get_data_reset_with_state
 *fill*         0x0000000008045b92        0x2 
 .text.yahdlc_get_data_reset
                0x0000000008045b94        0xc ../build/radientum_wp_v1_0/dlms_app/../dlms_app/preamble_app/hdlc/yahdlc/C/yahdlc.o
                0x0000000008045b94                yahdlc_get_data_reset
 .text.yahdlc_get_data_with_state
                0x0000000008045ba0      0x10c ../build/radientum_wp_v1_0/dlms_app/../dlms_app/preamble_app/hdlc/yahdlc/C/yahdlc.o
                0x0000000008045ba0                yahdlc_get_data_with_state
 .text.yahdlc_get_data
                0x0000000008045cac       0x1c ../build/radientum_wp_v1_0/dlms_app/../dlms_app/preamble_app/hdlc/yahdlc/C/yahdlc.o
                0x0000000008045cac                yahdlc_get_data
 .text.yahdlc_frame_data
                0x0000000008045cc8       0xb0 ../build/radientum_wp_v1_0/dlms_app/../dlms_app/preamble_app/hdlc/yahdlc/C/yahdlc.o
                0x0000000008045cc8                yahdlc_frame_data
 .text.uartReceiveCb
                0x0000000008045d78       0x34 ../build/radientum_wp_v1_0/dlms_app/../dlms_app/preamble_app/hdlc/hdlc.o
 .text.process_tx_queue_task
                0x0000000008045dac      0x13c ../build/radientum_wp_v1_0/dlms_app/../dlms_app/preamble_app/hdlc/hdlc.o
 .text.process_rx_buffer_task
                0x0000000008045ee8      0x160 ../build/radientum_wp_v1_0/dlms_app/../dlms_app/preamble_app/hdlc/hdlc.o
 .text.HDLC_init
                0x0000000008046048       0x44 ../build/radientum_wp_v1_0/dlms_app/../dlms_app/preamble_app/hdlc/hdlc.o
                0x0000000008046048                HDLC_init
 .text.HDLC_send_message
                0x000000000804608c       0x78 ../build/radientum_wp_v1_0/dlms_app/../dlms_app/preamble_app/hdlc/hdlc.o
                0x000000000804608c                HDLC_send_message
 .text.timeout_100ms_task
                0x0000000008046104       0x2c ../build/radientum_wp_v1_0/dlms_app/../dlms_app/preamble_app/nic_provisioning.o
 .text.message_rx_from_script_cb
                0x0000000008046130       0xf4 ../build/radientum_wp_v1_0/dlms_app/../dlms_app/preamble_app/nic_provisioning.o
 .text.read_parameters_task
                0x0000000008046224       0x68 ../build/radientum_wp_v1_0/dlms_app/../dlms_app/preamble_app/nic_provisioning.o
 .text.perform_provisioning_task
                0x000000000804628c       0x34 ../build/radientum_wp_v1_0/dlms_app/../dlms_app/preamble_app/nic_provisioning.o
 .text.send_prov_ret_code
                0x00000000080462c0       0x4e ../build/radientum_wp_v1_0/dlms_app/../dlms_app/preamble_app/nic_provisioning.o
 *fill*         0x000000000804630e        0x2 
 .text.validate_provisioning_data_task
                0x0000000008046310       0x60 ../build/radientum_wp_v1_0/dlms_app/../dlms_app/preamble_app/nic_provisioning.o
 .text.resetRxBuffer
                0x0000000008046370       0x24 ../build/radientum_wp_v1_0/dlms_app/../dlms_app/preamble_app/nic_provisioning.o
 .text.uartRxCb
                0x0000000008046394       0xc0 ../build/radientum_wp_v1_0/dlms_app/../dlms_app/preamble_app/nic_provisioning.o
                0x0000000008046394                uartRxCb
 .text.provisioning_end_cb
                0x0000000008046454       0x20 ../build/radientum_wp_v1_0/dlms_app/../dlms_app/preamble_app/nic_provisioning.o
 .text.Nic_Provisioning_start
                0x0000000008046474       0x70 ../build/radientum_wp_v1_0/dlms_app/../dlms_app/preamble_app/nic_provisioning.o
                0x0000000008046474                Nic_Provisioning_start
 .text.Preamble_app_stop
                0x00000000080464e4       0x5c ../build/radientum_wp_v1_0/dlms_app/../dlms_app/preamble_app/preamble_app.o
                0x00000000080464e4                Preamble_app_stop
 .text.Preamble_app_start
                0x0000000008046540       0x7c ../build/radientum_wp_v1_0/dlms_app/../dlms_app/preamble_app/preamble_app.o
                0x0000000008046540                Preamble_app_start
 .text.close_cb
                0x00000000080465bc       0x1c ../build/radientum_wp_v1_0/dlms_app/../dlms_app/dlms/opt_passthrough.o
 .text.open_cb  0x00000000080465d8       0x24 ../build/radientum_wp_v1_0/dlms_app/../dlms_app/dlms/opt_passthrough.o
 .text.read_meter_cb
                0x00000000080465fc       0x60 ../build/radientum_wp_v1_0/dlms_app/../dlms_app/dlms/opt_passthrough.o
 .text.run_passthrough_fsm
                0x000000000804665c      0x674 ../build/radientum_wp_v1_0/dlms_app/../dlms_app/dlms/opt_passthrough.o
 .text.Opt_Passthrough_handle_passthrough_message
                0x0000000008046cd0       0xbc ../build/radientum_wp_v1_0/dlms_app/../dlms_app/dlms/opt_passthrough.o
                0x0000000008046cd0                Opt_Passthrough_handle_passthrough_message
 .text.stop_stack
                0x0000000008046d8c       0x14 ../build/radientum_wp_v1_0/dlms_app/../dlms_app/common.o
 .text.Common_getMeterSettings
                0x0000000008046da0        0x8 ../build/radientum_wp_v1_0/dlms_app/../dlms_app/common.o
                0x0000000008046da0                Common_getMeterSettings
 .text.Common_pushContextName
                0x0000000008046da8       0x1c ../build/radientum_wp_v1_0/dlms_app/../dlms_app/common.o
                0x0000000008046da8                Common_pushContextName
 .text.Common_popContextName
                0x0000000008046dc4       0x10 ../build/radientum_wp_v1_0/dlms_app/../dlms_app/common.o
                0x0000000008046dc4                Common_popContextName
 .text.Common_getNicInterfaceType
                0x0000000008046dd4       0x58 ../build/radientum_wp_v1_0/dlms_app/../dlms_app/common.o
                0x0000000008046dd4                Common_getNicInterfaceType
 .text.Common_getNicBaudrate
                0x0000000008046e2c       0x5c ../build/radientum_wp_v1_0/dlms_app/../dlms_app/common.o
                0x0000000008046e2c                Common_getNicBaudrate
 .text.Common_formatSystemTitle
                0x0000000008046e88       0x2c ../build/radientum_wp_v1_0/dlms_app/../dlms_app/common.o
                0x0000000008046e88                Common_formatSystemTitle
 .text.Common_reboot
                0x0000000008046eb4       0x34 ../build/radientum_wp_v1_0/dlms_app/../dlms_app/common.o
                0x0000000008046eb4                Common_reboot
 .text.Common_wrapperFrameGetHeader
                0x0000000008046ee8       0x1a ../build/radientum_wp_v1_0/dlms_app/../dlms_app/common.o
                0x0000000008046ee8                Common_wrapperFrameGetHeader
 *fill*         0x0000000008046f02        0x2 
 .text.update_nwk_conn_status
                0x0000000008046f04        0xc ../build/radientum_wp_v1_0/dlms_app/../dlms_app/led_manager.o
 .text.update_meter_conn_status
                0x0000000008046f10        0xc ../build/radientum_wp_v1_0/dlms_app/../dlms_app/led_manager.o
 .text.update_leds_task
                0x0000000008046f1c       0x5c ../build/radientum_wp_v1_0/dlms_app/../dlms_app/led_manager.o
 .text.update_meter_led_task
                0x0000000008046f78       0x1c ../build/radientum_wp_v1_0/dlms_app/../dlms_app/led_manager.o
 .text.Led_Manager_start
                0x0000000008046f94       0x38 ../build/radientum_wp_v1_0/dlms_app/../dlms_app/led_manager.o
                0x0000000008046f94                Led_Manager_start
 .text._unicastDLMSDataReceivedCb
                0x0000000008046fcc       0xc4 ../build/radientum_wp_v1_0/dlms_app/../dlms_app/wirepas/wirepas_com.o
 .text._unicastDLMSDataReceivedCbLegacy
                0x0000000008047090       0x24 ../build/radientum_wp_v1_0/dlms_app/../dlms_app/wirepas/wirepas_com.o
 .text.on_stack_event_cb
                0x00000000080470b4       0xb0 ../build/radientum_wp_v1_0/dlms_app/../dlms_app/wirepas/wirepas_com.o
 .text.Wirepas_com_init
                0x0000000008047164       0x58 ../build/radientum_wp_v1_0/dlms_app/../dlms_app/wirepas/wirepas_com.o
                0x0000000008047164                Wirepas_com_init
 .text.Wirepas_com_send_message
                0x00000000080471bc       0xc8 ../build/radientum_wp_v1_0/dlms_app/../dlms_app/wirepas/wirepas_com.o
                0x00000000080471bc                Wirepas_com_send_message
 .text.Wirepas_com_subscribeStatusChangeCb
                0x0000000008047284        0xc ../build/radientum_wp_v1_0/dlms_app/../dlms_app/wirepas/wirepas_com.o
                0x0000000008047284                Wirepas_com_subscribeStatusChangeCb
 .text.send_response
                0x0000000008047290       0x6c ../build/radientum_wp_v1_0/dlms_app/../dlms_app/wirepas/wirepas_meter_firmware_update.o
 .text.is_request_allowed
                0x00000000080472fc       0x28 ../build/radientum_wp_v1_0/dlms_app/../dlms_app/wirepas/wirepas_meter_firmware_update.o
 .text.mfu_data_received_cb
                0x0000000008047324       0xd0 ../build/radientum_wp_v1_0/dlms_app/../dlms_app/wirepas/wirepas_meter_firmware_update.o
 .text.Wirepas_Meter_Firmware_Update_notify_status
                0x00000000080473f4        0xc ../build/radientum_wp_v1_0/dlms_app/../dlms_app/wirepas/wirepas_meter_firmware_update.o
                0x00000000080473f4                Wirepas_Meter_Firmware_Update_notify_status
 .text.Wirepas_Meter_Firmware_Update_init
                0x0000000008047400        0xc ../build/radientum_wp_v1_0/dlms_app/../dlms_app/wirepas/wirepas_meter_firmware_update.o
                0x0000000008047400                Wirepas_Meter_Firmware_Update_init
 .text.send_ping_response
                0x000000000804740c      0x140 ../build/radientum_wp_v1_0/dlms_app/../dlms_app/wirepas/wirepas_ping.o
 .text.ping_data_received_cb
                0x000000000804754c       0x90 ../build/radientum_wp_v1_0/dlms_app/../dlms_app/wirepas/wirepas_ping.o
 .text.send_ping_response_task
                0x00000000080475dc       0x20 ../build/radientum_wp_v1_0/dlms_app/../dlms_app/wirepas/wirepas_ping.o
 .text.Wirepas_Ping_init
                0x00000000080475fc        0xc ../build/radientum_wp_v1_0/dlms_app/../dlms_app/wirepas/wirepas_ping.o
                0x00000000080475fc                Wirepas_Ping_init
 .text.mcm_connect_cb
                0x0000000008047608       0x28 ../build/radientum_wp_v1_0/dlms_app/../dlms_app/dlms/meter_connection_management.o
 .text.mcm_aa_pc_release_cb
                0x0000000008047630       0x1c ../build/radientum_wp_v1_0/dlms_app/../dlms_app/dlms/meter_connection_management.o
 .text.mcm_aa_pc_open_cb
                0x000000000804764c       0x2c ../build/radientum_wp_v1_0/dlms_app/../dlms_app/dlms/meter_connection_management.o
 .text.mcm_release_cb
                0x0000000008047678       0x28 ../build/radientum_wp_v1_0/dlms_app/../dlms_app/dlms/meter_connection_management.o
 .text.open_connection_fsm
                0x00000000080476a0      0x15c ../build/radientum_wp_v1_0/dlms_app/../dlms_app/dlms/meter_connection_management.o
 .text.close_connection_fsm
                0x00000000080477fc       0x60 ../build/radientum_wp_v1_0/dlms_app/../dlms_app/dlms/meter_connection_management.o
 .text.mcm_read_clock_cb
                0x000000000804785c       0xb4 ../build/radientum_wp_v1_0/dlms_app/../dlms_app/dlms/meter_connection_management.o
 .text.mcm_read_invocation_counter_cb
                0x0000000008047910       0x7c ../build/radientum_wp_v1_0/dlms_app/../dlms_app/dlms/meter_connection_management.o
 .text.Meter_Connection_Management_subscribeStatusCb
                0x000000000804798c       0x24 ../build/radientum_wp_v1_0/dlms_app/../dlms_app/dlms/meter_connection_management.o
                0x000000000804798c                Meter_Connection_Management_subscribeStatusCb
 .text.Meter_Connection_Management_open
                0x00000000080479b0       0xb0 ../build/radientum_wp_v1_0/dlms_app/../dlms_app/dlms/meter_connection_management.o
                0x00000000080479b0                Meter_Connection_Management_open
 .text.Meter_Connection_Management_close
                0x0000000008047a60       0x70 ../build/radientum_wp_v1_0/dlms_app/../dlms_app/dlms/meter_connection_management.o
                0x0000000008047a60                Meter_Connection_Management_close
 .text.Meter_Connection_Management_addr_to_aa
                0x0000000008047ad0       0x2c ../build/radientum_wp_v1_0/dlms_app/../dlms_app/dlms/meter_connection_management.o
                0x0000000008047ad0                Meter_Connection_Management_addr_to_aa
 .text.on_data_sent_cb
                0x0000000008047afc       0x14 ../build/radientum_wp_v1_0/dlms_app/../dlms_app/dlms/profiles/instantaneous_profile.o
 .text.open_cb  0x0000000008047b10       0x24 ../build/radientum_wp_v1_0/dlms_app/../dlms_app/dlms/profiles/instantaneous_profile.o
 .text.on_lock_aquired_cb
                0x0000000008047b34       0x1c ../build/radientum_wp_v1_0/dlms_app/../dlms_app/dlms/profiles/instantaneous_profile.o
 .text.read_instantaneous_cb
                0x0000000008047b50       0xc0 ../build/radientum_wp_v1_0/dlms_app/../dlms_app/dlms/profiles/instantaneous_profile.o
 .text.get_next_inst_delay_ms
                0x0000000008047c10       0x70 ../build/radientum_wp_v1_0/dlms_app/../dlms_app/dlms/profiles/instantaneous_profile.o
 .text.schedule_sending
                0x0000000008047c80       0x88 ../build/radientum_wp_v1_0/dlms_app/../dlms_app/dlms/profiles/instantaneous_profile.o
 .text.close_cb
                0x0000000008047d08        0x4 ../build/radientum_wp_v1_0/dlms_app/../dlms_app/dlms/profiles/instantaneous_profile.o
 .text.on_lock_aquired_for_sending_cb
                0x0000000008047d0c       0xa8 ../build/radientum_wp_v1_0/dlms_app/../dlms_app/dlms/profiles/instantaneous_profile.o
 .text.read_instantaneous_profile_fsm
                0x0000000008047db4      0x1c8 ../build/radientum_wp_v1_0/dlms_app/../dlms_app/dlms/profiles/instantaneous_profile.o
 .text.Instantaneous_profile_start
                0x0000000008047f7c       0x34 ../build/radientum_wp_v1_0/dlms_app/../dlms_app/dlms/profiles/instantaneous_profile.o
                0x0000000008047f7c                Instantaneous_profile_start
 .text.close_cb
                0x0000000008047fb0       0x1c ../build/radientum_wp_v1_0/dlms_app/../dlms_app/dlms/profiles/blockload_profile.o
 .text.open_cb  0x0000000008047fcc       0x24 ../build/radientum_wp_v1_0/dlms_app/../dlms_app/dlms/profiles/blockload_profile.o
 .text.on_lock_aquired_cb
                0x0000000008047ff0       0x1c ../build/radientum_wp_v1_0/dlms_app/../dlms_app/dlms/profiles/blockload_profile.o
 *fill*         0x000000000804800c        0x4 
 .text.read_block_load_profile_fsm
                0x0000000008048010      0x17c ../build/radientum_wp_v1_0/dlms_app/../dlms_app/dlms/profiles/blockload_profile.o
 *fill*         0x000000000804818c        0x4 
 .text.on_meter_read_cb
                0x0000000008048190      0x1e0 ../build/radientum_wp_v1_0/dlms_app/../dlms_app/dlms/profiles/blockload_profile.o
 .text.on_data_sent_cb
                0x0000000008048370       0x40 ../build/radientum_wp_v1_0/dlms_app/../dlms_app/dlms/profiles/blockload_profile.o
 .text.Blockload_isStartTimeValid
                0x00000000080483b0       0x10 ../build/radientum_wp_v1_0/dlms_app/../dlms_app/dlms/profiles/blockload_profile.o
                0x00000000080483b0                Blockload_isStartTimeValid
 .text.Blockload_profile_start
                0x00000000080483c0       0x58 ../build/radientum_wp_v1_0/dlms_app/../dlms_app/dlms/profiles/blockload_profile.o
                0x00000000080483c0                Blockload_profile_start
 .text.close_cb
                0x0000000008048418       0x1c ../build/radientum_wp_v1_0/dlms_app/../dlms_app/dlms/profiles/dailyload_profile.o
 .text.open_cb  0x0000000008048434       0x28 ../build/radientum_wp_v1_0/dlms_app/../dlms_app/dlms/profiles/dailyload_profile.o
 .text.on_lock_aquired_cb
                0x000000000804845c       0x1c ../build/radientum_wp_v1_0/dlms_app/../dlms_app/dlms/profiles/dailyload_profile.o
 .text.read_daily_load_profile_fsm
                0x0000000008048478      0x108 ../build/radientum_wp_v1_0/dlms_app/../dlms_app/dlms/profiles/dailyload_profile.o
 .text.on_meter_read_cb
                0x0000000008048580      0x100 ../build/radientum_wp_v1_0/dlms_app/../dlms_app/dlms/profiles/dailyload_profile.o
 .text.on_data_sent_cb
                0x0000000008048680       0x40 ../build/radientum_wp_v1_0/dlms_app/../dlms_app/dlms/profiles/dailyload_profile.o
 .text.Dailyload_isStartTimeValid
                0x00000000080486c0       0x10 ../build/radientum_wp_v1_0/dlms_app/../dlms_app/dlms/profiles/dailyload_profile.o
                0x00000000080486c0                Dailyload_isStartTimeValid
 .text.Dailyload_profile_start
                0x00000000080486d0       0x38 ../build/radientum_wp_v1_0/dlms_app/../dlms_app/dlms/profiles/dailyload_profile.o
                0x00000000080486d0                Dailyload_profile_start
 .text.on_data_sent_cb
                0x0000000008048708       0x14 ../build/radientum_wp_v1_0/dlms_app/../dlms_app/dlms/profiles/name_plate_profile.o
 .text.close_cb
                0x000000000804871c       0x1c ../build/radientum_wp_v1_0/dlms_app/../dlms_app/dlms/profiles/name_plate_profile.o
 .text.on_lock_aquired_cb
                0x0000000008048738       0x1c ../build/radientum_wp_v1_0/dlms_app/../dlms_app/dlms/profiles/name_plate_profile.o
 .text.read_name_plate_profile_fsm
                0x0000000008048754       0xec ../build/radientum_wp_v1_0/dlms_app/../dlms_app/dlms/profiles/name_plate_profile.o
 .text.read_name_plate_cb
                0x0000000008048840       0x74 ../build/radientum_wp_v1_0/dlms_app/../dlms_app/dlms/profiles/name_plate_profile.o
 .text.open_cb  0x00000000080488b4       0x30 ../build/radientum_wp_v1_0/dlms_app/../dlms_app/dlms/profiles/name_plate_profile.o
 .text.Name_Plate_Profile_read
                0x00000000080488e4       0x38 ../build/radientum_wp_v1_0/dlms_app/../dlms_app/dlms/profiles/name_plate_profile.o
                0x00000000080488e4                Name_Plate_Profile_read
 .text.close_cb
                0x000000000804891c       0x20 ../build/radientum_wp_v1_0/dlms_app/../dlms_app/dlms/profiles/billing_profile.o
 .text.open_cb  0x000000000804893c       0x28 ../build/radientum_wp_v1_0/dlms_app/../dlms_app/dlms/profiles/billing_profile.o
 .text.on_lock_aquired_cb
                0x0000000008048964       0x1c ../build/radientum_wp_v1_0/dlms_app/../dlms_app/dlms/profiles/billing_profile.o
 .text.read_billing_profile_fsm
                0x0000000008048980      0x1bc ../build/radientum_wp_v1_0/dlms_app/../dlms_app/dlms/profiles/billing_profile.o
 .text.read_entries_in_use_cb
                0x0000000008048b3c       0xa0 ../build/radientum_wp_v1_0/dlms_app/../dlms_app/dlms/profiles/billing_profile.o
 .text.read_profile_entries_cb
                0x0000000008048bdc       0x84 ../build/radientum_wp_v1_0/dlms_app/../dlms_app/dlms/profiles/billing_profile.o
 .text.on_last_period_sent_cb
                0x0000000008048c60       0x34 ../build/radientum_wp_v1_0/dlms_app/../dlms_app/dlms/profiles/billing_profile.o
 .text.on_meter_read_cb
                0x0000000008048c94       0xfc ../build/radientum_wp_v1_0/dlms_app/../dlms_app/dlms/profiles/billing_profile.o
 .text.Billing_profile_start
                0x0000000008048d90       0x38 ../build/radientum_wp_v1_0/dlms_app/../dlms_app/dlms/profiles/billing_profile.o
                0x0000000008048d90                Billing_profile_start
 .text.close_cb
                0x0000000008048dc8       0x1c ../build/radientum_wp_v1_0/dlms_app/../dlms_app/dlms/profiles/event_log_profiles.o
 .text.open_cb  0x0000000008048de4       0x3c ../build/radientum_wp_v1_0/dlms_app/../dlms_app/dlms/profiles/event_log_profiles.o
 .text.on_lock_aquired_cb
                0x0000000008048e20       0x1c ../build/radientum_wp_v1_0/dlms_app/../dlms_app/dlms/profiles/event_log_profiles.o
 .text.read_entries_in_use_cb
                0x0000000008048e3c       0xf8 ../build/radientum_wp_v1_0/dlms_app/../dlms_app/dlms/profiles/event_log_profiles.o
 .text.read_profile_entries_cb
                0x0000000008048f34       0x8c ../build/radientum_wp_v1_0/dlms_app/../dlms_app/dlms/profiles/event_log_profiles.o
 .text.read_event_log_entries_cb
                0x0000000008048fc0      0x15c ../build/radientum_wp_v1_0/dlms_app/../dlms_app/dlms/profiles/event_log_profiles.o
 .text.read_last_entry_cb
                0x000000000804911c       0x70 ../build/radientum_wp_v1_0/dlms_app/../dlms_app/dlms/profiles/event_log_profiles.o
 .text.search_event_log_entry_cb
                0x000000000804918c       0xd0 ../build/radientum_wp_v1_0/dlms_app/../dlms_app/dlms/profiles/event_log_profiles.o
 .text.get_entry_size_cb
                0x000000000804925c      0x188 ../build/radientum_wp_v1_0/dlms_app/../dlms_app/dlms/profiles/event_log_profiles.o
 .text.on_event_log_push_sent_cb
                0x00000000080493e4       0x48 ../build/radientum_wp_v1_0/dlms_app/../dlms_app/dlms/profiles/event_log_profiles.o
 .text.read_evt_log_fsm_end_cb
                0x000000000804942c       0xc4 ../build/radientum_wp_v1_0/dlms_app/../dlms_app/dlms/profiles/event_log_profiles.o
 .text.read_event_log_fsm
                0x00000000080494f0      0x32c ../build/radientum_wp_v1_0/dlms_app/../dlms_app/dlms/profiles/event_log_profiles.o
 .text.Event_Log_Profiles_checkDataValidity
                0x000000000804981c       0x3a ../build/radientum_wp_v1_0/dlms_app/../dlms_app/dlms/profiles/event_log_profiles.o
                0x000000000804981c                Event_Log_Profiles_checkDataValidity
 *fill*         0x0000000008049856        0x2 
 .text.read_event_logs_task
                0x0000000008049858       0x54 ../build/radientum_wp_v1_0/dlms_app/../dlms_app/dlms/profiles/event_log_profiles.o
 .text.Event_Log_Profiles_start
                0x00000000080498ac       0x30 ../build/radientum_wp_v1_0/dlms_app/../dlms_app/dlms/profiles/event_log_profiles.o
                0x00000000080498ac                Event_Log_Profiles_start
 .text.initialize_billing_date
                0x00000000080498dc       0xb4 ../build/radientum_wp_v1_0/dlms_app/../dlms_app/dlms/profiles/fixed_day_billing_profile.o
 .text.close_cb
                0x0000000008049990       0x1c ../build/radientum_wp_v1_0/dlms_app/../dlms_app/dlms/profiles/fixed_day_billing_profile.o
 .text.open_cb  0x00000000080499ac       0x24 ../build/radientum_wp_v1_0/dlms_app/../dlms_app/dlms/profiles/fixed_day_billing_profile.o
 .text.on_lock_aquired_cb
                0x00000000080499d0       0x1c ../build/radientum_wp_v1_0/dlms_app/../dlms_app/dlms/profiles/fixed_day_billing_profile.o
 .text.fixed_day_read_billing_profile_fsm
                0x00000000080499ec      0x194 ../build/radientum_wp_v1_0/dlms_app/../dlms_app/dlms/profiles/fixed_day_billing_profile.o
 .text.read_entries_in_use_cb
                0x0000000008049b80       0x84 ../build/radientum_wp_v1_0/dlms_app/../dlms_app/dlms/profiles/fixed_day_billing_profile.o
 .text.compute_delay
                0x0000000008049c04       0x84 ../build/radientum_wp_v1_0/dlms_app/../dlms_app/dlms/profiles/fixed_day_billing_profile.o
 .text.reschedule_state_machine
                0x0000000008049c88       0x34 ../build/radientum_wp_v1_0/dlms_app/../dlms_app/dlms/profiles/fixed_day_billing_profile.o
 .text.compute_next_billing_date
                0x0000000008049cbc       0xc4 ../build/radientum_wp_v1_0/dlms_app/../dlms_app/dlms/profiles/fixed_day_billing_profile.o
 .text.on_push_sent_cb
                0x0000000008049d80       0x60 ../build/radientum_wp_v1_0/dlms_app/../dlms_app/dlms/profiles/fixed_day_billing_profile.o
 .text.on_meter_read_cb
                0x0000000008049de0       0x8c ../build/radientum_wp_v1_0/dlms_app/../dlms_app/dlms/profiles/fixed_day_billing_profile.o
 .text.Fixed_Day_Billing_Profile_start
                0x0000000008049e6c       0x80 ../build/radientum_wp_v1_0/dlms_app/../dlms_app/dlms/profiles/fixed_day_billing_profile.o
                0x0000000008049e6c                Fixed_Day_Billing_Profile_start
 .text.close_cb
                0x0000000008049eec       0x20 ../build/radientum_wp_v1_0/dlms_app/../dlms_app/dlms/profiles/export_billing_profile.o
 .text.open_cb  0x0000000008049f0c       0x28 ../build/radientum_wp_v1_0/dlms_app/../dlms_app/dlms/profiles/export_billing_profile.o
 .text.on_lock_aquired_cb
                0x0000000008049f34       0x1c ../build/radientum_wp_v1_0/dlms_app/../dlms_app/dlms/profiles/export_billing_profile.o
 .text.read_export_billing_profile_fsm
                0x0000000008049f50      0x1bc ../build/radientum_wp_v1_0/dlms_app/../dlms_app/dlms/profiles/export_billing_profile.o
 .text.read_entries_in_use_cb
                0x000000000804a10c       0xa0 ../build/radientum_wp_v1_0/dlms_app/../dlms_app/dlms/profiles/export_billing_profile.o
 .text.read_profile_entries_cb
                0x000000000804a1ac       0x98 ../build/radientum_wp_v1_0/dlms_app/../dlms_app/dlms/profiles/export_billing_profile.o
 .text.on_last_period_sent_cb
                0x000000000804a244       0x34 ../build/radientum_wp_v1_0/dlms_app/../dlms_app/dlms/profiles/export_billing_profile.o
 .text.on_meter_read_cb
                0x000000000804a278       0xfc ../build/radientum_wp_v1_0/dlms_app/../dlms_app/dlms/profiles/export_billing_profile.o
 .text.Export_Billing_profile_start
                0x000000000804a374       0x38 ../build/radientum_wp_v1_0/dlms_app/../dlms_app/dlms/profiles/export_billing_profile.o
                0x000000000804a374                Export_Billing_profile_start
 .text.timeout_task
                0x000000000804a3ac       0x34 ../build/radientum_wp_v1_0/dlms_app/../dlms_app/dlms/internal/dlms_com.o
 .text.notify_caller_and_exit_task
                0x000000000804a3e0       0x38 ../build/radientum_wp_v1_0/dlms_app/../dlms_app/dlms/internal/dlms_com.o
 .text.rx_data_cb
                0x000000000804a418      0x1bc ../build/radientum_wp_v1_0/dlms_app/../dlms_app/dlms/internal/dlms_com.o
 .text.Dlms_Com_init
                0x000000000804a5d4        0x2 ../build/radientum_wp_v1_0/dlms_app/../dlms_app/dlms/internal/dlms_com.o
                0x000000000804a5d4                Dlms_Com_init
 *fill*         0x000000000804a5d6        0x2 
 .text.Dlms_Com_call_async_with_timeout
                0x000000000804a5d8       0xd8 ../build/radientum_wp_v1_0/dlms_app/../dlms_app/dlms/internal/dlms_com.o
                0x000000000804a5d8                Dlms_Com_call_async_with_timeout
 .text.Dlms_Com_call_async
                0x000000000804a6b0        0x6 ../build/radientum_wp_v1_0/dlms_app/../dlms_app/dlms/internal/dlms_com.o
                0x000000000804a6b0                Dlms_Com_call_async
 *fill*         0x000000000804a6b6        0x2 
 .text.uartReceiveCb
                0x000000000804a6b8       0x5c ../build/radientum_wp_v1_0/dlms_app/../dlms_app/dlms/internal/meter_uart.o
 .text.Custom_Uart_Prehook_handler
                0x000000000804a714        0x6 ../build/radientum_wp_v1_0/dlms_app/../dlms_app/dlms/internal/meter_uart.o
                0x000000000804a714                Custom_Uart_Prehook_handler
 *fill*         0x000000000804a71a        0x2 
 .text.process_rx_buffer_task
                0x000000000804a71c      0x134 ../build/radientum_wp_v1_0/dlms_app/../dlms_app/dlms/internal/meter_uart.o
 .text.Meter_uart_init
                0x000000000804a850       0x38 ../build/radientum_wp_v1_0/dlms_app/../dlms_app/dlms/internal/meter_uart.o
                0x000000000804a850                Meter_uart_init
 .text.Meter_uart_register_rx_cb
                0x000000000804a888       0x80 ../build/radientum_wp_v1_0/dlms_app/../dlms_app/dlms/internal/meter_uart.o
                0x000000000804a888                Meter_uart_register_rx_cb
 .text.Meter_uart_unregister_rx_cb
                0x000000000804a908       0x7c ../build/radientum_wp_v1_0/dlms_app/../dlms_app/dlms/internal/meter_uart.o
                0x000000000804a908                Meter_uart_unregister_rx_cb
 .text.Meter_uart_send_frame
                0x000000000804a984       0x28 ../build/radientum_wp_v1_0/dlms_app/../dlms_app/dlms/internal/meter_uart.o
                0x000000000804a984                Meter_uart_send_frame
 .text.disc_from_estab_result_cb
                0x000000000804a9ac       0x50 ../build/radientum_wp_v1_0/dlms_app/../dlms_app/dlms/internal/application_association.o
 .text.disc_result_cb
                0x000000000804a9fc       0x54 ../build/radientum_wp_v1_0/dlms_app/../dlms_app/dlms/internal/application_association.o
 .text.release_result_cb
                0x000000000804aa50       0x54 ../build/radientum_wp_v1_0/dlms_app/../dlms_app/dlms/internal/application_association.o
 .text.hls_result_cb
                0x000000000804aaa4       0x6c ../build/radientum_wp_v1_0/dlms_app/../dlms_app/dlms/internal/application_association.o
 .text.aarq_result_cb
                0x000000000804ab10       0x88 ../build/radientum_wp_v1_0/dlms_app/../dlms_app/dlms/internal/application_association.o
 .text.snrm_result_cb
                0x000000000804ab98       0x70 ../build/radientum_wp_v1_0/dlms_app/../dlms_app/dlms/internal/application_association.o
 .text.establish_aa_fsm
                0x000000000804ac08      0x378 ../build/radientum_wp_v1_0/dlms_app/../dlms_app/dlms/internal/application_association.o
 .text.release_aa_fsm
                0x000000000804af80      0x150 ../build/radientum_wp_v1_0/dlms_app/../dlms_app/dlms/internal/application_association.o
 .text.AA_Establish
                0x000000000804b0d0       0x84 ../build/radientum_wp_v1_0/dlms_app/../dlms_app/dlms/internal/application_association.o
                0x000000000804b0d0                AA_Establish
 .text.AA_Release
                0x000000000804b154       0x80 ../build/radientum_wp_v1_0/dlms_app/../dlms_app/dlms/internal/application_association.o
                0x000000000804b154                AA_Release
 .text.read_period_cb
                0x000000000804b1d4       0x60 ../build/radientum_wp_v1_0/dlms_app/../dlms_app/dlms/internal/profile_generic.o
 .text.print_info
                0x000000000804b234       0x34 ../build/radientum_wp_v1_0/dlms_app/../dlms_app/dlms/internal/profile_generic.o
 .text.profile_generic_read_fsm
                0x000000000804b268      0x204 ../build/radientum_wp_v1_0/dlms_app/../dlms_app/dlms/internal/profile_generic.o
 .text.read_result_cb
                0x000000000804b46c       0xac ../build/radientum_wp_v1_0/dlms_app/../dlms_app/dlms/internal/profile_generic.o
 .text.initialization
                0x000000000804b518       0x84 ../build/radientum_wp_v1_0/dlms_app/../dlms_app/dlms/internal/profile_generic.o
 .text.Profile_Generic_read_all_async
                0x000000000804b59c       0x40 ../build/radientum_wp_v1_0/dlms_app/../dlms_app/dlms/internal/profile_generic.o
                0x000000000804b59c                Profile_Generic_read_all_async
 .text.Profile_Generic_read_by_row_async
                0x000000000804b5dc       0x48 ../build/radientum_wp_v1_0/dlms_app/../dlms_app/dlms/internal/profile_generic.o
                0x000000000804b5dc                Profile_Generic_read_by_row_async
 .text.Profile_Generic_read_by_entry_async
                0x000000000804b624       0x4c ../build/radientum_wp_v1_0/dlms_app/../dlms_app/dlms/internal/profile_generic.o
                0x000000000804b624                Profile_Generic_read_by_entry_async
 .text.Dlms_lock_init
                0x000000000804b670       0x20 ../build/radientum_wp_v1_0/dlms_app/../dlms_app/dlms/dlms_lock.o
                0x000000000804b670                Dlms_lock_init
 .text.Dlms_lock_take
                0x000000000804b690       0xbc ../build/radientum_wp_v1_0/dlms_app/../dlms_app/dlms/dlms_lock.o
                0x000000000804b690                Dlms_lock_take
 .text.Dlms_lock_release
                0x000000000804b74c       0xc0 ../build/radientum_wp_v1_0/dlms_app/../dlms_app/dlms/dlms_lock.o
                0x000000000804b74c                Dlms_lock_release
 .text._lock_release
                0x000000000804b80c       0x34 ../build/radientum_wp_v1_0/dlms_app/../dlms_app/dlms/dlms_lock.o
 .text.Dlms_lock_changeType
                0x000000000804b840       0x7c ../build/radientum_wp_v1_0/dlms_app/../dlms_app/dlms/dlms_lock.o
                0x000000000804b840                Dlms_lock_changeType
 .text.rid_close_fu_cb
                0x000000000804b8bc       0x1c ../build/radientum_wp_v1_0/dlms_app/../dlms_app/dlms/dlms_id.o
 .text.rid_open_fu_cb
                0x000000000804b8d8       0x3c ../build/radientum_wp_v1_0/dlms_app/../dlms_app/dlms/dlms_id.o
 .text.rid_close_us_cb
                0x000000000804b914       0x1c ../build/radientum_wp_v1_0/dlms_app/../dlms_app/dlms/dlms_id.o
 .text.rid_open_us_cb
                0x000000000804b930       0x3c ../build/radientum_wp_v1_0/dlms_app/../dlms_app/dlms/dlms_id.o
 .text.rid_close_mr_cb
                0x000000000804b96c       0x1c ../build/radientum_wp_v1_0/dlms_app/../dlms_app/dlms/dlms_id.o
 .text.rid_open_mr_cb
                0x000000000804b988       0x3c ../build/radientum_wp_v1_0/dlms_app/../dlms_app/dlms/dlms_id.o
 .text.rid_close_pc_cb
                0x000000000804b9c4       0x1c ../build/radientum_wp_v1_0/dlms_app/../dlms_app/dlms/dlms_id.o
 .text.rid_open_pc_cb
                0x000000000804b9e0       0x3c ../build/radientum_wp_v1_0/dlms_app/../dlms_app/dlms/dlms_id.o
 .text.rid_lock_aquired_cb
                0x000000000804ba1c       0x1c ../build/radientum_wp_v1_0/dlms_app/../dlms_app/dlms/dlms_id.o
 .text.read_meter_name_fsm
                0x000000000804ba38      0x22c ../build/radientum_wp_v1_0/dlms_app/../dlms_app/dlms/dlms_id.o
 .text.read_device_id_cb
                0x000000000804bc64       0xb4 ../build/radientum_wp_v1_0/dlms_app/../dlms_app/dlms/dlms_id.o
 .text.read_serial_number_cb
                0x000000000804bd18      0x118 ../build/radientum_wp_v1_0/dlms_app/../dlms_app/dlms/dlms_id.o
 .text.Dlms_Id_readSerialNumber
                0x000000000804be30       0x64 ../build/radientum_wp_v1_0/dlms_app/../dlms_app/dlms/dlms_id.o
                0x000000000804be30                Dlms_Id_readSerialNumber
 .text.update_security_cb
                0x000000000804be94       0x4c ../build/radientum_wp_v1_0/dlms_app/../dlms_app/dlms/nic_server.o
 .text.server_cleanup
                0x000000000804bee0       0xc0 ../build/radientum_wp_v1_0/dlms_app/../dlms_app/dlms/nic_server.o
 .text.release_lock
                0x000000000804bfa0       0x3c ../build/radientum_wp_v1_0/dlms_app/../dlms_app/dlms/nic_server.o
 .text.serverHandler
                0x000000000804bfdc      0x148 ../build/radientum_wp_v1_0/dlms_app/../dlms_app/dlms/nic_server.o
 .text.Nic_Server_disconnect
                0x000000000804c124       0x1c ../build/radientum_wp_v1_0/dlms_app/../dlms_app/dlms/nic_server.o
                0x000000000804c124                Nic_Server_disconnect
 .text.Nic_Server_invalid_connection
                0x000000000804c140       0x34 ../build/radientum_wp_v1_0/dlms_app/../dlms_app/dlms/nic_server.o
                0x000000000804c140                Nic_Server_invalid_connection
 .text.Nic_Server_get_current_message_delay_ms
                0x000000000804c174        0xc ../build/radientum_wp_v1_0/dlms_app/../dlms_app/dlms/nic_server.o
                0x000000000804c174                Nic_Server_get_current_message_delay_ms
 .text.Nic_Server_handle_message
                0x000000000804c180      0x28c ../build/radientum_wp_v1_0/dlms_app/../dlms_app/dlms/nic_server.o
                0x000000000804c180                Nic_Server_handle_message
 .text.find_object
                0x000000000804c40c       0x30 ../build/radientum_wp_v1_0/dlms_app/../dlms_app/dlms/nic_server_objects.o
 .text.add_data_object
                0x000000000804c43c       0x3c ../build/radientum_wp_v1_0/dlms_app/../dlms_app/dlms/nic_server_objects.o
 .text.add_clock
                0x000000000804c478       0x18 ../build/radientum_wp_v1_0/dlms_app/../dlms_app/dlms/nic_server_objects.o
 .text.add_us_association_ln
                0x000000000804c490       0xac ../build/radientum_wp_v1_0/dlms_app/../dlms_app/dlms/nic_server_objects.o
 .text.store_key
                0x000000000804c53c       0x88 ../build/radientum_wp_v1_0/dlms_app/../dlms_app/dlms/nic_server_objects.o
 .text.store_secret
                0x000000000804c5c4       0x4c ../build/radientum_wp_v1_0/dlms_app/../dlms_app/dlms/nic_server_objects.o
 .text.add_transparent_cfg_object
                0x000000000804c610       0x1e ../build/radientum_wp_v1_0/dlms_app/../dlms_app/dlms/nic_server_objects.o
 .text.add_push_enable_cfg_object
                0x000000000804c62e       0x46 ../build/radientum_wp_v1_0/dlms_app/../dlms_app/dlms/nic_server_objects.o
 .text.add_instantaneous_period_cfg_object
                0x000000000804c674       0x26 ../build/radientum_wp_v1_0/dlms_app/../dlms_app/dlms/nic_server_objects.o
 *fill*         0x000000000804c69a        0x2 
 .text.add_invocation_counter
                0x000000000804c69c       0x30 ../build/radientum_wp_v1_0/dlms_app/../dlms_app/dlms/nic_server_objects.o
 .text.add_pc_association_ln
                0x000000000804c6cc       0x50 ../build/radientum_wp_v1_0/dlms_app/../dlms_app/dlms/nic_server_objects.o
 .text.add_us_security_setup
                0x000000000804c71c       0x4c ../build/radientum_wp_v1_0/dlms_app/../dlms_app/dlms/nic_server_objects.o
 .text.Dlms_Server_deleteObjects
                0x000000000804c768       0x2c ../build/radientum_wp_v1_0/dlms_app/../dlms_app/dlms/nic_server_objects.o
                0x000000000804c768                Dlms_Server_deleteObjects
 .text.Dlms_Server_createObjects
                0x000000000804c794      0x144 ../build/radientum_wp_v1_0/dlms_app/../dlms_app/dlms/nic_server_objects.o
                0x000000000804c794                Dlms_Server_createObjects
 .text.svr_getAttributeAccess
                0x000000000804c8d8       0x8c ../build/radientum_wp_v1_0/dlms_app/../dlms_app/dlms/nic_server_objects.o
                0x000000000804c8d8                svr_getAttributeAccess
 .text.svr_getMethodAccess
                0x000000000804c964        0xe ../build/radientum_wp_v1_0/dlms_app/../dlms_app/dlms/nic_server_objects.o
                0x000000000804c964                svr_getMethodAccess
 .text.svr_preRead
                0x000000000804c972       0x66 ../build/radientum_wp_v1_0/dlms_app/../dlms_app/dlms/nic_server_objects.o
                0x000000000804c972                svr_preRead
 .text.svr_preWrite
                0x000000000804c9d8      0x2cc ../build/radientum_wp_v1_0/dlms_app/../dlms_app/dlms/nic_server_objects.o
                0x000000000804c9d8                svr_preWrite
 .text.svr_preAction
                0x000000000804cca4       0x22 ../build/radientum_wp_v1_0/dlms_app/../dlms_app/dlms/nic_server_objects.o
                0x000000000804cca4                svr_preAction
 .text.svr_postRead
                0x000000000804ccc6        0x4 ../build/radientum_wp_v1_0/dlms_app/../dlms_app/dlms/nic_server_objects.o
                0x000000000804ccc6                svr_postRead
 .text.svr_postWrite
                0x000000000804ccca        0x2 ../build/radientum_wp_v1_0/dlms_app/../dlms_app/dlms/nic_server_objects.o
                0x000000000804ccca                svr_postWrite
 .text.svr_postAction
                0x000000000804cccc        0x4 ../build/radientum_wp_v1_0/dlms_app/../dlms_app/dlms/nic_server_objects.o
                0x000000000804cccc                svr_postAction
 .text.svr_findObject
                0x000000000804ccd0       0xd4 ../build/radientum_wp_v1_0/dlms_app/../dlms_app/dlms/nic_server_objects.o
                0x000000000804ccd0                svr_findObject
 .text.svr_disconnected
                0x000000000804cda4       0x1c ../build/radientum_wp_v1_0/dlms_app/../dlms_app/dlms/nic_server_objects.o
                0x000000000804cda4                svr_disconnected
 .text.svr_connected
                0x000000000804cdc0       0x18 ../build/radientum_wp_v1_0/dlms_app/../dlms_app/dlms/nic_server_objects.o
                0x000000000804cdc0                svr_connected
 .text.svr_invalidConnection
                0x000000000804cdd8       0x1c ../build/radientum_wp_v1_0/dlms_app/../dlms_app/dlms/nic_server_objects.o
                0x000000000804cdd8                svr_invalidConnection
 .text.svr_validateAuthentication
                0x000000000804cdf4        0x4 ../build/radientum_wp_v1_0/dlms_app/../dlms_app/dlms/nic_server_objects.o
                0x000000000804cdf4                svr_validateAuthentication
 .text.svr_isTarget
                0x000000000804cdf8        0x4 ../build/radientum_wp_v1_0/dlms_app/../dlms_app/dlms/nic_server_objects.o
                0x000000000804cdf8                svr_isTarget
 .text.svr_preGet
                0x000000000804cdfc        0x2 ../build/radientum_wp_v1_0/dlms_app/../dlms_app/dlms/nic_server_objects.o
                0x000000000804cdfc                svr_preGet
 .text.svr_postGet
                0x000000000804cdfe        0x2 ../build/radientum_wp_v1_0/dlms_app/../dlms_app/dlms/nic_server_objects.o
                0x000000000804cdfe                svr_postGet
 .text.time_elapsed
                0x000000000804ce00       0x18 ../build/radientum_wp_v1_0/dlms_app/../dlms_app/dlms/nic_server_objects.o
                0x000000000804ce00                time_elapsed
 .text.compute_statuses
                0x000000000804ce18       0x60 ../build/radientum_wp_v1_0/dlms_app/../dlms_app/dlms/nic_status.o
 .text.send_nic_status_task
                0x000000000804ce78      0x18c ../build/radientum_wp_v1_0/dlms_app/../dlms_app/dlms/nic_status.o
 .text.Nic_status_generate_and_send_notification
                0x000000000804d004       0x20 ../build/radientum_wp_v1_0/dlms_app/../dlms_app/dlms/nic_status.o
                0x000000000804d004                Nic_status_generate_and_send_notification
 .text.on_data_sent_cb
                0x000000000804d024       0x4c ../build/radientum_wp_v1_0/dlms_app/../dlms_app/dlms/nic_status.o
 .text.Nic_status_set_aa_state
                0x000000000804d070       0x4c ../build/radientum_wp_v1_0/dlms_app/../dlms_app/dlms/nic_status.o
                0x000000000804d070                Nic_status_set_aa_state
 .text.Nic_status_compute_statuses
                0x000000000804d0bc       0x24 ../build/radientum_wp_v1_0/dlms_app/../dlms_app/dlms/nic_status.o
                0x000000000804d0bc                Nic_status_compute_statuses
 .text.close_cb
                0x000000000804d0e0       0x1c ../build/radientum_wp_v1_0/dlms_app/../dlms_app/dlms/read_esw.o
 .text.open_cb  0x000000000804d0fc       0x24 ../build/radientum_wp_v1_0/dlms_app/../dlms_app/dlms/read_esw.o
 .text.on_lock_aquired_cb
                0x000000000804d120       0x1c ../build/radientum_wp_v1_0/dlms_app/../dlms_app/dlms/read_esw.o
 .text.read_esw_fsm
                0x000000000804d13c      0x1c8 ../build/radientum_wp_v1_0/dlms_app/../dlms_app/dlms/read_esw.o
 .text.send_esw.constprop.0
                0x000000000804d304       0x98 ../build/radientum_wp_v1_0/dlms_app/../dlms_app/dlms/read_esw.o
 .text.on_data_sent_cb
                0x000000000804d39c       0x44 ../build/radientum_wp_v1_0/dlms_app/../dlms_app/dlms/read_esw.o
 .text.on_esw_read_cb
                0x000000000804d3e0      0x14c ../build/radientum_wp_v1_0/dlms_app/../dlms_app/dlms/read_esw.o
 .text.Read_Esw_start
                0x000000000804d52c       0x2c ../build/radientum_wp_v1_0/dlms_app/../dlms_app/dlms/read_esw.o
                0x000000000804d52c                Read_Esw_start
 .text.Rng_init
                0x000000000804d558       0x2c ../build/radientum_wp_v1_0/dlms_app/../dlms_app/dlms/rng.o
                0x000000000804d558                Rng_init
 .text.Rng_number
                0x000000000804d584       0x24 ../build/radientum_wp_v1_0/dlms_app/../dlms_app/dlms/rng.o
                0x000000000804d584                Rng_number
 .text.MeterClock_set
                0x000000000804d5a8       0x28 ../build/radientum_wp_v1_0/dlms_app/../dlms_app/dlms/meter_clock.o
                0x000000000804d5a8                MeterClock_set
 .text.MeterClock_get
                0x000000000804d5d0       0x48 ../build/radientum_wp_v1_0/dlms_app/../dlms_app/dlms/meter_clock.o
                0x000000000804d5d0                MeterClock_get
 .text.MeterClock_set_new_meter_clock
                0x000000000804d618       0x28 ../build/radientum_wp_v1_0/dlms_app/../dlms_app/dlms/meter_clock.o
                0x000000000804d618                MeterClock_set_new_meter_clock
 .text.MeterClock_get_new_meter_clock
                0x000000000804d640       0x3c ../build/radientum_wp_v1_0/dlms_app/../dlms_app/dlms/meter_clock.o
                0x000000000804d640                MeterClock_get_new_meter_clock
 .text.update_key
                0x000000000804d67c       0x32 ../build/radientum_wp_v1_0/dlms_app/../dlms_app/dlms/security_material.o
 .text.update_secret
                0x000000000804d6ae       0x44 ../build/radientum_wp_v1_0/dlms_app/../dlms_app/dlms/security_material.o
 .text.Security_Material_init
                0x000000000804d6f2        0x2 ../build/radientum_wp_v1_0/dlms_app/../dlms_app/dlms/security_material.o
                0x000000000804d6f2                Security_Material_init
 .text.Security_Material_get_mr_secret
                0x000000000804d6f4       0x1e ../build/radientum_wp_v1_0/dlms_app/../dlms_app/dlms/security_material.o
                0x000000000804d6f4                Security_Material_get_mr_secret
 .text.Security_Material_get_us_secret
                0x000000000804d712       0x22 ../build/radientum_wp_v1_0/dlms_app/../dlms_app/dlms/security_material.o
                0x000000000804d712                Security_Material_get_us_secret
 .text.Security_Material_get_fu_secret
                0x000000000804d734       0x22 ../build/radientum_wp_v1_0/dlms_app/../dlms_app/dlms/security_material.o
                0x000000000804d734                Security_Material_get_fu_secret
 .text.Security_Material_get_keys
                0x000000000804d756       0x30 ../build/radientum_wp_v1_0/dlms_app/../dlms_app/dlms/security_material.o
                0x000000000804d756                Security_Material_get_keys
 .text.Security_Material_get_current_key_encryption_key
                0x000000000804d786       0x1e ../build/radientum_wp_v1_0/dlms_app/../dlms_app/dlms/security_material.o
                0x000000000804d786                Security_Material_get_current_key_encryption_key
 .text.Security_Material_store_new_mr_secret
                0x000000000804d7a4        0x8 ../build/radientum_wp_v1_0/dlms_app/../dlms_app/dlms/security_material.o
                0x000000000804d7a4                Security_Material_store_new_mr_secret
 .text.Security_Material_store_new_us_secret
                0x000000000804d7ac        0x8 ../build/radientum_wp_v1_0/dlms_app/../dlms_app/dlms/security_material.o
                0x000000000804d7ac                Security_Material_store_new_us_secret
 .text.Security_Material_store_new_fu_secret
                0x000000000804d7b4        0x8 ../build/radientum_wp_v1_0/dlms_app/../dlms_app/dlms/security_material.o
                0x000000000804d7b4                Security_Material_store_new_fu_secret
 .text.Security_Material_store_new_enc_key
                0x000000000804d7bc        0xe ../build/radientum_wp_v1_0/dlms_app/../dlms_app/dlms/security_material.o
                0x000000000804d7bc                Security_Material_store_new_enc_key
 .text.Security_Material_store_new_auth_key
                0x000000000804d7ca        0xe ../build/radientum_wp_v1_0/dlms_app/../dlms_app/dlms/security_material.o
                0x000000000804d7ca                Security_Material_store_new_auth_key
 .text.Security_Material_store_new_key_encryption_key
                0x000000000804d7d8        0xe ../build/radientum_wp_v1_0/dlms_app/../dlms_app/dlms/security_material.o
                0x000000000804d7d8                Security_Material_store_new_key_encryption_key
 .text.Security_Material_is_new_material_available
                0x000000000804d7e6       0x2c ../build/radientum_wp_v1_0/dlms_app/../dlms_app/dlms/security_material.o
                0x000000000804d7e6                Security_Material_is_new_material_available
 .text.Security_Material_switch_to_new_material
                0x000000000804d812       0x1c ../build/radientum_wp_v1_0/dlms_app/../dlms_app/dlms/security_material.o
                0x000000000804d812                Security_Material_switch_to_new_material
 .text.Security_Material_get_new_material
                0x000000000804d82e       0x16 ../build/radientum_wp_v1_0/dlms_app/../dlms_app/dlms/security_material.o
                0x000000000804d82e                Security_Material_get_new_material
 .text.Security_Material_get_current_material
                0x000000000804d844       0x14 ../build/radientum_wp_v1_0/dlms_app/../dlms_app/dlms/security_material.o
                0x000000000804d844                Security_Material_get_current_material
 .text.Security_Material_is_enc_key_changed
                0x000000000804d858       0x30 ../build/radientum_wp_v1_0/dlms_app/../dlms_app/dlms/security_material.o
                0x000000000804d858                Security_Material_is_enc_key_changed
 .text.Data_Notification_generatePushFromPull
                0x000000000804d888      0x1a4 ../build/radientum_wp_v1_0/dlms_app/../dlms_app/dlms/internal/data_notification.o
                0x000000000804d888                Data_Notification_generatePushFromPull
 .text.compute_next_state
                0x000000000804da2c       0x30 ../build/radientum_wp_v1_0/dlms_app/../dlms_app/dlms/security_service.o
 .text.close_cb
                0x000000000804da5c       0x20 ../build/radientum_wp_v1_0/dlms_app/../dlms_app/dlms/security_service.o
 .text.open_cb  0x000000000804da7c       0x2c ../build/radientum_wp_v1_0/dlms_app/../dlms_app/dlms/security_service.o
 .text.init_buffers
                0x000000000804daa8       0x2c ../build/radientum_wp_v1_0/dlms_app/../dlms_app/dlms/security_service.o
 .text.cleanup_buffers
                0x000000000804dad4       0x2c ../build/radientum_wp_v1_0/dlms_app/../dlms_app/dlms/security_service.o
 .text.key_transfer_method_cb
                0x000000000804db00       0x5c ../build/radientum_wp_v1_0/dlms_app/../dlms_app/dlms/security_service.o
 .text.change_hls_secret_cb
                0x000000000804db5c       0x90 ../build/radientum_wp_v1_0/dlms_app/../dlms_app/dlms/security_service.o
 .text.ss_write_lls_secret_cb
                0x000000000804dbec       0x5c ../build/radientum_wp_v1_0/dlms_app/../dlms_app/dlms/security_service.o
 .text.ss_set_clock_cb
                0x000000000804dc48       0x50 ../build/radientum_wp_v1_0/dlms_app/../dlms_app/dlms/security_service.o
 .text.add_key.constprop.0
                0x000000000804dc98       0x70 ../build/radientum_wp_v1_0/dlms_app/../dlms_app/dlms/security_service.o
 .text.update_security_material_fsm
                0x000000000804dd08      0x35c ../build/radientum_wp_v1_0/dlms_app/../dlms_app/dlms/security_service.o
 .text.Security_Service_updateSecurity
                0x000000000804e064      0x14c ../build/radientum_wp_v1_0/dlms_app/../dlms_app/dlms/security_service.o
                0x000000000804e064                Security_Service_updateSecurity
 .text.Nic_ST_init
                0x000000000804e1b0       0xa4 ../build/radientum_wp_v1_0/dlms_app/../dlms_app/dlms/nic_system_title.o
                0x000000000804e1b0                Nic_ST_init
 .text.Nic_ST_get
                0x000000000804e254       0x10 ../build/radientum_wp_v1_0/dlms_app/../dlms_app/dlms/nic_system_title.o
                0x000000000804e254                Nic_ST_get
 .text.open_cb  0x000000000804e264       0x48 ../build/radientum_wp_v1_0/dlms_app/../dlms_app/dlms/firmware_update.o
 .text.on_lock_aquired_cb
                0x000000000804e2ac       0x2c ../build/radientum_wp_v1_0/dlms_app/../dlms_app/dlms/firmware_update.o
 .text.reopen_cb
                0x000000000804e2d8       0x50 ../build/radientum_wp_v1_0/dlms_app/../dlms_app/dlms/firmware_update.o
 .text.init_variables
                0x000000000804e328       0x2c ../build/radientum_wp_v1_0/dlms_app/../dlms_app/dlms/firmware_update.o
 .text.clear_variables
                0x000000000804e354       0x2c ../build/radientum_wp_v1_0/dlms_app/../dlms_app/dlms/firmware_update.o
 .text.read_image_transfer_status_after_activation_cb
                0x000000000804e380       0xdc ../build/radientum_wp_v1_0/dlms_app/../dlms_app/dlms/firmware_update.o
 .text.image_activate_method_cb
                0x000000000804e45c       0x60 ../build/radientum_wp_v1_0/dlms_app/../dlms_app/dlms/firmware_update.o
 .text.image_verify_method_cb
                0x000000000804e4bc       0x58 ../build/radientum_wp_v1_0/dlms_app/../dlms_app/dlms/firmware_update.o
 .text.image_block_transfer_method_cb
                0x000000000804e514       0x70 ../build/radientum_wp_v1_0/dlms_app/../dlms_app/dlms/firmware_update.o
 .text.image_transfer_initiate_method_cb
                0x000000000804e584       0x4c ../build/radientum_wp_v1_0/dlms_app/../dlms_app/dlms/firmware_update.o
 .text.read_image_transfer_status_cb
                0x000000000804e5d0      0x104 ../build/radientum_wp_v1_0/dlms_app/../dlms_app/dlms/firmware_update.o
 .text.read_block_size_cb
                0x000000000804e6d4       0xd0 ../build/radientum_wp_v1_0/dlms_app/../dlms_app/dlms/firmware_update.o
 .text.check_if_image_transfer_is_enabled_cb
                0x000000000804e7a4       0x94 ../build/radientum_wp_v1_0/dlms_app/../dlms_app/dlms/firmware_update.o
 .text.close_cb
                0x000000000804e838       0x40 ../build/radientum_wp_v1_0/dlms_app/../dlms_app/dlms/firmware_update.o
 .text.dlms_read_attribute_async.constprop.0
                0x000000000804e878       0x68 ../build/radientum_wp_v1_0/dlms_app/../dlms_app/dlms/firmware_update.o
 .text.firmwareUpdateHandler
                0x000000000804e8e0      0x5b4 ../build/radientum_wp_v1_0/dlms_app/../dlms_app/dlms/firmware_update.o
 .text.Firmware_Update_process_firmware_update
                0x000000000804ee94       0x68 ../build/radientum_wp_v1_0/dlms_app/../dlms_app/dlms/firmware_update.o
                0x000000000804ee94                Firmware_Update_process_firmware_update
 .text.Firmware_Update_check_activation_to_complete
                0x000000000804eefc       0x80 ../build/radientum_wp_v1_0/dlms_app/../dlms_app/dlms/firmware_update.o
                0x000000000804eefc                Firmware_Update_check_activation_to_complete
 .text.Firmware_Update_query_firmware_update_status
                0x000000000804ef7c       0x30 ../build/radientum_wp_v1_0/dlms_app/../dlms_app/dlms/firmware_update.o
                0x000000000804ef7c                Firmware_Update_query_firmware_update_status
 .text.transparentDLMSDataReceivedCb
                0x000000000804efac       0x64 ../build/radientum_wp_v1_0/dlms_app/../dlms_app/dlms/transparent_mode.o
 .text.rx_data_cb
                0x000000000804f010       0x50 ../build/radientum_wp_v1_0/dlms_app/../dlms_app/dlms/transparent_mode.o
 .text.Transparent_mode_enable
                0x000000000804f060       0x74 ../build/radientum_wp_v1_0/dlms_app/../dlms_app/dlms/transparent_mode.o
                0x000000000804f060                Transparent_mode_enable
 .text.Transparent_mode_init
                0x000000000804f0d4       0x74 ../build/radientum_wp_v1_0/dlms_app/../dlms_app/dlms/transparent_mode.o
                0x000000000804f0d4                Transparent_mode_init
 .text.Transparent_mode_disable
                0x000000000804f148       0x44 ../build/radientum_wp_v1_0/dlms_app/../dlms_app/dlms/transparent_mode.o
                0x000000000804f148                Transparent_mode_disable
 .text.Transparent_mode_is_enabled
                0x000000000804f18c        0xc ../build/radientum_wp_v1_0/dlms_app/../dlms_app/dlms/transparent_mode.o
                0x000000000804f18c                Transparent_mode_is_enabled
 .text.get_storage_timing_info
                0x000000000804f198       0x34 ../build/radientum_wp_v1_0/dlms_app/../dlms_app/storage/storage_driver.o
 .text.drv_read
                0x000000000804f1cc       0xa4 ../build/radientum_wp_v1_0/dlms_app/../dlms_app/storage/storage_driver.o
 .text.Storage_Driver_contextInit
                0x000000000804f270       0xc0 ../build/radientum_wp_v1_0/dlms_app/../dlms_app/storage/storage_driver.o
                0x000000000804f270                Storage_Driver_contextInit
 .text.Storage_Driver_init
                0x000000000804f330      0x104 ../build/radientum_wp_v1_0/dlms_app/../dlms_app/storage/storage_driver.o
                0x000000000804f330                Storage_Driver_init
 .text.Storage_Driver_write
                0x000000000804f434      0x2c8 ../build/radientum_wp_v1_0/dlms_app/../dlms_app/storage/storage_driver.o
                0x000000000804f434                Storage_Driver_write
 .text.Storage_Driver_getImageInfo
                0x000000000804f6fc       0x1c ../build/radientum_wp_v1_0/dlms_app/../dlms_app/storage/storage_driver.o
                0x000000000804f6fc                Storage_Driver_getImageInfo
 .text.updateEventLogData
                0x000000000804f718       0x40 ../build/radientum_wp_v1_0/dlms_app/../dlms_app/storage/client_attribute_manager.o
 .text.attr_commit
                0x000000000804f758       0x4c ../build/radientum_wp_v1_0/dlms_app/../dlms_app/storage/client_attribute_manager.o
 .text.Client_Attribute_Manager_writeBillingData
                0x000000000804f7a4       0x30 ../build/radientum_wp_v1_0/dlms_app/../dlms_app/storage/client_attribute_manager.o
                0x000000000804f7a4                Client_Attribute_Manager_writeBillingData
 .text.Client_Attribute_Manager_readBillingData
                0x000000000804f7d4       0x14 ../build/radientum_wp_v1_0/dlms_app/../dlms_app/storage/client_attribute_manager.o
                0x000000000804f7d4                Client_Attribute_Manager_readBillingData
 .text.Client_Attribute_Manager_writeBlockLoadData
                0x000000000804f7e8       0x28 ../build/radientum_wp_v1_0/dlms_app/../dlms_app/storage/client_attribute_manager.o
                0x000000000804f7e8                Client_Attribute_Manager_writeBlockLoadData
 .text.Client_Attribute_Manager_readBlockLoadData
                0x000000000804f810        0xc ../build/radientum_wp_v1_0/dlms_app/../dlms_app/storage/client_attribute_manager.o
                0x000000000804f810                Client_Attribute_Manager_readBlockLoadData
 .text.Client_Attribute_Manager_writeDailyLoadData
                0x000000000804f81c       0x28 ../build/radientum_wp_v1_0/dlms_app/../dlms_app/storage/client_attribute_manager.o
                0x000000000804f81c                Client_Attribute_Manager_writeDailyLoadData
 .text.Client_Attribute_Manager_readDailyLoadData
                0x000000000804f844        0xc ../build/radientum_wp_v1_0/dlms_app/../dlms_app/storage/client_attribute_manager.o
                0x000000000804f844                Client_Attribute_Manager_readDailyLoadData
 .text.Client_Attribute_Manager_writeEventLogData
                0x000000000804f850       0x24 ../build/radientum_wp_v1_0/dlms_app/../dlms_app/storage/client_attribute_manager.o
                0x000000000804f850                Client_Attribute_Manager_writeEventLogData
 .text.Client_Attribute_Manager_readEventLogData
                0x000000000804f874       0x58 ../build/radientum_wp_v1_0/dlms_app/../dlms_app/storage/client_attribute_manager.o
                0x000000000804f874                Client_Attribute_Manager_readEventLogData
 .text.attr_set_defaults
                0x000000000804f8cc       0x7c ../build/radientum_wp_v1_0/dlms_app/../dlms_app/storage/client_attribute_manager.o
 .text.Client_Attr_Manager_reset
                0x000000000804f948       0x20 ../build/radientum_wp_v1_0/dlms_app/../dlms_app/storage/client_attribute_manager.o
                0x000000000804f948                Client_Attr_Manager_reset
 .text.Client_Attr_Manager_init
                0x000000000804f968       0xec ../build/radientum_wp_v1_0/dlms_app/../dlms_app/storage/client_attribute_manager.o
                0x000000000804f968                Client_Attr_Manager_init
 .text.Client_Attribute_Manager_writeExportBillingData
                0x000000000804fa54       0x38 ../build/radientum_wp_v1_0/dlms_app/../dlms_app/storage/client_attribute_manager.o
                0x000000000804fa54                Client_Attribute_Manager_writeExportBillingData
 .text.Client_Attribute_Manager_readExportBillingData
                0x000000000804fa8c       0x1c ../build/radientum_wp_v1_0/dlms_app/../dlms_app/storage/client_attribute_manager.o
                0x000000000804fa8c                Client_Attribute_Manager_readExportBillingData
 .text.attr_commit
                0x000000000804faa8       0x50 ../build/radientum_wp_v1_0/dlms_app/../dlms_app/storage/server_attribute_manager.o
 .text.Server_Attr_Manager_reset
                0x000000000804faf8       0xac ../build/radientum_wp_v1_0/dlms_app/../dlms_app/storage/server_attribute_manager.o
                0x000000000804faf8                Server_Attr_Manager_reset
 .text.Server_Attr_Manager_init
                0x000000000804fba4       0xec ../build/radientum_wp_v1_0/dlms_app/../dlms_app/storage/server_attribute_manager.o
                0x000000000804fba4                Server_Attr_Manager_init
 .text.Server_Attr_Manager_commit
                0x000000000804fc90        0xe ../build/radientum_wp_v1_0/dlms_app/../dlms_app/storage/server_attribute_manager.o
                0x000000000804fc90                Server_Attr_Manager_commit
 *fill*         0x000000000804fc9e        0x2 
 .text.Server_Attribute_Manager_writeMeterSecurityMaterial
                0x000000000804fca0       0x3c ../build/radientum_wp_v1_0/dlms_app/../dlms_app/storage/server_attribute_manager.o
                0x000000000804fca0                Server_Attribute_Manager_writeMeterSecurityMaterial
 .text.Server_Attribute_Manager_readMeterSecurityMaterial
                0x000000000804fcdc       0x34 ../build/radientum_wp_v1_0/dlms_app/../dlms_app/storage/server_attribute_manager.o
                0x000000000804fcdc                Server_Attribute_Manager_readMeterSecurityMaterial
 .text.Server_Attribute_Manager_writeInstantaneousPushConfig
                0x000000000804fd10       0x10 ../build/radientum_wp_v1_0/dlms_app/../dlms_app/storage/server_attribute_manager.o
                0x000000000804fd10                Server_Attribute_Manager_writeInstantaneousPushConfig
 .text.Server_Attribute_Manager_readInstantaneousPushConfig
                0x000000000804fd20       0x10 ../build/radientum_wp_v1_0/dlms_app/../dlms_app/storage/server_attribute_manager.o
                0x000000000804fd20                Server_Attribute_Manager_readInstantaneousPushConfig
 .text.Server_Attribute_Manager_writeProfilePushConfig
                0x000000000804fd30       0x2c ../build/radientum_wp_v1_0/dlms_app/../dlms_app/storage/server_attribute_manager.o
                0x000000000804fd30                Server_Attribute_Manager_writeProfilePushConfig
 .text.Server_Attribute_Manager_readProfilePushConfig
                0x000000000804fd5c       0x10 ../build/radientum_wp_v1_0/dlms_app/../dlms_app/storage/server_attribute_manager.o
                0x000000000804fd5c                Server_Attribute_Manager_readProfilePushConfig
 .text.Server_Attribute_Manager_writeTransparentConfig
                0x000000000804fd6c       0x2c ../build/radientum_wp_v1_0/dlms_app/../dlms_app/storage/server_attribute_manager.o
                0x000000000804fd6c                Server_Attribute_Manager_writeTransparentConfig
 .text.Server_Attribute_Manager_readTransparentConfig
                0x000000000804fd98       0x10 ../build/radientum_wp_v1_0/dlms_app/../dlms_app/storage/server_attribute_manager.o
                0x000000000804fd98                Server_Attribute_Manager_readTransparentConfig
 .text.Server_Attribute_Manager_writeEncryptInvocationCounterNoCommit
                0x000000000804fda8        0xc ../build/radientum_wp_v1_0/dlms_app/../dlms_app/storage/server_attribute_manager.o
                0x000000000804fda8                Server_Attribute_Manager_writeEncryptInvocationCounterNoCommit
 .text.Server_Attribute_Manager_readEncryptInvocationCounter
                0x000000000804fdb4        0xc ../build/radientum_wp_v1_0/dlms_app/../dlms_app/storage/server_attribute_manager.o
                0x000000000804fdb4                Server_Attribute_Manager_readEncryptInvocationCounter
 .text.Server_Attribute_Manager_writeDecryptInvocationCounterNoCommit
                0x000000000804fdc0        0xc ../build/radientum_wp_v1_0/dlms_app/../dlms_app/storage/server_attribute_manager.o
                0x000000000804fdc0                Server_Attribute_Manager_writeDecryptInvocationCounterNoCommit
 .text.Server_Attribute_Manager_readDecryptInvocationCounter
                0x000000000804fdcc        0xc ../build/radientum_wp_v1_0/dlms_app/../dlms_app/storage/server_attribute_manager.o
                0x000000000804fdcc                Server_Attribute_Manager_readDecryptInvocationCounter
 .text.Server_Attribute_Manager_resetInvocationCounters
                0x000000000804fdd8       0x14 ../build/radientum_wp_v1_0/dlms_app/../dlms_app/storage/server_attribute_manager.o
                0x000000000804fdd8                Server_Attribute_Manager_resetInvocationCounters
 .text.Server_Attribute_Manager_writeMeterSerialNumber
                0x000000000804fdec       0x5c ../build/radientum_wp_v1_0/dlms_app/../dlms_app/storage/server_attribute_manager.o
                0x000000000804fdec                Server_Attribute_Manager_writeMeterSerialNumber
 .text.Server_Attribute_Manager_readMeterSerialNumber
                0x000000000804fe48       0x14 ../build/radientum_wp_v1_0/dlms_app/../dlms_app/storage/server_attribute_manager.o
                0x000000000804fe48                Server_Attribute_Manager_readMeterSerialNumber
 .text.Server_Attribute_Manager_writeMeterDeviceId
                0x000000000804fe5c       0x5c ../build/radientum_wp_v1_0/dlms_app/../dlms_app/storage/server_attribute_manager.o
                0x000000000804fe5c                Server_Attribute_Manager_writeMeterDeviceId
 .text.Server_Attribute_Manager_readMeterDeviceId
                0x000000000804feb8       0x14 ../build/radientum_wp_v1_0/dlms_app/../dlms_app/storage/server_attribute_manager.o
                0x000000000804feb8                Server_Attribute_Manager_readMeterDeviceId
 .text.Server_Attribute_Manager_readNicRegistrationStatus
                0x000000000804fecc       0x10 ../build/radientum_wp_v1_0/dlms_app/../dlms_app/storage/server_attribute_manager.o
                0x000000000804fecc                Server_Attribute_Manager_readNicRegistrationStatus
 .text.Server_Attribute_Manager_writeMeterFirmwareUpdateActivationOngoing
                0x000000000804fedc       0x2c ../build/radientum_wp_v1_0/dlms_app/../dlms_app/storage/server_attribute_manager.o
                0x000000000804fedc                Server_Attribute_Manager_writeMeterFirmwareUpdateActivationOngoing
 .text.Server_Attribute_Manager_readMeterFirmwareUpdateActivationOngoing
                0x000000000804ff08       0x10 ../build/radientum_wp_v1_0/dlms_app/../dlms_app/storage/server_attribute_manager.o
                0x000000000804ff08                Server_Attribute_Manager_readMeterFirmwareUpdateActivationOngoing
 .text.Server_Attribute_writeFixedDayBillingInfo
                0x000000000804ff18        0x2 ../build/radientum_wp_v1_0/dlms_app/../dlms_app/storage/server_attribute_manager.o
                0x000000000804ff18                Server_Attribute_writeFixedDayBillingInfo
 *fill*         0x000000000804ff1a        0x2 
 .text.Server_Attribute_readFixedDayBillingInfo
                0x000000000804ff1c       0x14 ../build/radientum_wp_v1_0/dlms_app/../dlms_app/storage/server_attribute_manager.o
                0x000000000804ff1c                Server_Attribute_readFixedDayBillingInfo
 .text.Wirepas_eol_testing_deinit
                0x000000000804ff30       0x54 ../build/radientum_wp_v1_0/dlms_app/../dlms_app/wirepas/wirepas_eol_testing.o
 .text.eol_testing_fill_result.constprop.0
                0x000000000804ff84       0x80 ../build/radientum_wp_v1_0/dlms_app/../dlms_app/wirepas/wirepas_eol_testing.o
 .text.handle_event
                0x0000000008050004       0xd0 ../build/radientum_wp_v1_0/dlms_app/../dlms_app/wirepas/wirepas_eol_testing.o
 .text.eol_test_timeout_task
                0x00000000080500d4       0x70 ../build/radientum_wp_v1_0/dlms_app/../dlms_app/wirepas/wirepas_eol_testing.o
 .text.meter_com_ok_notification_task
                0x0000000008050144       0x20 ../build/radientum_wp_v1_0/dlms_app/../dlms_app/wirepas/wirepas_eol_testing.o
 .text.eol_test_send_result_task
                0x0000000008050164       0x78 ../build/radientum_wp_v1_0/dlms_app/../dlms_app/wirepas/wirepas_eol_testing.o
 .text.stack_scan_end_cb
                0x00000000080501dc       0x3c ../build/radientum_wp_v1_0/dlms_app/../dlms_app/wirepas/wirepas_eol_testing.o
 .text.eol_test_sign_received_cb
                0x0000000008050218      0x12c ../build/radientum_wp_v1_0/dlms_app/../dlms_app/wirepas/wirepas_eol_testing.o
 .text.Wirepas_eol_testing_init
                0x0000000008050344       0x5c ../build/radientum_wp_v1_0/dlms_app/../dlms_app/wirepas/wirepas_eol_testing.o
                0x0000000008050344                Wirepas_eol_testing_init
 .text.Wirepas_eol_testing_notify_meter_com_ok
                0x00000000080503a0       0x24 ../build/radientum_wp_v1_0/dlms_app/../dlms_app/wirepas/wirepas_eol_testing.o
                0x00000000080503a0                Wirepas_eol_testing_notify_meter_com_ok
 .text.hashtable_remove.constprop.0
                0x00000000080503c4       0x80 ../build/radientum_wp_v1_0/dlms_app/../dlms_app/safemalloc/sfmalloc.o
 .text.hashtable_add.constprop.0.isra.0
                0x0000000008050444       0x88 ../build/radientum_wp_v1_0/dlms_app/../dlms_app/safemalloc/sfmalloc.o
 .text.sf_free_all
                0x00000000080504cc       0xa0 ../build/radientum_wp_v1_0/dlms_app/../dlms_app/safemalloc/sfmalloc.o
                0x00000000080504cc                sf_free_all
 .text.sf_init  0x000000000805056c       0x34 ../build/radientum_wp_v1_0/dlms_app/../dlms_app/safemalloc/sfmalloc.o
                0x000000000805056c                sf_init
 .text._sf_malloc
                0x00000000080505a0       0x70 ../build/radientum_wp_v1_0/dlms_app/../dlms_app/safemalloc/sfmalloc.o
                0x00000000080505a0                _sf_malloc
 .text._sf_calloc
                0x0000000008050610       0x78 ../build/radientum_wp_v1_0/dlms_app/../dlms_app/safemalloc/sfmalloc.o
                0x0000000008050610                _sf_calloc
 .text._sf_realloc
                0x0000000008050688       0xa8 ../build/radientum_wp_v1_0/dlms_app/../dlms_app/safemalloc/sfmalloc.o
                0x0000000008050688                _sf_realloc
 .text._sf_free
                0x0000000008050730       0x4c ../build/radientum_wp_v1_0/dlms_app/../dlms_app/safemalloc/sfmalloc.o
                0x0000000008050730                _sf_free
 .text.Uart_Trace_flush
                0x000000000805077c       0x34 ../build/radientum_wp_v1_0/dlms_app/../dlms_app/debug/uart_print.o
 .text.EUSART1_TX_IRQHandler
                0x00000000080507b0       0x6c ../build/radientum_wp_v1_0/dlms_app/../dlms_app/debug/uart_print.o
                0x00000000080507b0                EUSART1_TX_IRQHandler
 .text.Uart_Trace_sendBuffer
                0x000000000805081c       0xb0 ../build/radientum_wp_v1_0/dlms_app/../dlms_app/debug/uart_print.o
 .text.UartPrint_init
                0x00000000080508cc      0x11c ../build/radientum_wp_v1_0/dlms_app/../dlms_app/debug/uart_print.o
                0x00000000080508cc                UartPrint_init
 .text.UartPrint_printf
                0x00000000080509e8       0x5c ../build/radientum_wp_v1_0/dlms_app/../dlms_app/debug/uart_print.o
                0x00000000080509e8                UartPrint_printf
 .text.UartPrintTrace
                0x0000000008050a44       0x94 ../build/radientum_wp_v1_0/dlms_app/../dlms_app/debug/uart_print.o
                0x0000000008050a44                UartPrintTrace
 .text.UartPrintDump
                0x0000000008050ad8       0x4c ../build/radientum_wp_v1_0/dlms_app/../dlms_app/debug/uart_print.o
                0x0000000008050ad8                UartPrintDump
 .text.UartPrintFlush
                0x0000000008050b24       0x34 ../build/radientum_wp_v1_0/dlms_app/../dlms_app/debug/uart_print.o
                0x0000000008050b24                UartPrintFlush
 .text.trace_boot_print
                0x0000000008050b58       0x54 ../build/radientum_wp_v1_0/dlms_app/../dlms_app/debug/trace_boot.o
                0x0000000008050b58                trace_boot_print
 .text.Crc_fromBuffer
                0x0000000008050bac       0x2c ../build/radientum_wp_v1_0/dlms_app/util/crc.o
                0x0000000008050bac                Crc_fromBuffer
 .text.sl_list_init
                0x0000000008050bd8        0xa ../build/radientum_wp_v1_0/dlms_app/util/sl_list.o
                0x0000000008050bd8                sl_list_init
 .text.sl_list_next
                0x0000000008050be2        0x4 ../build/radientum_wp_v1_0/dlms_app/util/sl_list.o
                0x0000000008050be2                sl_list_next
 .text.sl_list_push_back
                0x0000000008050be6       0x1a ../build/radientum_wp_v1_0/dlms_app/util/sl_list.o
                0x0000000008050be6                sl_list_push_back
 .text.sl_list_remove
                0x0000000008050c00       0x2a ../build/radientum_wp_v1_0/dlms_app/util/sl_list.o
                0x0000000008050c00                sl_list_remove
 .text.sl_list_contains
                0x0000000008050c2a        0xe ../build/radientum_wp_v1_0/dlms_app/util/sl_list.o
                0x0000000008050c2a                sl_list_contains
 .text.Util_isLtUint32
                0x0000000008050c38        0x6 ../build/radientum_wp_v1_0/dlms_app/util/util.o
                0x0000000008050c38                Util_isLtUint32
 *fill*         0x0000000008050c3e        0x2 
 .text.open_lib_with_fallback
                0x0000000008050c40       0x3c ../build/radientum_wp_v1_0/dlms_app/util/api.o
 .text.API_Open
                0x0000000008050c7c      0x138 ../build/radientum_wp_v1_0/dlms_app/util/api.o
                0x0000000008050c7c                API_Open
 .text.random_update
                0x0000000008050db4       0x38 ../build/radientum_wp_v1_0/dlms_app/util/random.o
 .text.Random_init
                0x0000000008050dec       0x10 ../build/radientum_wp_v1_0/dlms_app/util/random.o
                0x0000000008050dec                Random_init
 .text.Random_get32
                0x0000000008050dfc       0x10 ../build/radientum_wp_v1_0/dlms_app/util/random.o
                0x0000000008050dfc                Random_get32
 .text._sbrk    0x0000000008050e0c       0x4c ../build/radientum_wp_v1_0/dlms_app/util/syscalls.o
                0x0000000008050e0c                _sbrk
 .text.append_to_buffer
                0x0000000008050e58       0x36 ../build/radientum_wp_v1_0/dlms_app/util/tinycbor/src/cborencoder.o
 .text.encode_number_no_update
                0x0000000008050e8e       0x5e ../build/radientum_wp_v1_0/dlms_app/util/tinycbor/src/cborencoder.o
 .text.encode_number
                0x0000000008050eec       0x18 ../build/radientum_wp_v1_0/dlms_app/util/tinycbor/src/cborencoder.o
 .text.create_container
                0x0000000008050f04       0x50 ../build/radientum_wp_v1_0/dlms_app/util/tinycbor/src/cborencoder.o
 .text.cbor_encoder_init
                0x0000000008050f54        0xe ../build/radientum_wp_v1_0/dlms_app/util/tinycbor/src/cborencoder.o
                0x0000000008050f54                cbor_encoder_init
 .text.cbor_encode_uint
                0x0000000008050f62       0x10 ../build/radientum_wp_v1_0/dlms_app/util/tinycbor/src/cborencoder.o
                0x0000000008050f62                cbor_encode_uint
 .text.cbor_encode_byte_string
                0x0000000008050f72       0x24 ../build/radientum_wp_v1_0/dlms_app/util/tinycbor/src/cborencoder.o
                0x0000000008050f72                cbor_encode_byte_string
 .text.cbor_encode_text_string
                0x0000000008050f96       0x24 ../build/radientum_wp_v1_0/dlms_app/util/tinycbor/src/cborencoder.o
                0x0000000008050f96                cbor_encode_text_string
 .text.cbor_encoder_create_map
                0x0000000008050fba       0x22 ../build/radientum_wp_v1_0/dlms_app/util/tinycbor/src/cborencoder.o
                0x0000000008050fba                cbor_encoder_create_map
 .text.cbor_encoder_close_container
                0x0000000008050fdc       0x48 ../build/radientum_wp_v1_0/dlms_app/util/tinycbor/src/cborencoder.o
                0x0000000008050fdc                cbor_encoder_close_container
 .text.is_fixed_type
                0x0000000008051024       0x14 ../build/radientum_wp_v1_0/dlms_app/util/tinycbor/src/cborparser.o
 .text.iterate_noop
                0x0000000008051038        0x4 ../build/radientum_wp_v1_0/dlms_app/util/tinycbor/src/cborparser.o
 .text.preparse_value
                0x000000000805103c       0xe4 ../build/radientum_wp_v1_0/dlms_app/util/tinycbor/src/cborparser.o
 .text.preparse_next_value_nodecrement
                0x0000000008051120       0x28 ../build/radientum_wp_v1_0/dlms_app/util/tinycbor/src/cborparser.o
 .text.preparse_next_value
                0x0000000008051148       0x1e ../build/radientum_wp_v1_0/dlms_app/util/tinycbor/src/cborparser.o
 .text.iterate_memcpy
                0x0000000008051166        0x4 ../build/radientum_wp_v1_0/dlms_app/util/tinycbor/src/cborparser.o
 .text._cbor_value_extract_number
                0x000000000805116a       0x80 ../build/radientum_wp_v1_0/dlms_app/util/tinycbor/src/cborparser.o
                0x000000000805116a                _cbor_value_extract_number
 .text.advance_internal
                0x00000000080511ea       0x2c ../build/radientum_wp_v1_0/dlms_app/util/tinycbor/src/cborparser.o
 .text.get_string_chunk
                0x0000000008051216       0x9c ../build/radientum_wp_v1_0/dlms_app/util/tinycbor/src/cborparser.o